Archive member included to satisfy reference by file (symbol)

FUTs/libstm32_crc_fut.a(crc_fut.c.obj)
                              CMakeFiles/crc_test.dir/main.cpp.obj (crc32_eth_simple)
embench/printers/rtt/libprinter_rtt.a(printer_rtt.cpp.obj)
                              CMakeFiles/crc_test.dir/main.cpp.obj (embpp::print::RTT::print(char*))
embench/printers/rtt/libprinter_rtt.a(SEGGER_RTT_printf.c.obj)
                              embench/printers/rtt/libprinter_rtt.a(printer_rtt.cpp.obj) (SEGGER_RTT_printf)
embench/printers/rtt/libprinter_rtt.a(SEGGER_RTT.c.obj)
                              embench/printers/rtt/libprinter_rtt.a(SEGGER_RTT_printf.c.obj) (SEGGER_RTT_Write)
embench/proc/min_max_avg/libproc_min_max_avg.a(proc_min_max_avg.cpp.obj)
                              CMakeFiles/crc_test.dir/main.cpp.obj (embpp::proc::MinMaxAvg::process(std::span<unsigned long const, 4294967295u>))
/usr/lib/gcc/arm-none-eabi/12.2.1/../../../arm-none-eabi/lib/thumb/v7e-m+fp/hard/libc_nano.a(lib_a-atexit.o)
                              /usr/lib/gcc/arm-none-eabi/12.2.1/../../../arm-none-eabi/lib/thumb/v7e-m+fp/hard/crt0.o (atexit)
/usr/lib/gcc/arm-none-eabi/12.2.1/../../../arm-none-eabi/lib/thumb/v7e-m+fp/hard/libc_nano.a(lib_a-errno.o)
                              CMakeFiles/crc_test.dir/Core/Src/sysmem.c.obj (__errno)
/usr/lib/gcc/arm-none-eabi/12.2.1/../../../arm-none-eabi/lib/thumb/v7e-m+fp/hard/libc_nano.a(lib_a-exit.o)
                              /usr/lib/gcc/arm-none-eabi/12.2.1/../../../arm-none-eabi/lib/thumb/v7e-m+fp/hard/crt0.o (exit)
/usr/lib/gcc/arm-none-eabi/12.2.1/../../../arm-none-eabi/lib/thumb/v7e-m+fp/hard/libc_nano.a(lib_a-fini.o)
                              /usr/lib/gcc/arm-none-eabi/12.2.1/../../../arm-none-eabi/lib/thumb/v7e-m+fp/hard/crt0.o (__libc_fini_array)
/usr/lib/gcc/arm-none-eabi/12.2.1/../../../arm-none-eabi/lib/thumb/v7e-m+fp/hard/libc_nano.a(lib_a-impure.o)
                              /usr/lib/gcc/arm-none-eabi/12.2.1/../../../arm-none-eabi/lib/thumb/v7e-m+fp/hard/libc_nano.a(lib_a-exit.o) (_global_impure_ptr)
/usr/lib/gcc/arm-none-eabi/12.2.1/../../../arm-none-eabi/lib/thumb/v7e-m+fp/hard/libc_nano.a(lib_a-init.o)
                              /usr/lib/gcc/arm-none-eabi/12.2.1/../../../arm-none-eabi/lib/thumb/v7e-m+fp/hard/crt0.o (__libc_init_array)
/usr/lib/gcc/arm-none-eabi/12.2.1/../../../arm-none-eabi/lib/thumb/v7e-m+fp/hard/libc_nano.a(lib_a-memcpy.o)
                              embench/printers/rtt/libprinter_rtt.a(SEGGER_RTT.c.obj) (memcpy)
/usr/lib/gcc/arm-none-eabi/12.2.1/../../../arm-none-eabi/lib/thumb/v7e-m+fp/hard/libc_nano.a(lib_a-memset.o)
                              /usr/lib/gcc/arm-none-eabi/12.2.1/../../../arm-none-eabi/lib/thumb/v7e-m+fp/hard/crt0.o (memset)
/usr/lib/gcc/arm-none-eabi/12.2.1/../../../arm-none-eabi/lib/thumb/v7e-m+fp/hard/libc_nano.a(lib_a-snprintf.o)
                              embench/proc/min_max_avg/libproc_min_max_avg.a(proc_min_max_avg.cpp.obj) (snprintf)
/usr/lib/gcc/arm-none-eabi/12.2.1/../../../arm-none-eabi/lib/thumb/v7e-m+fp/hard/libc_nano.a(lib_a-strlen.o)
                              embench/printers/rtt/libprinter_rtt.a(SEGGER_RTT.c.obj) (strlen)
/usr/lib/gcc/arm-none-eabi/12.2.1/../../../arm-none-eabi/lib/thumb/v7e-m+fp/hard/libc_nano.a(lib_a-__atexit.o)
                              /usr/lib/gcc/arm-none-eabi/12.2.1/../../../arm-none-eabi/lib/thumb/v7e-m+fp/hard/libc_nano.a(lib_a-atexit.o) (__register_exitproc)
/usr/lib/gcc/arm-none-eabi/12.2.1/../../../arm-none-eabi/lib/thumb/v7e-m+fp/hard/libc_nano.a(lib_a-__call_atexit.o)
                              /usr/lib/gcc/arm-none-eabi/12.2.1/../../../arm-none-eabi/lib/thumb/v7e-m+fp/hard/libc_nano.a(lib_a-__atexit.o) (__call_exitprocs)
/usr/lib/gcc/arm-none-eabi/12.2.1/../../../arm-none-eabi/lib/thumb/v7e-m+fp/hard/libc_nano.a(lib_a-nano-svfprintf.o)
                              /usr/lib/gcc/arm-none-eabi/12.2.1/../../../arm-none-eabi/lib/thumb/v7e-m+fp/hard/libc_nano.a(lib_a-snprintf.o) (_svfprintf_r)
/usr/lib/gcc/arm-none-eabi/12.2.1/../../../arm-none-eabi/lib/thumb/v7e-m+fp/hard/libc_nano.a(lib_a-nano-vfprintf_i.o)
                              /usr/lib/gcc/arm-none-eabi/12.2.1/../../../arm-none-eabi/lib/thumb/v7e-m+fp/hard/libc_nano.a(lib_a-nano-svfprintf.o) (_printf_i)
/usr/lib/gcc/arm-none-eabi/12.2.1/../../../arm-none-eabi/lib/thumb/v7e-m+fp/hard/libc_nano.a(lib_a-memchr.o)
                              /usr/lib/gcc/arm-none-eabi/12.2.1/../../../arm-none-eabi/lib/thumb/v7e-m+fp/hard/libc_nano.a(lib_a-nano-svfprintf.o) (memchr)
/usr/lib/gcc/arm-none-eabi/12.2.1/../../../arm-none-eabi/lib/thumb/v7e-m+fp/hard/libc_nano.a(lib_a-memmove.o)
                              /usr/lib/gcc/arm-none-eabi/12.2.1/../../../arm-none-eabi/lib/thumb/v7e-m+fp/hard/libc_nano.a(lib_a-nano-svfprintf.o) (memmove)
/usr/lib/gcc/arm-none-eabi/12.2.1/../../../arm-none-eabi/lib/thumb/v7e-m+fp/hard/libc_nano.a(lib_a-nano-freer.o)
[...]
Memory Configuration

Name             Origin             Length             Attributes
RAM              0x20000000         0x00020000         xrw
FLASH            0x08000000         0x00080000         xr
*default*        0x00000000         0xffffffff

Linker script and memory map

LOAD /usr/lib/gcc/arm-none-eabi/12.2.1/thumb/v7e-m+fp/hard/crti.o
LOAD /usr/lib/gcc/arm-none-eabi/12.2.1/thumb/v7e-m+fp/hard/crtbegin.o
LOAD /usr/lib/gcc/arm-none-eabi/12.2.1/../../../arm-none-eabi/lib/thumb/v7e-m+fp/hard/crt0.o
START GROUP
END GROUP
START GROUP
LOAD /usr/lib/gcc/arm-none-eabi/12.2.1/../../../arm-none-eabi/lib/thumb/v7e-m+fp/hard/libstdc++_nano.a
LOAD /usr/lib/gcc/arm-none-eabi/12.2.1/../../../arm-none-eabi/lib/thumb/v7e-m+fp/hard/libsupc++_nano.a
END GROUP
LOAD CMakeFiles/crc_test.dir/main.cpp.obj
LOAD CMakeFiles/crc_test.dir/Core/Src/main.c.obj
LOAD CMakeFiles/crc_test.dir/Core/Src/gpio.c.obj
LOAD CMakeFiles/crc_test.dir/Core/Src/crc.c.obj
LOAD CMakeFiles/crc_test.dir/Core/Src/usart.c.obj
LOAD CMakeFiles/crc_test.dir/Core/Src/stm32f4xx_it.c.obj
LOAD CMakeFiles/crc_test.dir/Core/Src/stm32f4xx_hal_msp.c.obj
LOAD CMakeFiles/crc_test.dir/Drivers/STM32F4xx_HAL_Driver/Src/stm32f4xx_hal_crc.c.obj
LOAD CMakeFiles/crc_test.dir/Drivers/STM32F4xx_HAL_Driver/Src/stm32f4xx_hal_rcc.c.obj
LOAD CMakeFiles/crc_test.dir/Drivers/STM32F4xx_HAL_Driver/Src/stm32f4xx_hal_rcc_ex.c.obj
LOAD CMakeFiles/crc_test.dir/Drivers/STM32F4xx_HAL_Driver/Src/stm32f4xx_hal_flash.c.obj
LOAD CMakeFiles/crc_test.dir/Drivers/STM32F4xx_HAL_Driver/Src/stm32f4xx_hal_flash_ex.c.obj
LOAD CMakeFiles/crc_test.dir/Drivers/STM32F4xx_HAL_Driver/Src/stm32f4xx_hal_flash_ramfunc.c.obj
LOAD CMakeFiles/crc_test.dir/Drivers/STM32F4xx_HAL_Driver/Src/stm32f4xx_hal_gpio.c.obj
LOAD CMakeFiles/crc_test.dir/Drivers/STM32F4xx_HAL_Driver/Src/stm32f4xx_hal_dma_ex.c.obj
LOAD CMakeFiles/crc_test.dir/Drivers/STM32F4xx_HAL_Driver/Src/stm32f4xx_hal_dma.c.obj
LOAD CMakeFiles/crc_test.dir/Drivers/STM32F4xx_HAL_Driver/Src/stm32f4xx_hal_pwr.c.obj
LOAD CMakeFiles/crc_test.dir/Drivers/STM32F4xx_HAL_Driver/Src/stm32f4xx_hal_pwr_ex.c.obj
LOAD CMakeFiles/crc_test.dir/Drivers/STM32F4xx_HAL_Driver/Src/stm32f4xx_hal_cortex.c.obj
LOAD CMakeFiles/crc_test.dir/Drivers/STM32F4xx_HAL_Driver/Src/stm32f4xx_hal.c.obj
LOAD CMakeFiles/crc_test.dir/Drivers/STM32F4xx_HAL_Driver/Src/stm32f4xx_hal_exti.c.obj
LOAD CMakeFiles/crc_test.dir/Drivers/STM32F4xx_HAL_Driver/Src/stm32f4xx_hal_tim.c.obj
LOAD CMakeFiles/crc_test.dir/Drivers/STM32F4xx_HAL_Driver/Src/stm32f4xx_hal_tim_ex.c.obj
LOAD CMakeFiles/crc_test.dir/Drivers/STM32F4xx_HAL_Driver/Src/stm32f4xx_hal_uart.c.obj
LOAD CMakeFiles/crc_test.dir/Core/Src/system_stm32f4xx.c.obj
LOAD CMakeFiles/crc_test.dir/Core/Src/sysmem.c.obj
LOAD CMakeFiles/crc_test.dir/Core/Src/syscalls.c.obj
LOAD CMakeFiles/crc_test.dir/startup_stm32f411xe.s.obj
LOAD FUTs/libstm32_crc_fut.a
LOAD embench/printers/rtt/libprinter_rtt.a
LOAD embench/proc/min_max_avg/libproc_min_max_avg.a
LOAD /usr/lib/gcc/arm-none-eabi/12.2.1/../../../arm-none-eabi/lib/thumb/v7e-m+fp/hard/libstdc++_nano.a
LOAD /usr/lib/gcc/arm-none-eabi/12.2.1/../../../arm-none-eabi/lib/thumb/v7e-m+fp/hard/libm.a
LOAD /usr/lib/gcc/arm-none-eabi/12.2.1/../../../arm-none-eabi/lib/thumb/v7e-m+fp/hard/libc_nano.a
START GROUP
LOAD /usr/lib/gcc/arm-none-eabi/12.2.1/thumb/v7e-m+fp/hard/libgcc.a
LOAD /usr/lib/gcc/arm-none-eabi/12.2.1/../../../arm-none-eabi/lib/thumb/v7e-m+fp/hard/libg_nano.a
LOAD /usr/lib/gcc/arm-none-eabi/12.2.1/../../../arm-none-eabi/lib/thumb/v7e-m+fp/hard/libc_nano.a
END GROUP
START GROUP
LOAD /usr/lib/gcc/arm-none-eabi/12.2.1/thumb/v7e-m+fp/hard/libgcc.a
LOAD /usr/lib/gcc/arm-none-eabi/12.2.1/../../../arm-none-eabi/lib/thumb/v7e-m+fp/hard/libc_nano.a
END GROUP
LOAD /usr/lib/gcc/arm-none-eabi/12.2.1/thumb/v7e-m+fp/hard/crtend.o
LOAD /usr/lib/gcc/arm-none-eabi/12.2.1/thumb/v7e-m+fp/hard/crtn.o
                0x20020000                        _estack = (ORIGIN (RAM) + LENGTH (RAM))
                0x00000200                        _Min_Heap_Size = 0x200
                0x00000400                        _Min_Stack_Size = 0x400

.isr_vector     0x08000000      0x198
                0x08000000                        . = ALIGN (0x4)
 *(.isr_vector)
 .isr_vector    0x08000000      0x198 CMakeFiles/crc_test.dir/startup_stm32f411xe.s.obj
                0x08000000                g_pfnVectors
                0x08000198                        . = ALIGN (0x4)

.text           0x080001a0     0x29d4
                0x080001a0                        . = ALIGN (0x4)
 *(.text)
 .text          0x080001a0       0x88 /usr/lib/gcc/arm-none-eabi/12.2.1/thumb/v7e-m+fp/hard/crtbegin.o
 .text          0x08000228        0xc /usr/lib/gcc/arm-none-eabi/12.2.1/../../../arm-none-eabi/lib/thumb/v7e-m+fp/hard/libc_nano.a(lib_a-errno.o)
                0x08000228                __errno
 .text          0x08000234       0x50 /usr/lib/gcc/arm-none-eabi/12.2.1/../../../arm-none-eabi/lib/thumb/v7e-m+fp/hard/libc_nano.a(lib_a-init.o)
                0x08000234                __libc_init_array
 .text          0x08000284      0x134 /usr/lib/gcc/arm-none-eabi/12.2.1/../../../arm-none-eabi/lib/thumb/v7e-m+fp/hard/libc_nano.a(lib_a-memcpy.o)
                0x08000284                memcpy
 .text          0x080003b8       0xa4 /usr/lib/gcc/arm-none-eabi/12.2.1/../../../arm-none-eabi/lib/thumb/v7e-m+fp/hard/libc_nano.a(lib_a-memset.o)
                0x080003b8                memset
 .text          0x0800045c      0x108 /usr/lib/gcc/arm-none-eabi/12.2.1/../../../arm-none-eabi/lib/thumb/v7e-m+fp/hard/libc_nano.a(lib_a-snprintf.o)
                0x0800045c                _sniprintf_r
                0x0800045c                _snprintf_r
                0x080004dc                snprintf
                0x080004dc                sniprintf
 .text          0x08000564      0x3e8 /usr/lib/gcc/arm-none-eabi/12.2.1/../../../arm-none-eabi/lib/thumb/v7e-m+fp/hard/libc_nano.a(lib_a-nano-svfprintf.o)
                0x08000564                __ssputs_r
                0x08000628                __ssprint_r
                0x08000724                _svfprintf_r
                0x08000724                _svfiprintf_r
 .text          0x0800094c      0x3d0 /usr/lib/gcc/arm-none-eabi/12.2.1/../../../arm-none-eabi/lib/thumb/v7e-m+fp/hard/libc_nano.a(lib_a-nano-vfprintf_i.o)
                0x0800094c                _printf_common
                0x08000a74                _printf_i
 *fill*         0x08000d1c        0x4 
 .text          0x08000d20       0xa0 /usr/lib/gcc/arm-none-eabi/12.2.1/../../../arm-none-eabi/lib/thumb/v7e-m+fp/hard/libc_nano.a(lib_a-memchr.o)
                0x08000d20                memchr
 .text          0x08000dc0      0x100 /usr/lib/gcc/arm-none-eabi/12.2.1/../../../arm-none-eabi/lib/thumb/v7e-m+fp/hard/libc_nano.a(lib_a-memmove.o)
                0x08000dc0                memmove
 .text          0x08000ec0       0xbc /usr/lib/gcc/arm-none-eabi/12.2.1/../../../arm-none-eabi/lib/thumb/v7e-m+fp/hard/libc_nano.a(lib_a-nano-freer.o)
                0x08000ec0                _free_r
 .text          0x08000f7c       0xb4 /usr/lib/gcc/arm-none-eabi/12.2.1/../../../arm-none-eabi/lib/thumb/v7e-m+fp/hard/libc_nano.a(lib_a-nano-mallocr.o)
                0x08000f7c                _malloc_r
 .text          0x08001030       0x50 /usr/lib/gcc/arm-none-eabi/12.2.1/../../../arm-none-eabi/lib/thumb/v7e-m+fp/hard/libc_nano.a(lib_a-nano-reallocr.o)
                0x08001030                _realloc_r
 .text          0x08001080       0x24 /usr/lib/gcc/arm-none-eabi/12.2.1/../../../arm-none-eabi/lib/thumb/v7e-m+fp/hard/libc_nano.a(lib_a-sbrkr.o)
                0x08001080                _sbrk_r
 .text          0x080010a4        0x8 /usr/lib/gcc/arm-none-eabi/12.2.1/../../../arm-none-eabi/lib/thumb/v7e-m+fp/hard/libc_nano.a(lib_a-mlock.o)
                0x080010a4                __malloc_lock
                0x080010a8                __malloc_unlock
 .text          0x080010ac       0x14 /usr/lib/gcc/arm-none-eabi/12.2.1/../../../arm-none-eabi/lib/thumb/v7e-m+fp/hard/libc_nano.a(lib_a-nano-msizer.o)
                0x080010ac                _malloc_usable_size_r
 .text          0x080010c0       0x30 /usr/lib/gcc/arm-none-eabi/12.2.1/thumb/v7e-m+fp/hard/libgcc.a(_aeabi_uldivmod.o)
                0x080010c0                __aeabi_uldivmod
 .text          0x080010f0      0x2bc /usr/lib/gcc/arm-none-eabi/12.2.1/thumb/v7e-m+fp/hard/libgcc.a(_udivmoddi4.o)
                0x080010f0                __udivmoddi4
 .text          0x080013ac        0x4 /usr/lib/gcc/arm-none-eabi/12.2.1/thumb/v7e-m+fp/hard/libgcc.a(_dvmd_tls.o)
                0x080013ac                __aeabi_ldiv0
                0x080013ac                __aeabi_idiv0
 *(.text*)
 .text._Z8bsp_initv
                0x080013b0       0x18 CMakeFiles/crc_test.dir/main.cpp.obj
                0x080013b0                bsp_init()
 .text.startup.main
                0x080013c8      0x148 CMakeFiles/crc_test.dir/main.cpp.obj
                0x080013c8                main
 .text.SystemClock_Config
                0x08001510       0xa0 CMakeFiles/crc_test.dir/Core/Src/main.c.obj
                0x08001510                SystemClock_Config
 .text.Error_Handler
                0x080015b0        0x4 CMakeFiles/crc_test.dir/Core/Src/main.c.obj
                0x080015b0                Error_Handler
 .text.MX_GPIO_Init
                0x080015b4       0xa8 CMakeFiles/crc_test.dir/Core/Src/gpio.c.obj
                0x080015b4                MX_GPIO_Init
 .text.MX_CRC_Init
                0x0800165c       0x20 CMakeFiles/crc_test.dir/Core/Src/crc.c.obj
                0x0800165c                MX_CRC_Init
 .text.HAL_CRC_MspInit
                0x0800167c       0x34 CMakeFiles/crc_test.dir/Core/Src/crc.c.obj
                0x0800167c                HAL_CRC_MspInit
 .text.MX_USART2_UART_Init
                0x080016b0       0x38 CMakeFiles/crc_test.dir/Core/Src/usart.c.obj
                0x080016b0                MX_USART2_UART_Init
 .text.HAL_UART_MspInit
                0x080016e8       0x78 CMakeFiles/crc_test.dir/Core/Src/usart.c.obj
                0x080016e8                HAL_UART_MspInit
 .text.NMI_Handler
                0x08001760        0x4 CMakeFiles/crc_test.dir/Core/Src/stm32f4xx_it.c.obj
                0x08001760                NMI_Handler
 .text.HardFault_Handler
                0x08001764        0x4 CMakeFiles/crc_test.dir/Core/Src/stm32f4xx_it.c.obj
                0x08001764                HardFault_Handler
 .text.MemManage_Handler
                0x08001768        0x4 CMakeFiles/crc_test.dir/Core/Src/stm32f4xx_it.c.obj
                0x08001768                MemManage_Handler
 .text.BusFault_Handler
                0x0800176c        0x4 CMakeFiles/crc_test.dir/Core/Src/stm32f4xx_it.c.obj
                0x0800176c                BusFault_Handler
 .text.UsageFault_Handler
                0x08001770        0x4 CMakeFiles/crc_test.dir/Core/Src/stm32f4xx_it.c.obj
                0x08001770                UsageFault_Handler
 .text.SVC_Handler
                0x08001774        0x4 CMakeFiles/crc_test.dir/Core/Src/stm32f4xx_it.c.obj
                0x08001774                SVC_Handler
 .text.DebugMon_Handler
                0x08001778        0x4 CMakeFiles/crc_test.dir/Core/Src/stm32f4xx_it.c.obj
                0x08001778                DebugMon_Handler
 .text.PendSV_Handler
                0x0800177c        0x4 CMakeFiles/crc_test.dir/Core/Src/stm32f4xx_it.c.obj
                0x0800177c                PendSV_Handler
 .text.SysTick_Handler
                0x08001780        0x4 CMakeFiles/crc_test.dir/Core/Src/stm32f4xx_it.c.obj
                0x08001780                SysTick_Handler
 .text.HAL_CRC_Init
                0x08001784       0x28 CMakeFiles/crc_test.dir/Drivers/STM32F4xx_HAL_Driver/Src/stm32f4xx_hal_crc.c.obj
                0x08001784                HAL_CRC_Init
 .text.HAL_CRC_Accumulate
                0x080017ac       0x30 CMakeFiles/crc_test.dir/Drivers/STM32F4xx_HAL_Driver/Src/stm32f4xx_hal_crc.c.obj
                0x080017ac                HAL_CRC_Accumulate
 .text.HAL_CRC_Calculate
                0x080017dc       0x34 CMakeFiles/crc_test.dir/Drivers/STM32F4xx_HAL_Driver/Src/stm32f4xx_hal_crc.c.obj
                0x080017dc                HAL_CRC_Calculate
 .text.HAL_RCC_OscConfig
                0x08001810      0x3c4 CMakeFiles/crc_test.dir/Drivers/STM32F4xx_HAL_Driver/Src/stm32f4xx_hal_rcc.c.obj
                0x08001810                HAL_RCC_OscConfig
 .text.HAL_RCC_GetSysClockFreq
                0x08001bd4       0x68 CMakeFiles/crc_test.dir/Drivers/STM32F4xx_HAL_Driver/Src/stm32f4xx_hal_rcc.c.obj
                0x08001bd4                HAL_RCC_GetSysClockFreq
 .text.HAL_RCC_ClockConfig
                0x08001c3c      0x13c CMakeFiles/crc_test.dir/Drivers/STM32F4xx_HAL_Driver/Src/stm32f4xx_hal_rcc.c.obj
                0x08001c3c                HAL_RCC_ClockConfig
 .text.HAL_RCC_GetPCLK1Freq
                0x08001d78       0x20 CMakeFiles/crc_test.dir/Drivers/STM32F4xx_HAL_Driver/Src/stm32f4xx_hal_rcc.c.obj
                0x08001d78                HAL_RCC_GetPCLK1Freq
 .text.HAL_RCC_GetPCLK2Freq
                0x08001d98       0x20 CMakeFiles/crc_test.dir/Drivers/STM32F4xx_HAL_Driver/Src/stm32f4xx_hal_rcc.c.obj
                0x08001d98                HAL_RCC_GetPCLK2Freq
 .text.HAL_GPIO_Init
                0x08001db8      0x210 CMakeFiles/crc_test.dir/Drivers/STM32F4xx_HAL_Driver/Src/stm32f4xx_hal_gpio.c.obj
                0x08001db8                HAL_GPIO_Init
 .text.HAL_GPIO_WritePin
                0x08001fc8        0x8 CMakeFiles/crc_test.dir/Drivers/STM32F4xx_HAL_Driver/Src/stm32f4xx_hal_gpio.c.obj
                0x08001fc8                HAL_GPIO_WritePin
 .text.HAL_NVIC_SetPriority
                0x08001fd0       0x7c CMakeFiles/crc_test.dir/Drivers/STM32F4xx_HAL_Driver/Src/stm32f4xx_hal_cortex.c.obj
                0x08001fd0                HAL_NVIC_SetPriority
 .text.HAL_SYSTICK_Config
                0x0800204c       0x34 CMakeFiles/crc_test.dir/Drivers/STM32F4xx_HAL_Driver/Src/stm32f4xx_hal_cortex.c.obj
                0x0800204c                HAL_SYSTICK_Config
 .text.HAL_InitTick
                0x08002080       0x48 CMakeFiles/crc_test.dir/Drivers/STM32F4xx_HAL_Driver/Src/stm32f4xx_hal.c.obj
                0x08002080                HAL_InitTick
 .text.HAL_IncTick
                0x080020c8       0x18 CMakeFiles/crc_test.dir/Drivers/STM32F4xx_HAL_Driver/Src/stm32f4xx_hal.c.obj
                0x080020c8                HAL_IncTick
 .text.HAL_GetTick
                0x080020e0        0xc CMakeFiles/crc_test.dir/Drivers/STM32F4xx_HAL_Driver/Src/stm32f4xx_hal.c.obj
                0x080020e0                HAL_GetTick
 .text.UART_SetConfig
                0x080020ec       0xdc CMakeFiles/crc_test.dir/Drivers/STM32F4xx_HAL_Driver/Src/stm32f4xx_hal_uart.c.obj
 .text.HAL_UART_Init
                0x080021c8       0x64 CMakeFiles/crc_test.dir/Drivers/STM32F4xx_HAL_Driver/Src/stm32f4xx_hal_uart.c.obj
                0x080021c8                HAL_UART_Init
 .text.SystemInit
                0x0800222c       0x14 CMakeFiles/crc_test.dir/Core/Src/system_stm32f4xx.c.obj
                0x0800222c                SystemInit
 .text._sbrk    0x08002240       0x44 CMakeFiles/crc_test.dir/Core/Src/sysmem.c.obj
                0x08002240                _sbrk
 .text.Reset_Handler
                0x08002284       0x50 CMakeFiles/crc_test.dir/startup_stm32f411xe.s.obj
                0x08002284                Reset_Handler
 .text.Default_Handler
                0x080022d4        0x2 CMakeFiles/crc_test.dir/startup_stm32f411xe.s.obj
                0x080022d4                RTC_Alarm_IRQHandler
                0x080022d4                EXTI2_IRQHandler
                0x080022d4                SPI4_IRQHandler
                0x080022d4                TIM1_CC_IRQHandler
                0x080022d4                DMA2_Stream5_IRQHandler
                0x080022d4                DMA1_Stream5_IRQHandler
                0x080022d4                PVD_IRQHandler
                0x080022d4                SDIO_IRQHandler
                0x080022d4                TAMP_STAMP_IRQHandler
                0x080022d4                EXTI3_IRQHandler
                0x080022d4                TIM1_UP_TIM10_IRQHandler
                0x080022d4                I2C3_ER_IRQHandler
                0x080022d4                EXTI0_IRQHandler
                0x080022d4                I2C2_EV_IRQHandler
                0x080022d4                DMA1_Stream2_IRQHandler
                0x080022d4                FPU_IRQHandler
                0x080022d4                DMA2_Stream2_IRQHandler
                0x080022d4                SPI1_IRQHandler
                0x080022d4                TIM1_BRK_TIM9_IRQHandler
                0x080022d4                DMA2_Stream3_IRQHandler
                0x080022d4                USART6_IRQHandler
                0x080022d4                DMA2_Stream0_IRQHandler
                0x080022d4                TIM4_IRQHandler
                0x080022d4                I2C1_EV_IRQHandler
                0x080022d4                DMA1_Stream6_IRQHandler
                0x080022d4                DMA1_Stream1_IRQHandler
                0x080022d4                TIM3_IRQHandler
                0x080022d4                RCC_IRQHandler
                0x080022d4                Default_Handler
                0x080022d4                EXTI15_10_IRQHandler
                0x080022d4                ADC_IRQHandler
                0x080022d4                DMA1_Stream7_IRQHandler
                0x080022d4                SPI5_IRQHandler
                0x080022d4                TIM5_IRQHandler
                0x080022d4                DMA2_Stream7_IRQHandler
                0x080022d4                I2C3_EV_IRQHandler
                0x080022d4                EXTI9_5_IRQHandler
                0x080022d4                RTC_WKUP_IRQHandler
                0x080022d4                SPI2_IRQHandler
                0x080022d4                DMA1_Stream0_IRQHandler
                0x080022d4                EXTI4_IRQHandler
                0x080022d4                WWDG_IRQHandler
                0x080022d4                TIM2_IRQHandler
                0x080022d4                OTG_FS_WKUP_IRQHandler
                0x080022d4                TIM1_TRG_COM_TIM11_IRQHandler
                0x080022d4                EXTI1_IRQHandler
                0x080022d4                USART2_IRQHandler
                0x080022d4                I2C2_ER_IRQHandler
                0x080022d4                DMA2_Stream1_IRQHandler
                0x080022d4                FLASH_IRQHandler
                0x080022d4                DMA2_Stream4_IRQHandler
                0x080022d4                USART1_IRQHandler
                0x080022d4                OTG_FS_IRQHandler
                0x080022d4                SPI3_IRQHandler
                0x080022d4                DMA1_Stream4_IRQHandler
                0x080022d4                I2C1_ER_IRQHandler
                0x080022d4                DMA2_Stream6_IRQHandler
                0x080022d4                DMA1_Stream3_IRQHandler
 *fill*         0x080022d6        0x2 
 .text.crc32_eth_simple
                0x080022d8       0x90 FUTs/libstm32_crc_fut.a(crc_fut.c.obj)
                0x080022d8                crc32_eth_simple
 .text.crc32_eth_lut
                0x08002368       0x34 FUTs/libstm32_crc_fut.a(crc_fut.c.obj)
                0x08002368                crc32_eth_lut
 .text.crc32_eth_hw
                0x0800239c       0x54 FUTs/libstm32_crc_fut.a(crc_fut.c.obj)
                0x0800239c                crc32_eth_hw
 .text._ZN5embpp5print3RTT5printEPc
                0x080023f0        0x8 embench/printers/rtt/libprinter_rtt.a(printer_rtt.cpp.obj)
                0x080023f0                embpp::print::RTT::print(char*)
 .text._StoreChar
                0x080023f8       0x40 embench/printers/rtt/libprinter_rtt.a(SEGGER_RTT_printf.c.obj)
 .text._PrintUnsigned
                0x08002438       0xe8 embench/printers/rtt/libprinter_rtt.a(SEGGER_RTT_printf.c.obj)
 .text.SEGGER_RTT_vprintf
                0x08002520      0x334 embench/printers/rtt/libprinter_rtt.a(SEGGER_RTT_printf.c.obj)
                0x08002520                SEGGER_RTT_vprintf
 .text.SEGGER_RTT_printf
                0x08002854       0x20 embench/printers/rtt/libprinter_rtt.a(SEGGER_RTT_printf.c.obj)
                0x08002854                SEGGER_RTT_printf
 .text._WriteNoCheck
                0x08002874       0x54 embench/printers/rtt/libprinter_rtt.a(SEGGER_RTT.c.obj)
 .text._WriteBlocking
                0x080028c8       0x64 embench/printers/rtt/libprinter_rtt.a(SEGGER_RTT.c.obj)
 .text._DoInit  0x0800292c       0x6c embench/printers/rtt/libprinter_rtt.a(SEGGER_RTT.c.obj)
 .text.SEGGER_RTT_WriteNoLock
                0x08002998       0x88 embench/printers/rtt/libprinter_rtt.a(SEGGER_RTT.c.obj)
                0x08002998                SEGGER_RTT_WriteNoLock
 .text.SEGGER_RTT_Write
                0x08002a20       0x34 embench/printers/rtt/libprinter_rtt.a(SEGGER_RTT.c.obj)
                0x08002a20                SEGGER_RTT_Write
 .text._ZN5embpp4proc9MinMaxAvg7processESt4spanIKmLj4294967295EE
                0x08002a54       0xe4 embench/proc/min_max_avg/libproc_min_max_avg.a(proc_min_max_avg.cpp.obj)
                0x08002a54                embpp::proc::MinMaxAvg::process(std::span<unsigned long const, 4294967295u>)
 .text._ZN5embpp4proc9MinMaxAvgcvPcEv
                0x08002b38       0x24 embench/proc/min_max_avg/libproc_min_max_avg.a(proc_min_max_avg.cpp.obj)
                0x08002b38                embpp::proc::MinMaxAvg::operator char*()
 *(.glue_7)
 .glue_7        0x08002b5c        0x0 linker stubs
 *(.glue_7t)
 .glue_7t       0x08002b5c        0x0 linker stubs
 *(.eh_frame)
 .eh_frame      0x08002b5c        0x0 /usr/lib/gcc/arm-none-eabi/12.2.1/thumb/v7e-m+fp/hard/crtbegin.o
 *(.init)
 .init          0x08002b5c        0x4 /usr/lib/gcc/arm-none-eabi/12.2.1/thumb/v7e-m+fp/hard/crti.o
                0x08002b5c                _init
 .init          0x08002b60        0x8 /usr/lib/gcc/arm-none-eabi/12.2.1/thumb/v7e-m+fp/hard/crtn.o
 *(.fini)
 .fini          0x08002b68        0x4 /usr/lib/gcc/arm-none-eabi/12.2.1/thumb/v7e-m+fp/hard/crti.o
                0x08002b68                _fini
 .fini          0x08002b6c        0x8 /usr/lib/gcc/arm-none-eabi/12.2.1/thumb/v7e-m+fp/hard/crtn.o
                0x08002b74                        . = ALIGN (0x4)
                0x08002b74                        _etext = .

.vfp11_veneer   0x08002b74        0x0
 .vfp11_veneer  0x08002b74        0x0 linker stubs

.v4_bx          0x08002b74        0x0
 .v4_bx         0x08002b74        0x0 linker stubs

.iplt           0x08002b74        0x0
 .iplt          0x08002b74        0x0 /usr/lib/gcc/arm-none-eabi/12.2.1/thumb/v7e-m+fp/hard/crtbegin.o

.rodata         0x08002b74      0x4b8
                0x08002b74                        . = ALIGN (0x4)
 *(.rodata)
 *(.rodata*)
 .rodata.APBPrescTable
                0x08002b74        0x8 CMakeFiles/crc_test.dir/Core/Src/system_stm32f4xx.c.obj
                0x08002b74                APBPrescTable
 .rodata.AHBPrescTable
                0x08002b7c       0x10 CMakeFiles/crc_test.dir/Core/Src/system_stm32f4xx.c.obj
                0x08002b7c                AHBPrescTable
 .rodata.crc_table
                0x08002b8c      0x400 FUTs/libstm32_crc_fut.a(crc_fut.c.obj)
 .rodata.test_data
                0x08002f8c        0x9 FUTs/libstm32_crc_fut.a(crc_fut.c.obj)
 *fill*         0x08002f95        0x3 
 .rodata.SEGGER_RTT_vprintf.str1.4
                0x08002f98        0x7 embench/printers/rtt/libprinter_rtt.a(SEGGER_RTT_printf.c.obj)
 *fill*         0x08002f9f        0x1 
 .rodata._aV2C.0
                0x08002fa0       0x10 embench/printers/rtt/libprinter_rtt.a(SEGGER_RTT_printf.c.obj)
 .rodata._DoInit.str1.4
                0x08002fb0        0x9 embench/printers/rtt/libprinter_rtt.a(SEGGER_RTT.c.obj)
 *fill*         0x08002fb9        0x3 
 .rodata._aInitStr.0
                0x08002fbc       0x11 embench/printers/rtt/libprinter_rtt.a(SEGGER_RTT.c.obj)
 *fill*         0x08002fcd        0x3 
 .rodata._ZN5embpp4proc9MinMaxAvgcvPcEv.str1.4
                0x08002fd0       0x20 embench/proc/min_max_avg/libproc_min_max_avg.a(proc_min_max_avg.cpp.obj)
 .rodata.str1.4
                0x08002ff0       0x13 /usr/lib/gcc/arm-none-eabi/12.2.1/../../../arm-none-eabi/lib/thumb/v7e-m+fp/hard/libc_nano.a(lib_a-nano-svfprintf.o)
 *fill*         0x08003003        0x1 
 .rodata.str1.4
                0x08003004       0x25 /usr/lib/gcc/arm-none-eabi/12.2.1/../../../arm-none-eabi/lib/thumb/v7e-m+fp/hard/libc_nano.a(lib_a-nano-vfprintf_i.o)
                0x0800302c                        . = ALIGN (0x4)
 *fill*         0x08003029        0x3 

.ARM.extab
 *(.ARM.extab* .gnu.linkonce.armextab.*)

.ARM            0x0800302c        0x8
                0x0800302c                        __exidx_start = .
 *(.ARM.exidx*)
 .ARM.exidx     0x0800302c        0x8 /usr/lib/gcc/arm-none-eabi/12.2.1/thumb/v7e-m+fp/hard/libgcc.a(_udivmoddi4.o)
                0x08003034                        __exidx_end = .

.rel.dyn        0x08003034        0x0
 .rel.iplt      0x08003034        0x0 /usr/lib/gcc/arm-none-eabi/12.2.1/thumb/v7e-m+fp/hard/crtbegin.o

.preinit_array  0x08003034        0x0
                0x08003034                        PROVIDE (__preinit_array_start = .)
 *(.preinit_array*)
                0x08003034                        PROVIDE (__preinit_array_end = .)

.init_array     0x08003034        0x4
                0x08003034                        PROVIDE (__init_array_start = .)
 *(SORT_BY_NAME(.init_array.*))
 *(.init_array*)
 .init_array    0x08003034        0x4 /usr/lib/gcc/arm-none-eabi/12.2.1/thumb/v7e-m+fp/hard/crtbegin.o
                0x08003038                        PROVIDE (__init_array_end = .)

.fini_array     0x08003038        0x4
                0x08003038                        PROVIDE (__fini_array_start = .)
 *(SORT_BY_NAME(.fini_array.*))
 *(.fini_array*)
 .fini_array    0x08003038        0x4 /usr/lib/gcc/arm-none-eabi/12.2.1/thumb/v7e-m+fp/hard/crtbegin.o
                0x0800303c                        PROVIDE (__fini_array_end = .)
                0x0800303c                        _sidata = LOADADDR (.data)

.data           0x20000000       0x70 load address 0x0800303c
                0x20000000                        . = ALIGN (0x4)
                0x20000000                        _sdata = .
 *(.data)
 .data          0x20000000       0x64 /usr/lib/gcc/arm-none-eabi/12.2.1/../../../arm-none-eabi/lib/thumb/v7e-m+fp/hard/libc_nano.a(lib_a-impure.o)
                0x20000000                _impure_ptr
 *(.data*)
 .data.uwTickFreq
                0x20000064        0x1 CMakeFiles/crc_test.dir/Drivers/STM32F4xx_HAL_Driver/Src/stm32f4xx_hal.c.obj
                0x20000064                uwTickFreq
 *fill*         0x20000065        0x3 
 .data.uwTickPrio
                0x20000068        0x4 CMakeFiles/crc_test.dir/Drivers/STM32F4xx_HAL_Driver/Src/stm32f4xx_hal.c.obj
                0x20000068                uwTickPrio
 .data.SystemCoreClock
                0x2000006c        0x4 CMakeFiles/crc_test.dir/Core/Src/system_stm32f4xx.c.obj
                0x2000006c                SystemCoreClock
                0x20000070                        . = ALIGN (0x4)
                0x20000070                        _edata = .

.tm_clone_table
                0x20000070        0x0 load address 0x080030ac
 .tm_clone_table
                0x20000070        0x0 /usr/lib/gcc/arm-none-eabi/12.2.1/thumb/v7e-m+fp/hard/crtbegin.o
 .tm_clone_table
                0x20000070        0x0 /usr/lib/gcc/arm-none-eabi/12.2.1/thumb/v7e-m+fp/hard/crtend.o

.igot.plt       0x20000070        0x0 load address 0x080030ac
 .igot.plt      0x20000070        0x0 /usr/lib/gcc/arm-none-eabi/12.2.1/thumb/v7e-m+fp/hard/crtbegin.o
                0x20000070                        . = ALIGN (0x4)

.bss            0x20000070      0x540 load address 0x080030ac
                0x20000070                        _sbss = .
                0x20000070                        __bss_start__ = _sbss
 *(.bss)
 .bss           0x20000070       0x1c /usr/lib/gcc/arm-none-eabi/12.2.1/thumb/v7e-m+fp/hard/crtbegin.o
 .bss           0x2000008c        0x8 /usr/lib/gcc/arm-none-eabi/12.2.1/../../../arm-none-eabi/lib/thumb/v7e-m+fp/hard/libc_nano.a(lib_a-nano-mallocr.o)
                0x2000008c                __malloc_free_list
                0x20000090                __malloc_sbrk_start
 .bss           0x20000094        0x4 /usr/lib/gcc/arm-none-eabi/12.2.1/../../../arm-none-eabi/lib/thumb/v7e-m+fp/hard/libc_nano.a(lib_a-reent.o)
                0x20000094                errno
 *(.bss*)
 .bss._ZZN5embpp5print3RTT8instanceEvE9instance_
                0x20000098        0x1 CMakeFiles/crc_test.dir/main.cpp.obj
                0x20000098                embpp::print::RTT::instance()::instance_
 *fill*         0x20000099        0x3 
 .bss.hcrc      0x2000009c        0x8 CMakeFiles/crc_test.dir/Core/Src/crc.c.obj
                0x2000009c                hcrc
 *fill*         0x200000a4        0x4 
 .bss.huart2    0x200000a8       0x48 CMakeFiles/crc_test.dir/Core/Src/usart.c.obj
                0x200000a8                huart2
 .bss.uwTick    0x200000f0        0x4 CMakeFiles/crc_test.dir/Drivers/STM32F4xx_HAL_Driver/Src/stm32f4xx_hal.c.obj
                0x200000f0                uwTick
 .bss.__sbrk_heap_end
                0x200000f4        0x4 CMakeFiles/crc_test.dir/Core/Src/sysmem.c.obj
 .bss._acDownBuffer
                0x200000f8       0x10 embench/printers/rtt/libprinter_rtt.a(SEGGER_RTT.c.obj)
 .bss._acUpBuffer
                0x20000108      0x400 embench/printers/rtt/libprinter_rtt.a(SEGGER_RTT.c.obj)
 .bss._SEGGER_RTT
                0x20000508       0xa8 embench/printers/rtt/libprinter_rtt.a(SEGGER_RTT.c.obj)
                0x20000508                _SEGGER_RTT
 *(COMMON)
                0x200005b0                        . = ALIGN (0x4)
                0x200005b0                        _ebss = .
                0x200005b0                        __bss_end__ = _ebss

._user_heap_stack
                0x200005b0      0x600 load address 0x080030ac
                0x200005b0                        . = ALIGN (0x8)
                [!provide]                        PROVIDE (end = .)
                0x200005b0                        PROVIDE (_end = .)
                0x200007b0                        . = (. + _Min_Heap_Size)
 *fill*         0x200005b0      0x200 
                0x20000bb0                        . = (. + _Min_Stack_Size)
 *fill*         0x200007b0      0x400 
                0x20000bb0                        . = ALIGN (0x8)

/DISCARD/
 libc.a(*)
 libm.a(*)
 libgcc.a(*)

.ARM.attributes
                0x00000000       0x30
 *(.ARM.attributes)
 .ARM.attributes
                0x00000000       0x22 /usr/lib/gcc/arm-none-eabi/12.2.1/thumb/v7e-m+fp/hard/crti.o
 .ARM.attributes
                0x00000022       0x34 /usr/lib/gcc/arm-none-eabi/12.2.1/thumb/v7e-m+fp/hard/crtbegin.o
 .ARM.attributes
                0x00000056       0x34 CMakeFiles/crc_test.dir/main.cpp.obj
 .ARM.attributes
                0x0000008a       0x34 CMakeFiles/crc_test.dir/Core/Src/main.c.obj
 .ARM.attributes
                0x000000be       0x34 CMakeFiles/crc_test.dir/Core/Src/gpio.c.obj
 .ARM.attributes
                0x000000f2       0x34 CMakeFiles/crc_test.dir/Core/Src/crc.c.obj
 .ARM.attributes
                0x00000126       0x34 CMakeFiles/crc_test.dir/Core/Src/usart.c.obj
 .ARM.attributes
                0x0000015a       0x34 CMakeFiles/crc_test.dir/Core/Src/stm32f4xx_it.c.obj
 .ARM.attributes
                0x0000018e       0x34 CMakeFiles/crc_test.dir/Drivers/STM32F4xx_HAL_Driver/Src/stm32f4xx_hal_crc.c.obj
 .ARM.attributes
                0x000001c2       0x34 CMakeFiles/crc_test.dir/Drivers/STM32F4xx_HAL_Driver/Src/stm32f4xx_hal_rcc.c.obj
 .ARM.attributes
                0x000001f6       0x34 CMakeFiles/crc_test.dir/Drivers/STM32F4xx_HAL_Driver/Src/stm32f4xx_hal_gpio.c.obj
 .ARM.attributes
                0x0000022a       0x34 CMakeFiles/crc_test.dir/Drivers/STM32F4xx_HAL_Driver/Src/stm32f4xx_hal_cortex.c.obj
 .ARM.attributes
                0x0000025e       0x34 CMakeFiles/crc_test.dir/Drivers/STM32F4xx_HAL_Driver/Src/stm32f4xx_hal.c.obj
 .ARM.attributes
                0x00000292       0x34 CMakeFiles/crc_test.dir/Drivers/STM32F4xx_HAL_Driver/Src/stm32f4xx_hal_uart.c.obj
 .ARM.attributes
                0x000002c6       0x34 CMakeFiles/crc_test.dir/Core/Src/system_stm32f4xx.c.obj
 .ARM.attributes
                0x000002fa       0x34 CMakeFiles/crc_test.dir/Core/Src/sysmem.c.obj
 .ARM.attributes
                0x0000032e       0x21 CMakeFiles/crc_test.dir/startup_stm32f411xe.s.obj
 .ARM.attributes
                0x0000034f       0x34 FUTs/libstm32_crc_fut.a(crc_fut.c.obj)
 .ARM.attributes
                0x00000383       0x34 embench/printers/rtt/libprinter_rtt.a(printer_rtt.cpp.obj)
 .ARM.attributes
                0x000003b7       0x34 embench/printers/rtt/libprinter_rtt.a(SEGGER_RTT_printf.c.obj)
 .ARM.attributes
                0x000003eb       0x34 embench/printers/rtt/libprinter_rtt.a(SEGGER_RTT.c.obj)
 .ARM.attributes
                0x0000041f       0x34 embench/proc/min_max_avg/libproc_min_max_avg.a(proc_min_max_avg.cpp.obj)
 .ARM.attributes
                0x00000453       0x34 /usr/lib/gcc/arm-none-eabi/12.2.1/../../../arm-none-eabi/lib/thumb/v7e-m+fp/hard/libc_nano.a(lib_a-errno.o)
 .ARM.attributes
                0x00000487       0x34 /usr/lib/gcc/arm-none-eabi/12.2.1/../../../arm-none-eabi/lib/thumb/v7e-m+fp/hard/libc_nano.a(lib_a-impure.o)
 .ARM.attributes
                0x000004bb       0x34 /usr/lib/gcc/arm-none-eabi/12.2.1/../../../arm-none-eabi/lib/thumb/v7e-m+fp/hard/libc_nano.a(lib_a-init.o)
 .ARM.attributes
                0x000004ef       0x20 /usr/lib/gcc/arm-none-eabi/12.2.1/../../../arm-none-eabi/lib/thumb/v7e-m+fp/hard/libc_nano.a(lib_a-memcpy.o)
 .ARM.attributes
                0x0000050f       0x34 /usr/lib/gcc/arm-none-eabi/12.2.1/../../../arm-none-eabi/lib/thumb/v7e-m+fp/hard/libc_nano.a(lib_a-memset.o)
 .ARM.attributes
                0x00000543       0x34 /usr/lib/gcc/arm-none-eabi/12.2.1/../../../arm-none-eabi/lib/thumb/v7e-m+fp/hard/libc_nano.a(lib_a-snprintf.o)
 .ARM.attributes
                0x00000577       0x34 /usr/lib/gcc/arm-none-eabi/12.2.1/../../../arm-none-eabi/lib/thumb/v7e-m+fp/hard/libc_nano.a(lib_a-nano-svfprintf.o)
 .ARM.attributes
                0x000005ab       0x34 /usr/lib/gcc/arm-none-eabi/12.2.1/../../../arm-none-eabi/lib/thumb/v7e-m+fp/hard/libc_nano.a(lib_a-nano-vfprintf_i.o)
 .ARM.attributes
                0x000005df       0x1c /usr/lib/gcc/arm-none-eabi/12.2.1/../../../arm-none-eabi/lib/thumb/v7e-m+fp/hard/libc_nano.a(lib_a-memchr.o)
 .ARM.attributes
                0x000005fb       0x34 /usr/lib/gcc/arm-none-eabi/12.2.1/../../../arm-none-eabi/lib/thumb/v7e-m+fp/hard/libc_nano.a(lib_a-memmove.o)
 .ARM.attributes
                0x0000062f       0x34 /usr/lib/gcc/arm-none-eabi/12.2.1/../../../arm-none-eabi/lib/thumb/v7e-m+fp/hard/libc_nano.a(lib_a-nano-freer.o)
 .ARM.attributes
                0x00000663       0x34 /usr/lib/gcc/arm-none-eabi/12.2.1/../../../arm-none-eabi/lib/thumb/v7e-m+fp/hard/libc_nano.a(lib_a-nano-mallocr.o)
 .ARM.attributes
                0x00000697       0x34 /usr/lib/gcc/arm-none-eabi/12.2.1/../../../arm-none-eabi/lib/thumb/v7e-m+fp/hard/libc_nano.a(lib_a-nano-reallocr.o)
 .ARM.attributes
                0x000006cb       0x34 /usr/lib/gcc/arm-none-eabi/12.2.1/../../../arm-none-eabi/lib/thumb/v7e-m+fp/hard/libc_nano.a(lib_a-sbrkr.o)
 .ARM.attributes
                0x000006ff       0x34 /usr/lib/gcc/arm-none-eabi/12.2.1/../../../arm-none-eabi/lib/thumb/v7e-m+fp/hard/libc_nano.a(lib_a-mlock.o)
 .ARM.attributes
                0x00000733       0x34 /usr/lib/gcc/arm-none-eabi/12.2.1/../../../arm-none-eabi/lib/thumb/v7e-m+fp/hard/libc_nano.a(lib_a-nano-msizer.o)
 .ARM.attributes
                0x00000767       0x34 /usr/lib/gcc/arm-none-eabi/12.2.1/../../../arm-none-eabi/lib/thumb/v7e-m+fp/hard/libc_nano.a(lib_a-reent.o)
 .ARM.attributes
                0x0000079b       0x22 /usr/lib/gcc/arm-none-eabi/12.2.1/thumb/v7e-m+fp/hard/libgcc.a(_aeabi_uldivmod.o)
 .ARM.attributes
                0x000007bd       0x34 /usr/lib/gcc/arm-none-eabi/12.2.1/thumb/v7e-m+fp/hard/libgcc.a(_udivmoddi4.o)
 .ARM.attributes
                0x000007f1       0x22 /usr/lib/gcc/arm-none-eabi/12.2.1/thumb/v7e-m+fp/hard/libgcc.a(_dvmd_tls.o)
 .ARM.attributes
                0x00000813       0x34 /usr/lib/gcc/arm-none-eabi/12.2.1/thumb/v7e-m+fp/hard/crtend.o
 .ARM.attributes
                0x00000847       0x22 /usr/lib/gcc/arm-none-eabi/12.2.1/thumb/v7e-m+fp/hard/crtn.o
OUTPUT(crc_test.elf elf32-littlearm)
LOAD linker stubs
LOAD /usr/lib/gcc/arm-none-eabi/12.2.1/../../../arm-none-eabi/lib/thumb/v7e-m+fp/hard/libc.a
LOAD /usr/lib/gcc/arm-none-eabi/12.2.1/../../../arm-none-eabi/lib/thumb/v7e-m+fp/hard/libm.a
LOAD /usr/lib/gcc/arm-none-eabi/12.2.1/thumb/v7e-m+fp/hard/libgcc.a

.comment        0x00000000       0x26
 .comment       0x00000000       0x26 /usr/lib/gcc/arm-none-eabi/12.2.1/thumb/v7e-m+fp/hard/crtbegin.o
                                 0x27 (size before relaxing)
 .comment       0x00000026       0x27 CMakeFiles/crc_test.dir/main.cpp.obj
 .comment       0x00000026       0x27 CMakeFiles/crc_test.dir/Core/Src/main.c.obj
 .comment       0x00000026       0x27 CMakeFiles/crc_test.dir/Core/Src/gpio.c.obj
 .comment       0x00000026       0x27 CMakeFiles/crc_test.dir/Core/Src/crc.c.obj
 .comment       0x00000026       0x27 CMakeFiles/crc_test.dir/Core/Src/usart.c.obj
 .comment       0x00000026       0x27 CMakeFiles/crc_test.dir/Core/Src/stm32f4xx_it.c.obj
 .comment       0x00000026       0x27 CMakeFiles/crc_test.dir/Drivers/STM32F4xx_HAL_Driver/Src/stm32f4xx_hal_crc.c.obj
 .comment       0x00000026       0x27 CMakeFiles/crc_test.dir/Drivers/STM32F4xx_HAL_Driver/Src/stm32f4xx_hal_rcc.c.obj
 .comment       0x00000026       0x27 CMakeFiles/crc_test.dir/Drivers/STM32F4xx_HAL_Driver/Src/stm32f4xx_hal_gpio.c.obj
 .comment       0x00000026       0x27 CMakeFiles/crc_test.dir/Drivers/STM32F4xx_HAL_Driver/Src/stm32f4xx_hal_cortex.c.obj
 .comment       0x00000026       0x27 CMakeFiles/crc_test.dir/Drivers/STM32F4xx_HAL_Driver/Src/stm32f4xx_hal.c.obj
 .comment       0x00000026       0x27 CMakeFiles/crc_test.dir/Drivers/STM32F4xx_HAL_Driver/Src/stm32f4xx_hal_uart.c.obj
 .comment       0x00000026       0x27 CMakeFiles/crc_test.dir/Core/Src/system_stm32f4xx.c.obj
 .comment       0x00000026       0x27 CMakeFiles/crc_test.dir/Core/Src/sysmem.c.obj
 .comment       0x00000026       0x27 FUTs/libstm32_crc_fut.a(crc_fut.c.obj)
 .comment       0x00000026       0x27 embench/printers/rtt/libprinter_rtt.a(printer_rtt.cpp.obj)
 .comment       0x00000026       0x27 embench/printers/rtt/libprinter_rtt.a(SEGGER_RTT_printf.c.obj)
 .comment       0x00000026       0x27 embench/printers/rtt/libprinter_rtt.a(SEGGER_RTT.c.obj)
 .comment       0x00000026       0x27 embench/proc/min_max_avg/libproc_min_max_avg.a(proc_min_max_avg.cpp.obj)
 .comment       0x00000026       0x27 /usr/lib/gcc/arm-none-eabi/12.2.1/../../../arm-none-eabi/lib/thumb/v7e-m+fp/hard/libc_nano.a(lib_a-errno.o)
 .comment       0x00000026       0x27 /usr/lib/gcc/arm-none-eabi/12.2.1/../../../arm-none-eabi/lib/thumb/v7e-m+fp/hard/libc_nano.a(lib_a-impure.o)
 .comment       0x00000026       0x27 /usr/lib/gcc/arm-none-eabi/12.2.1/../../../arm-none-eabi/lib/thumb/v7e-m+fp/hard/libc_nano.a(lib_a-init.o)
 .comment       0x00000026       0x27 /usr/lib/gcc/arm-none-eabi/12.2.1/../../../arm-none-eabi/lib/thumb/v7e-m+fp/hard/libc_nano.a(lib_a-memset.o)
 .comment       0x00000026       0x27 /usr/lib/gcc/arm-none-eabi/12.2.1/../../../arm-none-eabi/lib/thumb/v7e-m+fp/hard/libc_nano.a(lib_a-snprintf.o)
 .comment       0x00000026       0x27 /usr/lib/gcc/arm-none-eabi/12.2.1/../../../arm-none-eabi/lib/thumb/v7e-m+fp/hard/libc_nano.a(lib_a-nano-svfprintf.o)
 .comment       0x00000026       0x27 /usr/lib/gcc/arm-none-eabi/12.2.1/../../../arm-none-eabi/lib/thumb/v7e-m+fp/hard/libc_nano.a(lib_a-nano-vfprintf_i.o)
 .comment       0x00000026       0x27 /usr/lib/gcc/arm-none-eabi/12.2.1/../../../arm-none-eabi/lib/thumb/v7e-m+fp/hard/libc_nano.a(lib_a-memmove.o)
 .comment       0x00000026       0x27 /usr/lib/gcc/arm-none-eabi/12.2.1/../../../arm-none-eabi/lib/thumb/v7e-m+fp/hard/libc_nano.a(lib_a-nano-freer.o)
 .comment       0x00000026       0x27 /usr/lib/gcc/arm-none-eabi/12.2.1/../../../arm-none-eabi/lib/thumb/v7e-m+fp/hard/libc_nano.a(lib_a-nano-mallocr.o)
 .comment       0x00000026       0x27 /usr/lib/gcc/arm-none-eabi/12.2.1/../../../arm-none-eabi/lib/thumb/v7e-m+fp/hard/libc_nano.a(lib_a-nano-reallocr.o)
 .comment       0x00000026       0x27 /usr/lib/gcc/arm-none-eabi/12.2.1/../../../arm-none-eabi/lib/thumb/v7e-m+fp/hard/libc_nano.a(lib_a-sbrkr.o)
 .comment       0x00000026       0x27 /usr/lib/gcc/arm-none-eabi/12.2.1/../../../arm-none-eabi/lib/thumb/v7e-m+fp/hard/libc_nano.a(lib_a-mlock.o)
 .comment       0x00000026       0x27 /usr/lib/gcc/arm-none-eabi/12.2.1/../../../arm-none-eabi/lib/thumb/v7e-m+fp/hard/libc_nano.a(lib_a-nano-msizer.o)
 .comment       0x00000026       0x27 /usr/lib/gcc/arm-none-eabi/12.2.1/../../../arm-none-eabi/lib/thumb/v7e-m+fp/hard/libc_nano.a(lib_a-reent.o)
 .comment       0x00000026       0x27 /usr/lib/gcc/arm-none-eabi/12.2.1/thumb/v7e-m+fp/hard/libgcc.a(_udivmoddi4.o)
 .comment       0x00000026       0x27 /usr/lib/gcc/arm-none-eabi/12.2.1/thumb/v7e-m+fp/hard/crtend.o

.debug_info     0x00000000    0x1915a
 .debug_info    0x00000000     0x1f78 CMakeFiles/crc_test.dir/main.cpp.obj
 .debug_info    0x00001f78      0x50d CMakeFiles/crc_test.dir/Core/Src/main.c.obj
 .debug_info    0x00002485      0x466 CMakeFiles/crc_test.dir/Core/Src/gpio.c.obj
 .debug_info    0x000028eb      0x440 CMakeFiles/crc_test.dir/Core/Src/crc.c.obj
 .debug_info    0x00002d2b      0x982 CMakeFiles/crc_test.dir/Core/Src/usart.c.obj
 .debug_info    0x000036ad      0x110 CMakeFiles/crc_test.dir/Core/Src/stm32f4xx_it.c.obj
 .debug_info    0x000037bd      0x3b9 CMakeFiles/crc_test.dir/Drivers/STM32F4xx_HAL_Driver/Src/stm32f4xx_hal_crc.c.obj
 .debug_info    0x00003b76      0xade CMakeFiles/crc_test.dir/Drivers/STM32F4xx_HAL_Driver/Src/stm32f4xx_hal_rcc.c.obj
 .debug_info    0x00004654      0x71a CMakeFiles/crc_test.dir/Drivers/STM32F4xx_HAL_Driver/Src/stm32f4xx_hal_gpio.c.obj
 .debug_info    0x00004d6e      0xf70 CMakeFiles/crc_test.dir/Drivers/STM32F4xx_HAL_Driver/Src/stm32f4xx_hal_cortex.c.obj
 .debug_info    0x00005cde      0x98c CMakeFiles/crc_test.dir/Drivers/STM32F4xx_HAL_Driver/Src/stm32f4xx_hal.c.obj
 .debug_info    0x0000666a     0x40b0 CMakeFiles/crc_test.dir/Drivers/STM32F4xx_HAL_Driver/Src/stm32f4xx_hal_uart.c.obj
 .debug_info    0x0000a71a      0x539 CMakeFiles/crc_test.dir/Core/Src/system_stm32f4xx.c.obj
 .debug_info    0x0000ac53      0x16a CMakeFiles/crc_test.dir/Core/Src/sysmem.c.obj
 .debug_info    0x0000adbd       0x30 CMakeFiles/crc_test.dir/startup_stm32f411xe.s.obj
 .debug_info    0x0000aded      0x607 FUTs/libstm32_crc_fut.a(crc_fut.c.obj)
 .debug_info    0x0000b3f4      0x887 embench/printers/rtt/libprinter_rtt.a(printer_rtt.cpp.obj)
 .debug_info    0x0000bc7b      0x68f embench/printers/rtt/libprinter_rtt.a(SEGGER_RTT_printf.c.obj)
 .debug_info    0x0000c30a     0x222f embench/printers/rtt/libprinter_rtt.a(SEGGER_RTT.c.obj)
 .debug_info    0x0000e539     0x2c2e embench/proc/min_max_avg/libproc_min_max_avg.a(proc_min_max_avg.cpp.obj)
 .debug_info    0x00011167      0x751 /usr/lib/gcc/arm-none-eabi/12.2.1/../../../arm-none-eabi/lib/thumb/v7e-m+fp/hard/libc_nano.a(lib_a-errno.o)
 .debug_info    0x000118b8      0x7fc /usr/lib/gcc/arm-none-eabi/12.2.1/../../../arm-none-eabi/lib/thumb/v7e-m+fp/hard/libc_nano.a(lib_a-impure.o)
 .debug_info    0x000120b4      0x10b /usr/lib/gcc/arm-none-eabi/12.2.1/../../../arm-none-eabi/lib/thumb/v7e-m+fp/hard/libc_nano.a(lib_a-init.o)
 .debug_info    0x000121bf       0x33 /usr/lib/gcc/arm-none-eabi/12.2.1/../../../arm-none-eabi/lib/thumb/v7e-m+fp/hard/libc_nano.a(lib_a-memcpy.o)
 .debug_info    0x000121f2      0x135 /usr/lib/gcc/arm-none-eabi/12.2.1/../../../arm-none-eabi/lib/thumb/v7e-m+fp/hard/libc_nano.a(lib_a-memset.o)
 .debug_info    0x00012327      0x95f /usr/lib/gcc/arm-none-eabi/12.2.1/../../../arm-none-eabi/lib/thumb/v7e-m+fp/hard/libc_nano.a(lib_a-snprintf.o)
 .debug_info    0x00012c86     0x10f8 /usr/lib/gcc/arm-none-eabi/12.2.1/../../../arm-none-eabi/lib/thumb/v7e-m+fp/hard/libc_nano.a(lib_a-nano-svfprintf.o)
 .debug_info    0x00013d7e      0xe37 /usr/lib/gcc/arm-none-eabi/12.2.1/../../../arm-none-eabi/lib/thumb/v7e-m+fp/hard/libc_nano.a(lib_a-nano-vfprintf_i.o)
 .debug_info    0x00014bb5       0x25 /usr/lib/gcc/arm-none-eabi/12.2.1/../../../arm-none-eabi/lib/thumb/v7e-m+fp/hard/libc_nano.a(lib_a-memchr.o)
 .debug_info    0x00014bda      0x148 /usr/lib/gcc/arm-none-eabi/12.2.1/../../../arm-none-eabi/lib/thumb/v7e-m+fp/hard/libc_nano.a(lib_a-memmove.o)
 .debug_info    0x00014d22      0x8cd /usr/lib/gcc/arm-none-eabi/12.2.1/../../../arm-none-eabi/lib/thumb/v7e-m+fp/hard/libc_nano.a(lib_a-nano-freer.o)
 .debug_info    0x000155ef      0x9cd /usr/lib/gcc/arm-none-eabi/12.2.1/../../../arm-none-eabi/lib/thumb/v7e-m+fp/hard/libc_nano.a(lib_a-nano-mallocr.o)
 .debug_info    0x00015fbc      0x8fe /usr/lib/gcc/arm-none-eabi/12.2.1/../../../arm-none-eabi/lib/thumb/v7e-m+fp/hard/libc_nano.a(lib_a-nano-reallocr.o)
 .debug_info    0x000168ba      0x7d2 /usr/lib/gcc/arm-none-eabi/12.2.1/../../../arm-none-eabi/lib/thumb/v7e-m+fp/hard/libc_nano.a(lib_a-sbrkr.o)
 .debug_info    0x0001708c      0x77c /usr/lib/gcc/arm-none-eabi/12.2.1/../../../arm-none-eabi/lib/thumb/v7e-m+fp/hard/libc_nano.a(lib_a-mlock.o)
 .debug_info    0x00017808      0x7ea /usr/lib/gcc/arm-none-eabi/12.2.1/../../../arm-none-eabi/lib/thumb/v7e-m+fp/hard/libc_nano.a(lib_a-nano-msizer.o)
 .debug_info    0x00017ff2      0xa1c /usr/lib/gcc/arm-none-eabi/12.2.1/../../../arm-none-eabi/lib/thumb/v7e-m+fp/hard/libc_nano.a(lib_a-reent.o)
 .debug_info    0x00018a0e       0x24 /usr/lib/gcc/arm-none-eabi/12.2.1/thumb/v7e-m+fp/hard/libgcc.a(_aeabi_uldivmod.o)
 .debug_info    0x00018a32      0x6ef /usr/lib/gcc/arm-none-eabi/12.2.1/thumb/v7e-m+fp/hard/libgcc.a(_udivmoddi4.o)
 .debug_info    0x00019121       0x39 /usr/lib/gcc/arm-none-eabi/12.2.1/thumb/v7e-m+fp/hard/libgcc.a(_dvmd_tls.o)

.debug_abbrev   0x00000000     0x5208
 .debug_abbrev  0x00000000      0x6c8 CMakeFiles/crc_test.dir/main.cpp.obj
 .debug_abbrev  0x000006c8      0x1cd CMakeFiles/crc_test.dir/Core/Src/main.c.obj
 .debug_abbrev  0x00000895      0x16c CMakeFiles/crc_test.dir/Core/Src/gpio.c.obj
 .debug_abbrev  0x00000a01      0x1c6 CMakeFiles/crc_test.dir/Core/Src/crc.c.obj
 .debug_abbrev  0x00000bc7      0x22e CMakeFiles/crc_test.dir/Core/Src/usart.c.obj
 .debug_abbrev  0x00000df5       0xb4 CMakeFiles/crc_test.dir/Core/Src/stm32f4xx_it.c.obj
 .debug_abbrev  0x00000ea9      0x198 CMakeFiles/crc_test.dir/Drivers/STM32F4xx_HAL_Driver/Src/stm32f4xx_hal_crc.c.obj
 .debug_abbrev  0x00001041      0x34f CMakeFiles/crc_test.dir/Drivers/STM32F4xx_HAL_Driver/Src/stm32f4xx_hal_rcc.c.obj
 .debug_abbrev  0x00001390      0x212 CMakeFiles/crc_test.dir/Drivers/STM32F4xx_HAL_Driver/Src/stm32f4xx_hal_gpio.c.obj
 .debug_abbrev  0x000015a2      0x375 CMakeFiles/crc_test.dir/Drivers/STM32F4xx_HAL_Driver/Src/stm32f4xx_hal_cortex.c.obj
 .debug_abbrev  0x00001917      0x2ba CMakeFiles/crc_test.dir/Drivers/STM32F4xx_HAL_Driver/Src/stm32f4xx_hal.c.obj
 .debug_abbrev  0x00001bd1      0x44a CMakeFiles/crc_test.dir/Drivers/STM32F4xx_HAL_Driver/Src/stm32f4xx_hal_uart.c.obj
 .debug_abbrev  0x0000201b      0x11f CMakeFiles/crc_test.dir/Core/Src/system_stm32f4xx.c.obj
 .debug_abbrev  0x0000213a       0xda CMakeFiles/crc_test.dir/Core/Src/sysmem.c.obj
 .debug_abbrev  0x00002214       0x24 CMakeFiles/crc_test.dir/startup_stm32f411xe.s.obj
 .debug_abbrev  0x00002238      0x1f5 FUTs/libstm32_crc_fut.a(crc_fut.c.obj)
 .debug_abbrev  0x0000242d      0x297 embench/printers/rtt/libprinter_rtt.a(printer_rtt.cpp.obj)
 .debug_abbrev  0x000026c4      0x2b7 embench/printers/rtt/libprinter_rtt.a(SEGGER_RTT_printf.c.obj)
 .debug_abbrev  0x0000297b      0x3ab embench/printers/rtt/libprinter_rtt.a(SEGGER_RTT.c.obj)
 .debug_abbrev  0x00002d26      0x7de embench/proc/min_max_avg/libproc_min_max_avg.a(proc_min_max_avg.cpp.obj)
 .debug_abbrev  0x00003504      0x15e /usr/lib/gcc/arm-none-eabi/12.2.1/../../../arm-none-eabi/lib/thumb/v7e-m+fp/hard/libc_nano.a(lib_a-errno.o)
 .debug_abbrev  0x00003662      0x15a /usr/lib/gcc/arm-none-eabi/12.2.1/../../../arm-none-eabi/lib/thumb/v7e-m+fp/hard/libc_nano.a(lib_a-impure.o)
 .debug_abbrev  0x000037bc       0xc9 /usr/lib/gcc/arm-none-eabi/12.2.1/../../../arm-none-eabi/lib/thumb/v7e-m+fp/hard/libc_nano.a(lib_a-init.o)
 .debug_abbrev  0x00003885       0x28 /usr/lib/gcc/arm-none-eabi/12.2.1/../../../arm-none-eabi/lib/thumb/v7e-m+fp/hard/libc_nano.a(lib_a-memcpy.o)
 .debug_abbrev  0x000038ad       0xb7 /usr/lib/gcc/arm-none-eabi/12.2.1/../../../arm-none-eabi/lib/thumb/v7e-m+fp/hard/libc_nano.a(lib_a-memset.o)
 .debug_abbrev  0x00003964      0x23c /usr/lib/gcc/arm-none-eabi/12.2.1/../../../arm-none-eabi/lib/thumb/v7e-m+fp/hard/libc_nano.a(lib_a-snprintf.o)
 .debug_abbrev  0x00003ba0      0x31e /usr/lib/gcc/arm-none-eabi/12.2.1/../../../arm-none-eabi/lib/thumb/v7e-m+fp/hard/libc_nano.a(lib_a-nano-svfprintf.o)
 .debug_abbrev  0x00003ebe      0x284 /usr/lib/gcc/arm-none-eabi/12.2.1/../../../arm-none-eabi/lib/thumb/v7e-m+fp/hard/libc_nano.a(lib_a-nano-vfprintf_i.o)
 .debug_abbrev  0x00004142       0x14 /usr/lib/gcc/arm-none-eabi/12.2.1/../../../arm-none-eabi/lib/thumb/v7e-m+fp/hard/libc_nano.a(lib_a-memchr.o)
 .debug_abbrev  0x00004156       0xc3 /usr/lib/gcc/arm-none-eabi/12.2.1/../../../arm-none-eabi/lib/thumb/v7e-m+fp/hard/libc_nano.a(lib_a-memmove.o)
 .debug_abbrev  0x00004219      0x249 /usr/lib/gcc/arm-none-eabi/12.2.1/../../../arm-none-eabi/lib/thumb/v7e-m+fp/hard/libc_nano.a(lib_a-nano-freer.o)
 .debug_abbrev  0x00004462      0x2aa /usr/lib/gcc/arm-none-eabi/12.2.1/../../../arm-none-eabi/lib/thumb/v7e-m+fp/hard/libc_nano.a(lib_a-nano-mallocr.o)
 .debug_abbrev  0x0000470c      0x1f8 /usr/lib/gcc/arm-none-eabi/12.2.1/../../../arm-none-eabi/lib/thumb/v7e-m+fp/hard/libc_nano.a(lib_a-nano-reallocr.o)
 .debug_abbrev  0x00004904      0x1da /usr/lib/gcc/arm-none-eabi/12.2.1/../../../arm-none-eabi/lib/thumb/v7e-m+fp/hard/libc_nano.a(lib_a-sbrkr.o)
 .debug_abbrev  0x00004ade      0x192 /usr/lib/gcc/arm-none-eabi/12.2.1/../../../arm-none-eabi/lib/thumb/v7e-m+fp/hard/libc_nano.a(lib_a-mlock.o)
 .debug_abbrev  0x00004c70      0x196 /usr/lib/gcc/arm-none-eabi/12.2.1/../../../arm-none-eabi/lib/thumb/v7e-m+fp/hard/libc_nano.a(lib_a-nano-msizer.o)
 .debug_abbrev  0x00004e06      0x265 /usr/lib/gcc/arm-none-eabi/12.2.1/../../../arm-none-eabi/lib/thumb/v7e-m+fp/hard/libc_nano.a(lib_a-reent.o)
 .debug_abbrev  0x0000506b       0x14 /usr/lib/gcc/arm-none-eabi/12.2.1/thumb/v7e-m+fp/hard/libgcc.a(_aeabi_uldivmod.o)
 .debug_abbrev  0x0000507f      0x16a /usr/lib/gcc/arm-none-eabi/12.2.1/thumb/v7e-m+fp/hard/libgcc.a(_udivmoddi4.o)
 .debug_abbrev  0x000051e9       0x1f /usr/lib/gcc/arm-none-eabi/12.2.1/thumb/v7e-m+fp/hard/libgcc.a(_dvmd_tls.o)

.debug_loclists
                0x00000000     0x87d1
 .debug_loclists
                0x00000000      0x3fd CMakeFiles/crc_test.dir/main.cpp.obj
 .debug_loclists
                0x000003fd       0x3a CMakeFiles/crc_test.dir/Core/Src/usart.c.obj
 .debug_loclists
                0x00000437      0x17a CMakeFiles/crc_test.dir/Drivers/STM32F4xx_HAL_Driver/Src/stm32f4xx_hal_crc.c.obj
 .debug_loclists
                0x000005b1      0x354 CMakeFiles/crc_test.dir/Drivers/STM32F4xx_HAL_Driver/Src/stm32f4xx_hal_rcc.c.obj
 .debug_loclists
                0x00000905      0x340 CMakeFiles/crc_test.dir/Drivers/STM32F4xx_HAL_Driver/Src/stm32f4xx_hal_gpio.c.obj
 .debug_loclists
                0x00000c45      0x4de CMakeFiles/crc_test.dir/Drivers/STM32F4xx_HAL_Driver/Src/stm32f4xx_hal_cortex.c.obj
 .debug_loclists
                0x00001123       0xe2 CMakeFiles/crc_test.dir/Drivers/STM32F4xx_HAL_Driver/Src/stm32f4xx_hal.c.obj
 .debug_loclists
                0x00001205     0x2ad3 CMakeFiles/crc_test.dir/Drivers/STM32F4xx_HAL_Driver/Src/stm32f4xx_hal_uart.c.obj
 .debug_loclists
                0x00003cd8       0xcb CMakeFiles/crc_test.dir/Core/Src/system_stm32f4xx.c.obj
 .debug_loclists
                0x00003da3       0x4e CMakeFiles/crc_test.dir/Core/Src/sysmem.c.obj
 .debug_loclists
                0x00003df1      0x243 FUTs/libstm32_crc_fut.a(crc_fut.c.obj)
 .debug_loclists
                0x00004034       0x3a embench/printers/rtt/libprinter_rtt.a(printer_rtt.cpp.obj)
 .debug_loclists
                0x0000406e      0x5b0 embench/printers/rtt/libprinter_rtt.a(SEGGER_RTT_printf.c.obj)
 .debug_loclists
                0x0000461e     0x1c10 embench/printers/rtt/libprinter_rtt.a(SEGGER_RTT.c.obj)
 .debug_loclists
                0x0000622e      0x617 embench/proc/min_max_avg/libproc_min_max_avg.a(proc_min_max_avg.cpp.obj)
 .debug_loclists
                0x00006845       0x65 /usr/lib/gcc/arm-none-eabi/12.2.1/../../../arm-none-eabi/lib/thumb/v7e-m+fp/hard/libc_nano.a(lib_a-init.o)
 .debug_loclists
                0x000068aa      0x1b6 /usr/lib/gcc/arm-none-eabi/12.2.1/../../../arm-none-eabi/lib/thumb/v7e-m+fp/hard/libc_nano.a(lib_a-memset.o)
 .debug_loclists
                0x00006a60      0x1cb /usr/lib/gcc/arm-none-eabi/12.2.1/../../../arm-none-eabi/lib/thumb/v7e-m+fp/hard/libc_nano.a(lib_a-snprintf.o)
 .debug_loclists
                0x00006c2b      0x5a4 /usr/lib/gcc/arm-none-eabi/12.2.1/../../../arm-none-eabi/lib/thumb/v7e-m+fp/hard/libc_nano.a(lib_a-nano-svfprintf.o)
 .debug_loclists
                0x000071cf      0x4a3 /usr/lib/gcc/arm-none-eabi/12.2.1/../../../arm-none-eabi/lib/thumb/v7e-m+fp/hard/libc_nano.a(lib_a-nano-vfprintf_i.o)
 .debug_loclists
                0x00007672      0x209 /usr/lib/gcc/arm-none-eabi/12.2.1/../../../arm-none-eabi/lib/thumb/v7e-m+fp/hard/libc_nano.a(lib_a-memmove.o)
 .debug_loclists
                0x0000787b      0x146 /usr/lib/gcc/arm-none-eabi/12.2.1/../../../arm-none-eabi/lib/thumb/v7e-m+fp/hard/libc_nano.a(lib_a-nano-freer.o)
 .debug_loclists
                0x000079c1      0x24e /usr/lib/gcc/arm-none-eabi/12.2.1/../../../arm-none-eabi/lib/thumb/v7e-m+fp/hard/libc_nano.a(lib_a-nano-mallocr.o)
 .debug_loclists
                0x00007c0f       0xab /usr/lib/gcc/arm-none-eabi/12.2.1/../../../arm-none-eabi/lib/thumb/v7e-m+fp/hard/libc_nano.a(lib_a-nano-reallocr.o)
 .debug_loclists
                0x00007cba       0x3f /usr/lib/gcc/arm-none-eabi/12.2.1/../../../arm-none-eabi/lib/thumb/v7e-m+fp/hard/libc_nano.a(lib_a-sbrkr.o)
 .debug_loclists
                0x00007cf9       0x53 /usr/lib/gcc/arm-none-eabi/12.2.1/../../../arm-none-eabi/lib/thumb/v7e-m+fp/hard/libc_nano.a(lib_a-nano-msizer.o)
 .debug_loclists
                0x00007d4c       0xf2 /usr/lib/gcc/arm-none-eabi/12.2.1/../../../arm-none-eabi/lib/thumb/v7e-m+fp/hard/libc_nano.a(lib_a-reent.o)
 .debug_loclists
                0x00007e3e      0x993 /usr/lib/gcc/arm-none-eabi/12.2.1/thumb/v7e-m+fp/hard/libgcc.a(_udivmoddi4.o)

.debug_aranges  0x00000000      0xab8
 .debug_aranges
                0x00000000       0x28 CMakeFiles/crc_test.dir/main.cpp.obj
 .debug_aranges
                0x00000028       0x28 CMakeFiles/crc_test.dir/Core/Src/main.c.obj
 .debug_aranges
                0x00000050       0x20 CMakeFiles/crc_test.dir/Core/Src/gpio.c.obj
 .debug_aranges
                0x00000070       0x30 CMakeFiles/crc_test.dir/Core/Src/crc.c.obj
 .debug_aranges
                0x000000a0       0x30 CMakeFiles/crc_test.dir/Core/Src/usart.c.obj
 .debug_aranges
                0x000000d0       0x60 CMakeFiles/crc_test.dir/Core/Src/stm32f4xx_it.c.obj
 .debug_aranges
                0x00000130       0x50 CMakeFiles/crc_test.dir/Drivers/STM32F4xx_HAL_Driver/Src/stm32f4xx_hal_crc.c.obj
 .debug_aranges
                0x00000180       0x88 CMakeFiles/crc_test.dir/Drivers/STM32F4xx_HAL_Driver/Src/stm32f4xx_hal_rcc.c.obj
 .debug_aranges
                0x00000208       0x58 CMakeFiles/crc_test.dir/Drivers/STM32F4xx_HAL_Driver/Src/stm32f4xx_hal_gpio.c.obj
 .debug_aranges
                0x00000260       0xc0 CMakeFiles/crc_test.dir/Drivers/STM32F4xx_HAL_Driver/Src/stm32f4xx_hal_cortex.c.obj
 .debug_aranges
                0x00000320       0xf0 CMakeFiles/crc_test.dir/Drivers/STM32F4xx_HAL_Driver/Src/stm32f4xx_hal.c.obj
 .debug_aranges
                0x00000410      0x1e8 CMakeFiles/crc_test.dir/Drivers/STM32F4xx_HAL_Driver/Src/stm32f4xx_hal_uart.c.obj
 .debug_aranges
                0x000005f8       0x28 CMakeFiles/crc_test.dir/Core/Src/system_stm32f4xx.c.obj
 .debug_aranges
                0x00000620       0x20 CMakeFiles/crc_test.dir/Core/Src/sysmem.c.obj
 .debug_aranges
                0x00000640       0x28 CMakeFiles/crc_test.dir/startup_stm32f411xe.s.obj
 .debug_aranges
                0x00000668       0x30 FUTs/libstm32_crc_fut.a(crc_fut.c.obj)
 .debug_aranges
                0x00000698       0x20 embench/printers/rtt/libprinter_rtt.a(printer_rtt.cpp.obj)
 .debug_aranges
                0x000006b8       0x38 embench/printers/rtt/libprinter_rtt.a(SEGGER_RTT_printf.c.obj)
 .debug_aranges
                0x000006f0      0x128 embench/printers/rtt/libprinter_rtt.a(SEGGER_RTT.c.obj)
 .debug_aranges
                0x00000818       0x28 embench/proc/min_max_avg/libproc_min_max_avg.a(proc_min_max_avg.cpp.obj)
 .debug_aranges
                0x00000840       0x20 /usr/lib/gcc/arm-none-eabi/12.2.1/../../../arm-none-eabi/lib/thumb/v7e-m+fp/hard/libc_nano.a(lib_a-errno.o)
 .debug_aranges
                0x00000860       0x18 /usr/lib/gcc/arm-none-eabi/12.2.1/../../../arm-none-eabi/lib/thumb/v7e-m+fp/hard/libc_nano.a(lib_a-impure.o)
 .debug_aranges
                0x00000878       0x20 /usr/lib/gcc/arm-none-eabi/12.2.1/../../../arm-none-eabi/lib/thumb/v7e-m+fp/hard/libc_nano.a(lib_a-init.o)
 .debug_aranges
                0x00000898       0x20 /usr/lib/gcc/arm-none-eabi/12.2.1/../../../arm-none-eabi/lib/thumb/v7e-m+fp/hard/libc_nano.a(lib_a-memcpy.o)
 .debug_aranges
                0x000008b8       0x20 /usr/lib/gcc/arm-none-eabi/12.2.1/../../../arm-none-eabi/lib/thumb/v7e-m+fp/hard/libc_nano.a(lib_a-memset.o)
 .debug_aranges
                0x000008d8       0x20 /usr/lib/gcc/arm-none-eabi/12.2.1/../../../arm-none-eabi/lib/thumb/v7e-m+fp/hard/libc_nano.a(lib_a-snprintf.o)
 .debug_aranges
                0x000008f8       0x20 /usr/lib/gcc/arm-none-eabi/12.2.1/../../../arm-none-eabi/lib/thumb/v7e-m+fp/hard/libc_nano.a(lib_a-nano-svfprintf.o)
 .debug_aranges
                0x00000918       0x20 /usr/lib/gcc/arm-none-eabi/12.2.1/../../../arm-none-eabi/lib/thumb/v7e-m+fp/hard/libc_nano.a(lib_a-nano-vfprintf_i.o)
 .debug_aranges
                0x00000938       0x20 /usr/lib/gcc/arm-none-eabi/12.2.1/../../../arm-none-eabi/lib/thumb/v7e-m+fp/hard/libc_nano.a(lib_a-memchr.o)
 .debug_aranges
                0x00000958       0x20 /usr/lib/gcc/arm-none-eabi/12.2.1/../../../arm-none-eabi/lib/thumb/v7e-m+fp/hard/libc_nano.a(lib_a-memmove.o)
 .debug_aranges
                0x00000978       0x20 /usr/lib/gcc/arm-none-eabi/12.2.1/../../../arm-none-eabi/lib/thumb/v7e-m+fp/hard/libc_nano.a(lib_a-nano-freer.o)
 .debug_aranges
                0x00000998       0x20 /usr/lib/gcc/arm-none-eabi/12.2.1/../../../arm-none-eabi/lib/thumb/v7e-m+fp/hard/libc_nano.a(lib_a-nano-mallocr.o)
 .debug_aranges
                0x000009b8       0x20 /usr/lib/gcc/arm-none-eabi/12.2.1/../../../arm-none-eabi/lib/thumb/v7e-m+fp/hard/libc_nano.a(lib_a-nano-reallocr.o)
 .debug_aranges
                0x000009d8       0x20 /usr/lib/gcc/arm-none-eabi/12.2.1/../../../arm-none-eabi/lib/thumb/v7e-m+fp/hard/libc_nano.a(lib_a-sbrkr.o)
 .debug_aranges
                0x000009f8       0x20 /usr/lib/gcc/arm-none-eabi/12.2.1/../../../arm-none-eabi/lib/thumb/v7e-m+fp/hard/libc_nano.a(lib_a-mlock.o)
 .debug_aranges
                0x00000a18       0x20 /usr/lib/gcc/arm-none-eabi/12.2.1/../../../arm-none-eabi/lib/thumb/v7e-m+fp/hard/libc_nano.a(lib_a-nano-msizer.o)
 .debug_aranges
                0x00000a38       0x20 /usr/lib/gcc/arm-none-eabi/12.2.1/../../../arm-none-eabi/lib/thumb/v7e-m+fp/hard/libc_nano.a(lib_a-reent.o)
 .debug_aranges
                0x00000a58       0x20 /usr/lib/gcc/arm-none-eabi/12.2.1/thumb/v7e-m+fp/hard/libgcc.a(_aeabi_uldivmod.o)
 .debug_aranges
                0x00000a78       0x20 /usr/lib/gcc/arm-none-eabi/12.2.1/thumb/v7e-m+fp/hard/libgcc.a(_udivmoddi4.o)
 .debug_aranges
                0x00000a98       0x20 /usr/lib/gcc/arm-none-eabi/12.2.1/thumb/v7e-m+fp/hard/libgcc.a(_dvmd_tls.o)

.debug_rnglists
                0x00000000      0xd6c
 .debug_rnglists
                0x00000000      0x10d CMakeFiles/crc_test.dir/main.cpp.obj
 .debug_rnglists
                0x0000010d       0x3b CMakeFiles/crc_test.dir/Core/Src/main.c.obj
 .debug_rnglists
                0x00000148       0x2f CMakeFiles/crc_test.dir/Core/Src/gpio.c.obj
 .debug_rnglists
                0x00000177       0x2b CMakeFiles/crc_test.dir/Core/Src/crc.c.obj
 .debug_rnglists
                0x000001a2       0x31 CMakeFiles/crc_test.dir/Core/Src/usart.c.obj
 .debug_rnglists
                0x000001d3       0x43 CMakeFiles/crc_test.dir/Core/Src/stm32f4xx_it.c.obj
 .debug_rnglists
                0x00000216       0x37 CMakeFiles/crc_test.dir/Drivers/STM32F4xx_HAL_Driver/Src/stm32f4xx_hal_crc.c.obj
 .debug_rnglists
                0x0000024d       0xca CMakeFiles/crc_test.dir/Drivers/STM32F4xx_HAL_Driver/Src/stm32f4xx_hal_rcc.c.obj
 .debug_rnglists
                0x00000317       0x4b CMakeFiles/crc_test.dir/Drivers/STM32F4xx_HAL_Driver/Src/stm32f4xx_hal_gpio.c.obj
 .debug_rnglists
                0x00000362      0x100 CMakeFiles/crc_test.dir/Drivers/STM32F4xx_HAL_Driver/Src/stm32f4xx_hal_cortex.c.obj
 .debug_rnglists
                0x00000462       0xaf CMakeFiles/crc_test.dir/Drivers/STM32F4xx_HAL_Driver/Src/stm32f4xx_hal.c.obj
 .debug_rnglists
                0x00000511      0x242 CMakeFiles/crc_test.dir/Drivers/STM32F4xx_HAL_Driver/Src/stm32f4xx_hal_uart.c.obj
 .debug_rnglists
                0x00000753       0x19 CMakeFiles/crc_test.dir/Core/Src/system_stm32f4xx.c.obj
 .debug_rnglists
                0x0000076c       0x13 CMakeFiles/crc_test.dir/Core/Src/sysmem.c.obj
 .debug_rnglists
                0x0000077f       0x19 CMakeFiles/crc_test.dir/startup_stm32f411xe.s.obj
 .debug_rnglists
                0x00000798       0x6b FUTs/libstm32_crc_fut.a(crc_fut.c.obj)
 .debug_rnglists
                0x00000803       0x13 embench/printers/rtt/libprinter_rtt.a(printer_rtt.cpp.obj)
 .debug_rnglists
                0x00000816       0x45 embench/printers/rtt/libprinter_rtt.a(SEGGER_RTT_printf.c.obj)
 .debug_rnglists
                0x0000085b      0x2b3 embench/printers/rtt/libprinter_rtt.a(SEGGER_RTT.c.obj)
 .debug_rnglists
                0x00000b0e       0xf9 embench/proc/min_max_avg/libproc_min_max_avg.a(proc_min_max_avg.cpp.obj)
 .debug_rnglists
                0x00000c07       0x42 /usr/lib/gcc/arm-none-eabi/12.2.1/../../../arm-none-eabi/lib/thumb/v7e-m+fp/hard/libc_nano.a(lib_a-nano-svfprintf.o)
 .debug_rnglists
                0x00000c49       0x61 /usr/lib/gcc/arm-none-eabi/12.2.1/../../../arm-none-eabi/lib/thumb/v7e-m+fp/hard/libc_nano.a(lib_a-nano-vfprintf_i.o)
 .debug_rnglists
                0x00000caa       0x13 /usr/lib/gcc/arm-none-eabi/12.2.1/../../../arm-none-eabi/lib/thumb/v7e-m+fp/hard/libc_nano.a(lib_a-nano-freer.o)
 .debug_rnglists
                0x00000cbd       0x26 /usr/lib/gcc/arm-none-eabi/12.2.1/../../../arm-none-eabi/lib/thumb/v7e-m+fp/hard/libc_nano.a(lib_a-nano-mallocr.o)
 .debug_rnglists
                0x00000ce3       0x89 /usr/lib/gcc/arm-none-eabi/12.2.1/thumb/v7e-m+fp/hard/libgcc.a(_udivmoddi4.o)

.debug_line     0x00000000     0xddc6
 .debug_line    0x00000000      0x861 CMakeFiles/crc_test.dir/main.cpp.obj
 .debug_line    0x00000861      0x3ec CMakeFiles/crc_test.dir/Core/Src/main.c.obj
 .debug_line    0x00000c4d      0x24f CMakeFiles/crc_test.dir/Core/Src/gpio.c.obj
 .debug_line    0x00000e9c      0x2ef CMakeFiles/crc_test.dir/Core/Src/crc.c.obj
 .debug_line    0x0000118b      0x3a0 CMakeFiles/crc_test.dir/Core/Src/usart.c.obj
 .debug_line    0x0000152b      0x20f CMakeFiles/crc_test.dir/Core/Src/stm32f4xx_it.c.obj
 .debug_line    0x0000173a      0x407 CMakeFiles/crc_test.dir/Drivers/STM32F4xx_HAL_Driver/Src/stm32f4xx_hal_crc.c.obj
 .debug_line    0x00001b41      0xc56 CMakeFiles/crc_test.dir/Drivers/STM32F4xx_HAL_Driver/Src/stm32f4xx_hal_rcc.c.obj
 .debug_line    0x00002797      0x82c CMakeFiles/crc_test.dir/Drivers/STM32F4xx_HAL_Driver/Src/stm32f4xx_hal_gpio.c.obj
 .debug_line    0x00002fc3      0x919 CMakeFiles/crc_test.dir/Drivers/STM32F4xx_HAL_Driver/Src/stm32f4xx_hal_cortex.c.obj
 .debug_line    0x000038dc      0x684 CMakeFiles/crc_test.dir/Drivers/STM32F4xx_HAL_Driver/Src/stm32f4xx_hal.c.obj
 .debug_line    0x00003f60     0x3f70 CMakeFiles/crc_test.dir/Drivers/STM32F4xx_HAL_Driver/Src/stm32f4xx_hal_uart.c.obj
 .debug_line    0x00007ed0      0x296 CMakeFiles/crc_test.dir/Core/Src/system_stm32f4xx.c.obj
 .debug_line    0x00008166      0x150 CMakeFiles/crc_test.dir/Core/Src/sysmem.c.obj
 .debug_line    0x000082b6       0x7a CMakeFiles/crc_test.dir/startup_stm32f411xe.s.obj
 .debug_line    0x00008330      0x39c FUTs/libstm32_crc_fut.a(crc_fut.c.obj)
 .debug_line    0x000086cc      0x1e0 embench/printers/rtt/libprinter_rtt.a(printer_rtt.cpp.obj)
 .debug_line    0x000088ac      0x713 embench/printers/rtt/libprinter_rtt.a(SEGGER_RTT_printf.c.obj)
 .debug_line    0x00008fbf     0x17ec embench/printers/rtt/libprinter_rtt.a(SEGGER_RTT.c.obj)
 .debug_line    0x0000a7ab      0x755 embench/proc/min_max_avg/libproc_min_max_avg.a(proc_min_max_avg.cpp.obj)
 .debug_line    0x0000af00      0x103 /usr/lib/gcc/arm-none-eabi/12.2.1/../../../arm-none-eabi/lib/thumb/v7e-m+fp/hard/libc_nano.a(lib_a-errno.o)
 .debug_line    0x0000b003       0xde /usr/lib/gcc/arm-none-eabi/12.2.1/../../../arm-none-eabi/lib/thumb/v7e-m+fp/hard/libc_nano.a(lib_a-impure.o)
 .debug_line    0x0000b0e1      0x12c /usr/lib/gcc/arm-none-eabi/12.2.1/../../../arm-none-eabi/lib/thumb/v7e-m+fp/hard/libc_nano.a(lib_a-init.o)
 .debug_line    0x0000b20d       0xb9 /usr/lib/gcc/arm-none-eabi/12.2.1/../../../arm-none-eabi/lib/thumb/v7e-m+fp/hard/libc_nano.a(lib_a-memcpy.o)
 .debug_line    0x0000b2c6      0x1b0 /usr/lib/gcc/arm-none-eabi/12.2.1/../../../arm-none-eabi/lib/thumb/v7e-m+fp/hard/libc_nano.a(lib_a-memset.o)
 .debug_line    0x0000b476      0x37e /usr/lib/gcc/arm-none-eabi/12.2.1/../../../arm-none-eabi/lib/thumb/v7e-m+fp/hard/libc_nano.a(lib_a-snprintf.o)
 .debug_line    0x0000b7f4      0x833 /usr/lib/gcc/arm-none-eabi/12.2.1/../../../arm-none-eabi/lib/thumb/v7e-m+fp/hard/libc_nano.a(lib_a-nano-svfprintf.o)
 .debug_line    0x0000c027      0x744 /usr/lib/gcc/arm-none-eabi/12.2.1/../../../arm-none-eabi/lib/thumb/v7e-m+fp/hard/libc_nano.a(lib_a-nano-vfprintf_i.o)
 .debug_line    0x0000c76b       0x82 /usr/lib/gcc/arm-none-eabi/12.2.1/../../../arm-none-eabi/lib/thumb/v7e-m+fp/hard/libc_nano.a(lib_a-memchr.o)
 .debug_line    0x0000c7ed      0x1ea /usr/lib/gcc/arm-none-eabi/12.2.1/../../../arm-none-eabi/lib/thumb/v7e-m+fp/hard/libc_nano.a(lib_a-memmove.o)
 .debug_line    0x0000c9d7      0x2a6 /usr/lib/gcc/arm-none-eabi/12.2.1/../../../arm-none-eabi/lib/thumb/v7e-m+fp/hard/libc_nano.a(lib_a-nano-freer.o)
 .debug_line    0x0000cc7d      0x2cd /usr/lib/gcc/arm-none-eabi/12.2.1/../../../arm-none-eabi/lib/thumb/v7e-m+fp/hard/libc_nano.a(lib_a-nano-mallocr.o)
 .debug_line    0x0000cf4a      0x1b4 /usr/lib/gcc/arm-none-eabi/12.2.1/../../../arm-none-eabi/lib/thumb/v7e-m+fp/hard/libc_nano.a(lib_a-nano-reallocr.o)
 .debug_line    0x0000d0fe      0x177 /usr/lib/gcc/arm-none-eabi/12.2.1/../../../arm-none-eabi/lib/thumb/v7e-m+fp/hard/libc_nano.a(lib_a-sbrkr.o)
 .debug_line    0x0000d275      0x13b /usr/lib/gcc/arm-none-eabi/12.2.1/../../../arm-none-eabi/lib/thumb/v7e-m+fp/hard/libc_nano.a(lib_a-mlock.o)
 .debug_line    0x0000d3b0      0x154 /usr/lib/gcc/arm-none-eabi/12.2.1/../../../arm-none-eabi/lib/thumb/v7e-m+fp/hard/libc_nano.a(lib_a-nano-msizer.o)
 .debug_line    0x0000d504      0x2b4 /usr/lib/gcc/arm-none-eabi/12.2.1/../../../arm-none-eabi/lib/thumb/v7e-m+fp/hard/libc_nano.a(lib_a-reent.o)
 .debug_line    0x0000d7b8       0x4e /usr/lib/gcc/arm-none-eabi/12.2.1/thumb/v7e-m+fp/hard/libgcc.a(_aeabi_uldivmod.o)
 .debug_line    0x0000d806      0x576 /usr/lib/gcc/arm-none-eabi/12.2.1/thumb/v7e-m+fp/hard/libgcc.a(_udivmoddi4.o)
 .debug_line    0x0000dd7c       0x4a /usr/lib/gcc/arm-none-eabi/12.2.1/thumb/v7e-m+fp/hard/libgcc.a(_dvmd_tls.o)

.debug_str      0x00000000     0x79e4
 .debug_str     0x00000000     0x19b0 CMakeFiles/crc_test.dir/main.cpp.obj
                               0x1b80 (size before relaxing)
 .debug_str     0x000019b0      0x411 CMakeFiles/crc_test.dir/Core/Src/main.c.obj
                                0x53f (size before relaxing)
 .debug_str     0x00001dc1      0x104 CMakeFiles/crc_test.dir/Core/Src/gpio.c.obj
                                0x45d (size before relaxing)
 .debug_str     0x00001ec5      0x158 CMakeFiles/crc_test.dir/Core/Src/crc.c.obj
                                0x504 (size before relaxing)
 .debug_str     0x0000201d      0x470 CMakeFiles/crc_test.dir/Core/Src/usart.c.obj
                                0x90f (size before relaxing)
 .debug_str     0x0000248d       0xf6 CMakeFiles/crc_test.dir/Core/Src/stm32f4xx_it.c.obj
                                0x316 (size before relaxing)
 .debug_str     0x00002583       0xd4 CMakeFiles/crc_test.dir/Drivers/STM32F4xx_HAL_Driver/Src/stm32f4xx_hal_crc.c.obj
                                0x46a (size before relaxing)
 .debug_str     0x00002657      0x275 CMakeFiles/crc_test.dir/Drivers/STM32F4xx_HAL_Driver/Src/stm32f4xx_hal_rcc.c.obj
                                0x7d4 (size before relaxing)
 .debug_str     0x000028cc      0x154 CMakeFiles/crc_test.dir/Drivers/STM32F4xx_HAL_Driver/Src/stm32f4xx_hal_gpio.c.obj
                                0x5b9 (size before relaxing)
 .debug_str     0x00002a20      0x918 CMakeFiles/crc_test.dir/Drivers/STM32F4xx_HAL_Driver/Src/stm32f4xx_hal_cortex.c.obj
                                0xbe5 (size before relaxing)
 .debug_str     0x00003338      0x2f6 CMakeFiles/crc_test.dir/Drivers/STM32F4xx_HAL_Driver/Src/stm32f4xx_hal.c.obj
                                0xafa (size before relaxing)
 .debug_str     0x0000362e      0x6a2 CMakeFiles/crc_test.dir/Drivers/STM32F4xx_HAL_Driver/Src/stm32f4xx_hal_uart.c.obj
                                0xe57 (size before relaxing)
 .debug_str     0x00003cd0       0x89 CMakeFiles/crc_test.dir/Core/Src/system_stm32f4xx.c.obj
                                0x459 (size before relaxing)
 .debug_str     0x00003d59       0xbc CMakeFiles/crc_test.dir/Core/Src/sysmem.c.obj
                                0x2f7 (size before relaxing)
 .debug_str     0x00003e15       0x72 CMakeFiles/crc_test.dir/startup_stm32f411xe.s.obj
                                 0xc9 (size before relaxing)
 .debug_str     0x00003e87      0x1d4 FUTs/libstm32_crc_fut.a(crc_fut.c.obj)
                                0x572 (size before relaxing)
 .debug_str     0x0000405b      0x163 embench/printers/rtt/libprinter_rtt.a(printer_rtt.cpp.obj)
                                0x4d4 (size before relaxing)
 .debug_str     0x000041be      0x14b embench/printers/rtt/libprinter_rtt.a(SEGGER_RTT_printf.c.obj)
                                0x3c0 (size before relaxing)
 .debug_str     0x00004309      0x4fe embench/printers/rtt/libprinter_rtt.a(SEGGER_RTT.c.obj)
                                0x7a4 (size before relaxing)
 .debug_str     0x00004807     0x2092 embench/proc/min_max_avg/libproc_min_max_avg.a(proc_min_max_avg.cpp.obj)
                               0x2dc5 (size before relaxing)
 .debug_str     0x00006899      0x10f /usr/lib/gcc/arm-none-eabi/12.2.1/../../../arm-none-eabi/lib/thumb/v7e-m+fp/hard/libc_nano.a(lib_a-errno.o)
                                0x4f7 (size before relaxing)
 .debug_str     0x000069a8       0xec /usr/lib/gcc/arm-none-eabi/12.2.1/../../../arm-none-eabi/lib/thumb/v7e-m+fp/hard/libc_nano.a(lib_a-impure.o)
                                0x54e (size before relaxing)
 .debug_str     0x00006a94       0xea /usr/lib/gcc/arm-none-eabi/12.2.1/../../../arm-none-eabi/lib/thumb/v7e-m+fp/hard/libc_nano.a(lib_a-init.o)
                                0x1fb (size before relaxing)
 .debug_str     0x00006b7e       0xa4 /usr/lib/gcc/arm-none-eabi/12.2.1/../../../arm-none-eabi/lib/thumb/v7e-m+fp/hard/libc_nano.a(lib_a-memcpy.o)
                                 0xb7 (size before relaxing)
 .debug_str     0x00006c22       0xa4 /usr/lib/gcc/arm-none-eabi/12.2.1/../../../arm-none-eabi/lib/thumb/v7e-m+fp/hard/libc_nano.a(lib_a-memset.o)
                                0x1b0 (size before relaxing)
 .debug_str     0x00006cc6       0xa9 /usr/lib/gcc/arm-none-eabi/12.2.1/../../../arm-none-eabi/lib/thumb/v7e-m+fp/hard/libc_nano.a(lib_a-snprintf.o)
                                0x54b (size before relaxing)
 .debug_str     0x00006d6f      0x27d /usr/lib/gcc/arm-none-eabi/12.2.1/../../../arm-none-eabi/lib/thumb/v7e-m+fp/hard/libc_nano.a(lib_a-nano-svfprintf.o)
                                0x845 (size before relaxing)
 .debug_str     0x00006fec       0x8d /usr/lib/gcc/arm-none-eabi/12.2.1/../../../arm-none-eabi/lib/thumb/v7e-m+fp/hard/libc_nano.a(lib_a-nano-vfprintf_i.o)
                                0x7dc (size before relaxing)
 .debug_str     0x00007079       0x3c /usr/lib/gcc/arm-none-eabi/12.2.1/../../../arm-none-eabi/lib/thumb/v7e-m+fp/hard/libc_nano.a(lib_a-memchr.o)
                                 0xa9 (size before relaxing)
 .debug_str     0x000070b5       0x66 /usr/lib/gcc/arm-none-eabi/12.2.1/../../../arm-none-eabi/lib/thumb/v7e-m+fp/hard/libc_nano.a(lib_a-memmove.o)
                                0x1cf (size before relaxing)
 .debug_str     0x0000711b      0x110 /usr/lib/gcc/arm-none-eabi/12.2.1/../../../arm-none-eabi/lib/thumb/v7e-m+fp/hard/libc_nano.a(lib_a-nano-freer.o)
                                0x585 (size before relaxing)
 .debug_str     0x0000722b       0x46 /usr/lib/gcc/arm-none-eabi/12.2.1/../../../arm-none-eabi/lib/thumb/v7e-m+fp/hard/libc_nano.a(lib_a-nano-mallocr.o)
                                0x5ba (size before relaxing)
 .debug_str     0x00007271       0x23 /usr/lib/gcc/arm-none-eabi/12.2.1/../../../arm-none-eabi/lib/thumb/v7e-m+fp/hard/libc_nano.a(lib_a-nano-reallocr.o)
                                0x56f (size before relaxing)
 .debug_str     0x00007294       0x32 /usr/lib/gcc/arm-none-eabi/12.2.1/../../../arm-none-eabi/lib/thumb/v7e-m+fp/hard/libc_nano.a(lib_a-sbrkr.o)
                                0x506 (size before relaxing)
 .debug_str     0x000072c6       0x4c /usr/lib/gcc/arm-none-eabi/12.2.1/../../../arm-none-eabi/lib/thumb/v7e-m+fp/hard/libc_nano.a(lib_a-mlock.o)
                                0x51c (size before relaxing)
 .debug_str     0x00007312        0xf /usr/lib/gcc/arm-none-eabi/12.2.1/../../../arm-none-eabi/lib/thumb/v7e-m+fp/hard/libc_nano.a(lib_a-nano-msizer.o)
                                0x54d (size before relaxing)
 .debug_str     0x00007321       0x5e /usr/lib/gcc/arm-none-eabi/12.2.1/../../../arm-none-eabi/lib/thumb/v7e-m+fp/hard/libc_nano.a(lib_a-reent.o)
                                0x52e (size before relaxing)
 .debug_str     0x0000737f       0xa3 /usr/lib/gcc/arm-none-eabi/12.2.1/thumb/v7e-m+fp/hard/libgcc.a(_aeabi_uldivmod.o)
 .debug_str     0x00007422      0x576 /usr/lib/gcc/arm-none-eabi/12.2.1/thumb/v7e-m+fp/hard/libgcc.a(_udivmoddi4.o)
                                0x676 (size before relaxing)
 .debug_str     0x00007998       0x4c /usr/lib/gcc/arm-none-eabi/12.2.1/thumb/v7e-m+fp/hard/libgcc.a(_dvmd_tls.o)
                                 0xc3 (size before relaxing)

.debug_frame    0x00000000     0x18e0
 .debug_frame   0x00000000       0x48 CMakeFiles/crc_test.dir/main.cpp.obj
 .debug_frame   0x00000048       0x40 CMakeFiles/crc_test.dir/Core/Src/main.c.obj
 .debug_frame   0x00000088       0x30 CMakeFiles/crc_test.dir/Core/Src/gpio.c.obj
 .debug_frame   0x000000b8       0x54 CMakeFiles/crc_test.dir/Core/Src/crc.c.obj
 .debug_frame   0x0000010c       0x60 CMakeFiles/crc_test.dir/Core/Src/usart.c.obj
 .debug_frame   0x0000016c       0xa0 CMakeFiles/crc_test.dir/Core/Src/stm32f4xx_it.c.obj
 .debug_frame   0x0000020c       0xb0 CMakeFiles/crc_test.dir/Drivers/STM32F4xx_HAL_Driver/Src/stm32f4xx_hal_crc.c.obj
 .debug_frame   0x000002bc      0x178 CMakeFiles/crc_test.dir/Drivers/STM32F4xx_HAL_Driver/Src/stm32f4xx_hal_rcc.c.obj
 .debug_frame   0x00000434       0xd8 CMakeFiles/crc_test.dir/Drivers/STM32F4xx_HAL_Driver/Src/stm32f4xx_hal_gpio.c.obj
 .debug_frame   0x0000050c      0x188 CMakeFiles/crc_test.dir/Drivers/STM32F4xx_HAL_Driver/Src/stm32f4xx_hal_cortex.c.obj
 .debug_frame   0x00000694      0x1f4 CMakeFiles/crc_test.dir/Drivers/STM32F4xx_HAL_Driver/Src/stm32f4xx_hal.c.obj
 .debug_frame   0x00000888      0x5d4 CMakeFiles/crc_test.dir/Drivers/STM32F4xx_HAL_Driver/Src/stm32f4xx_hal_uart.c.obj
 .debug_frame   0x00000e5c       0x30 CMakeFiles/crc_test.dir/Core/Src/system_stm32f4xx.c.obj
 .debug_frame   0x00000e8c       0x28 CMakeFiles/crc_test.dir/Core/Src/sysmem.c.obj
 .debug_frame   0x00000eb4       0x68 FUTs/libstm32_crc_fut.a(crc_fut.c.obj)
 .debug_frame   0x00000f1c       0x20 embench/printers/rtt/libprinter_rtt.a(printer_rtt.cpp.obj)
 .debug_frame   0x00000f3c       0xb8 embench/printers/rtt/libprinter_rtt.a(SEGGER_RTT_printf.c.obj)
 .debug_frame   0x00000ff4      0x42c embench/printers/rtt/libprinter_rtt.a(SEGGER_RTT.c.obj)
 .debug_frame   0x00001420       0x64 embench/proc/min_max_avg/libproc_min_max_avg.a(proc_min_max_avg.cpp.obj)
 .debug_frame   0x00001484       0x20 /usr/lib/gcc/arm-none-eabi/12.2.1/../../../arm-none-eabi/lib/thumb/v7e-m+fp/hard/libc_nano.a(lib_a-errno.o)
 .debug_frame   0x000014a4       0x2c /usr/lib/gcc/arm-none-eabi/12.2.1/../../../arm-none-eabi/lib/thumb/v7e-m+fp/hard/libc_nano.a(lib_a-init.o)
 .debug_frame   0x000014d0       0x2c /usr/lib/gcc/arm-none-eabi/12.2.1/../../../arm-none-eabi/lib/thumb/v7e-m+fp/hard/libc_nano.a(lib_a-memset.o)
 .debug_frame   0x000014fc       0x94 /usr/lib/gcc/arm-none-eabi/12.2.1/../../../arm-none-eabi/lib/thumb/v7e-m+fp/hard/libc_nano.a(lib_a-snprintf.o)
 .debug_frame   0x00001590       0x98 /usr/lib/gcc/arm-none-eabi/12.2.1/../../../arm-none-eabi/lib/thumb/v7e-m+fp/hard/libc_nano.a(lib_a-nano-svfprintf.o)
 .debug_frame   0x00001628       0x6c /usr/lib/gcc/arm-none-eabi/12.2.1/../../../arm-none-eabi/lib/thumb/v7e-m+fp/hard/libc_nano.a(lib_a-nano-vfprintf_i.o)
 .debug_frame   0x00001694       0x40 /usr/lib/gcc/arm-none-eabi/12.2.1/../../../arm-none-eabi/lib/thumb/v7e-m+fp/hard/libc_nano.a(lib_a-memmove.o)
 .debug_frame   0x000016d4       0x58 /usr/lib/gcc/arm-none-eabi/12.2.1/../../../arm-none-eabi/lib/thumb/v7e-m+fp/hard/libc_nano.a(lib_a-nano-freer.o)
 .debug_frame   0x0000172c       0x30 /usr/lib/gcc/arm-none-eabi/12.2.1/../../../arm-none-eabi/lib/thumb/v7e-m+fp/hard/libc_nano.a(lib_a-nano-mallocr.o)
 .debug_frame   0x0000175c       0x38 /usr/lib/gcc/arm-none-eabi/12.2.1/../../../arm-none-eabi/lib/thumb/v7e-m+fp/hard/libc_nano.a(lib_a-nano-reallocr.o)
 .debug_frame   0x00001794       0x2c /usr/lib/gcc/arm-none-eabi/12.2.1/../../../arm-none-eabi/lib/thumb/v7e-m+fp/hard/libc_nano.a(lib_a-sbrkr.o)
 .debug_frame   0x000017c0       0x30 /usr/lib/gcc/arm-none-eabi/12.2.1/../../../arm-none-eabi/lib/thumb/v7e-m+fp/hard/libc_nano.a(lib_a-mlock.o)
 .debug_frame   0x000017f0       0x20 /usr/lib/gcc/arm-none-eabi/12.2.1/../../../arm-none-eabi/lib/thumb/v7e-m+fp/hard/libc_nano.a(lib_a-nano-msizer.o)
 .debug_frame   0x00001810       0x70 /usr/lib/gcc/arm-none-eabi/12.2.1/../../../arm-none-eabi/lib/thumb/v7e-m+fp/hard/libc_nano.a(lib_a-reent.o)
 .debug_frame   0x00001880       0x2c /usr/lib/gcc/arm-none-eabi/12.2.1/thumb/v7e-m+fp/hard/libgcc.a(_aeabi_uldivmod.o)
 .debug_frame   0x000018ac       0x34 /usr/lib/gcc/arm-none-eabi/12.2.1/thumb/v7e-m+fp/hard/libgcc.a(_udivmoddi4.o)

.debug_line_str
                0x00000000      0x1ff
 .debug_line_str
                0x00000000       0xaf CMakeFiles/crc_test.dir/startup_stm32f411xe.s.obj
 .debug_line_str
                0x000000af       0xa4 /usr/lib/gcc/arm-none-eabi/12.2.1/../../../arm-none-eabi/lib/thumb/v7e-m+fp/hard/libc_nano.a(lib_a-memcpy.o)
 .debug_line_str
                0x00000153        0x9 /usr/lib/gcc/arm-none-eabi/12.2.1/../../../arm-none-eabi/lib/thumb/v7e-m+fp/hard/libc_nano.a(lib_a-memchr.o)
                                 0x9d (size before relaxing)
 .debug_line_str
                0x0000015c       0x97 /usr/lib/gcc/arm-none-eabi/12.2.1/thumb/v7e-m+fp/hard/libgcc.a(_aeabi_uldivmod.o)
 .debug_line_str
                0x000001f3        0xc /usr/lib/gcc/arm-none-eabi/12.2.1/thumb/v7e-m+fp/hard/libgcc.a(_dvmd_tls.o)
                                 0x9b (size before relaxing)
