Archive member included to satisfy reference by file (symbol)

FUTs/libstm32_crc_fut.a(crc_fut.c.obj)
                              CMakeFiles/crc_test.dir/main.cpp.obj (crc32_eth_simple)
c:/progra~2/gnuarm~1/102021~1.10/bin/../lib/gcc/arm-none-eabi/10.3.1/../../../../arm-none-eabi/lib/thumb/v7e-m+fp/hard\libstdc++.a(del_ops.o)
                              CMakeFiles/crc_test.dir/E_/Projects/embench-plus-plus/src/proc/proc_min_max_avg.cpp.obj (operator delete(void*, unsigned int))
c:/progra~2/gnuarm~1/102021~1.10/bin/../lib/gcc/arm-none-eabi/10.3.1/../../../../arm-none-eabi/lib/thumb/v7e-m+fp/hard\libstdc++.a(guard.o)
                              CMakeFiles/crc_test.dir/main.cpp.obj (__cxa_guard_acquire)
c:/progra~2/gnuarm~1/102021~1.10/bin/../lib/gcc/arm-none-eabi/10.3.1/../../../../arm-none-eabi/lib/thumb/v7e-m+fp/hard\libstdc++.a(guard_error.o)
                              c:/progra~2/gnuarm~1/102021~1.10/bin/../lib/gcc/arm-none-eabi/10.3.1/../../../../arm-none-eabi/lib/thumb/v7e-m+fp/hard\libstdc++.a(guard.o) (__gnu_cxx::recursive_init_error::~recursive_init_error())
c:/progra~2/gnuarm~1/102021~1.10/bin/../lib/gcc/arm-none-eabi/10.3.1/../../../../arm-none-eabi/lib/thumb/v7e-m+fp/hard\libstdc++.a(new_op.o)
                              CMakeFiles/crc_test.dir/E_/Projects/embench-plus-plus/src/proc/proc_min_max_avg.cpp.obj (operator new(unsigned int))
c:/progra~2/gnuarm~1/102021~1.10/bin/../lib/gcc/arm-none-eabi/10.3.1/../../../../arm-none-eabi/lib/thumb/v7e-m+fp/hard\libstdc++.a(si_class_type_info.o)
                              c:/progra~2/gnuarm~1/102021~1.10/bin/../lib/gcc/arm-none-eabi/10.3.1/../../../../arm-none-eabi/lib/thumb/v7e-m+fp/hard\libstdc++.a(guard_error.o) (vtable for __cxxabiv1::__si_class_type_info)
c:/progra~2/gnuarm~1/102021~1.10/bin/../lib/gcc/arm-none-eabi/10.3.1/../../../../arm-none-eabi/lib/thumb/v7e-m+fp/hard\libstdc++.a(tinfo.o)
                              c:/progra~2/gnuarm~1/102021~1.10/bin/../lib/gcc/arm-none-eabi/10.3.1/../../../../arm-none-eabi/lib/thumb/v7e-m+fp/hard\libstdc++.a(si_class_type_info.o) (std::type_info::__is_pointer_p() const)
c:/progra~2/gnuarm~1/102021~1.10/bin/../lib/gcc/arm-none-eabi/10.3.1/../../../../arm-none-eabi/lib/thumb/v7e-m+fp/hard\libstdc++.a(functexcept.o)
                              CMakeFiles/crc_test.dir/E_/Projects/embench-plus-plus/src/proc/proc_min_max_avg.cpp.obj (std::__throw_bad_alloc())
c:/progra~2/gnuarm~1/102021~1.10/bin/../lib/gcc/arm-none-eabi/10.3.1/../../../../arm-none-eabi/lib/thumb/v7e-m+fp/hard\libstdc++.a(snprintf_lite.o)
                              c:/progra~2/gnuarm~1/102021~1.10/bin/../lib/gcc/arm-none-eabi/10.3.1/../../../../arm-none-eabi/lib/thumb/v7e-m+fp/hard\libstdc++.a(functexcept.o) (__gnu_cxx::__snprintf_lite(char*, unsigned int, char const*, std::__va_list))
c:/progra~2/gnuarm~1/102021~1.10/bin/../lib/gcc/arm-none-eabi/10.3.1/../../../../arm-none-eabi/lib/thumb/v7e-m+fp/hard\libstdc++.a(bad_alloc.o)
                              c:/progra~2/gnuarm~1/102021~1.10/bin/../lib/gcc/arm-none-eabi/10.3.1/../../../../arm-none-eabi/lib/thumb/v7e-m+fp/hard\libstdc++.a(new_op.o) (std::bad_alloc::~bad_alloc())
c:/progra~2/gnuarm~1/102021~1.10/bin/../lib/gcc/arm-none-eabi/10.3.1/../../../../arm-none-eabi/lib/thumb/v7e-m+fp/hard\libstdc++.a(bad_cast.o)
                              c:/progra~2/gnuarm~1/102021~1.10/bin/../lib/gcc/arm-none-eabi/10.3.1/../../../../arm-none-eabi/lib/thumb/v7e-m+fp/hard\libstdc++.a(functexcept.o) (std::bad_cast::~bad_cast())
c:/progra~2/gnuarm~1/102021~1.10/bin/../lib/gcc/arm-none-eabi/10.3.1/../../../../arm-none-eabi/lib/thumb/v7e-m+fp/hard\libstdc++.a(bad_typeid.o)
                              c:/progra~2/gnuarm~1/102021~1.10/bin/../lib/gcc/arm-none-eabi/10.3.1/../../../../arm-none-eabi/lib/thumb/v7e-m+fp/hard\libstdc++.a(functexcept.o) (std::bad_typeid::~bad_typeid())
c:/progra~2/gnuarm~1/102021~1.10/bin/../lib/gcc/arm-none-eabi/10.3.1/../../../../arm-none-eabi/lib/thumb/v7e-m+fp/hard\libstdc++.a(class_type_info.o)
                              c:/progra~2/gnuarm~1/102021~1.10/bin/../lib/gcc/arm-none-eabi/10.3.1/../../../../arm-none-eabi/lib/thumb/v7e-m+fp/hard\libstdc++.a(si_class_type_info.o) (__cxxabiv1::__class_type_info::__do_upcast(__cxxabiv1::__class_type_info const*, void**) const)
c:/progra~2/gnuarm~1/102021~1.10/bin/../lib/gcc/arm-none-eabi/10.3.1/../../../../arm-none-eabi/lib/thumb/v7e-m+fp/hard\libstdc++.a(del_op.o)
                              c:/progra~2/gnuarm~1/102021~1.10/bin/../lib/gcc/arm-none-eabi/10.3.1/../../../../arm-none-eabi/lib/thumb/v7e-m+fp/hard\libstdc++.a(del_ops.o) (operator delete(void*))
c:/progra~2/gnuarm~1/102021~1.10/bin/../lib/gcc/arm-none-eabi/10.3.1/../../../../arm-none-eabi/lib/thumb/v7e-m+fp/hard\libstdc++.a(eh_alloc.o)
                              c:/progra~2/gnuarm~1/102021~1.10/bin/../lib/gcc/arm-none-eabi/10.3.1/../../../../arm-none-eabi/lib/thumb/v7e-m+fp/hard\libstdc++.a(guard.o) (__cxa_allocate_exception)
[...]
Memory Configuration

Name             Origin             Length             Attributes
RAM              0x20000000         0x00020000         xrw
FLASH            0x08000000         0x00080000         xr
*default*        0x00000000         0xffffffff

Linker script and memory map

LOAD c:/progra~2/gnuarm~1/102021~1.10/bin/../lib/gcc/arm-none-eabi/10.3.1/thumb/v7e-m+fp/hard/crti.o
LOAD c:/progra~2/gnuarm~1/102021~1.10/bin/../lib/gcc/arm-none-eabi/10.3.1/thumb/v7e-m+fp/hard/crtbegin.o
LOAD c:/progra~2/gnuarm~1/102021~1.10/bin/../lib/gcc/arm-none-eabi/10.3.1/../../../../arm-none-eabi/lib/thumb/v7e-m+fp/hard/crt0.o
LOAD CMakeFiles/crc_test.dir/main.cpp.obj
LOAD CMakeFiles/crc_test.dir/E_/Projects/embench-plus-plus/src/proc/proc_min_max_avg.cpp.obj
LOAD CMakeFiles/crc_test.dir/E_/Projects/embench-plus-plus/src/printers/rtt/printer_rtt.cpp.obj
LOAD CMakeFiles/crc_test.dir/E_/Projects/embench-plus-plus/src/printers/rtt/segger_rtt/RTT/SEGGER_RTT.c.obj
LOAD CMakeFiles/crc_test.dir/E_/Projects/embench-plus-plus/src/printers/rtt/segger_rtt/RTT/SEGGER_RTT_printf.c.obj
LOAD CMakeFiles/crc_test.dir/Core/Src/main.c.obj
LOAD CMakeFiles/crc_test.dir/Core/Src/gpio.c.obj
LOAD CMakeFiles/crc_test.dir/Core/Src/crc.c.obj
LOAD CMakeFiles/crc_test.dir/Core/Src/usart.c.obj
LOAD CMakeFiles/crc_test.dir/Core/Src/stm32f4xx_it.c.obj
LOAD CMakeFiles/crc_test.dir/Core/Src/stm32f4xx_hal_msp.c.obj
LOAD CMakeFiles/crc_test.dir/Drivers/STM32F4xx_HAL_Driver/Src/stm32f4xx_hal_crc.c.obj
LOAD CMakeFiles/crc_test.dir/Drivers/STM32F4xx_HAL_Driver/Src/stm32f4xx_hal_rcc.c.obj
LOAD CMakeFiles/crc_test.dir/Drivers/STM32F4xx_HAL_Driver/Src/stm32f4xx_hal_rcc_ex.c.obj
LOAD CMakeFiles/crc_test.dir/Drivers/STM32F4xx_HAL_Driver/Src/stm32f4xx_hal_flash.c.obj
LOAD CMakeFiles/crc_test.dir/Drivers/STM32F4xx_HAL_Driver/Src/stm32f4xx_hal_flash_ex.c.obj
LOAD CMakeFiles/crc_test.dir/Drivers/STM32F4xx_HAL_Driver/Src/stm32f4xx_hal_flash_ramfunc.c.obj
LOAD CMakeFiles/crc_test.dir/Drivers/STM32F4xx_HAL_Driver/Src/stm32f4xx_hal_gpio.c.obj
LOAD CMakeFiles/crc_test.dir/Drivers/STM32F4xx_HAL_Driver/Src/stm32f4xx_hal_dma_ex.c.obj
LOAD CMakeFiles/crc_test.dir/Drivers/STM32F4xx_HAL_Driver/Src/stm32f4xx_hal_dma.c.obj
LOAD CMakeFiles/crc_test.dir/Drivers/STM32F4xx_HAL_Driver/Src/stm32f4xx_hal_pwr.c.obj
LOAD CMakeFiles/crc_test.dir/Drivers/STM32F4xx_HAL_Driver/Src/stm32f4xx_hal_pwr_ex.c.obj
LOAD CMakeFiles/crc_test.dir/Drivers/STM32F4xx_HAL_Driver/Src/stm32f4xx_hal_cortex.c.obj
LOAD CMakeFiles/crc_test.dir/Drivers/STM32F4xx_HAL_Driver/Src/stm32f4xx_hal.c.obj
LOAD CMakeFiles/crc_test.dir/Drivers/STM32F4xx_HAL_Driver/Src/stm32f4xx_hal_exti.c.obj
LOAD CMakeFiles/crc_test.dir/Drivers/STM32F4xx_HAL_Driver/Src/stm32f4xx_hal_tim.c.obj
LOAD CMakeFiles/crc_test.dir/Drivers/STM32F4xx_HAL_Driver/Src/stm32f4xx_hal_tim_ex.c.obj
LOAD CMakeFiles/crc_test.dir/Drivers/STM32F4xx_HAL_Driver/Src/stm32f4xx_hal_uart.c.obj
LOAD CMakeFiles/crc_test.dir/Core/Src/system_stm32f4xx.c.obj
LOAD CMakeFiles/crc_test.dir/Core/Src/sysmem.c.obj
LOAD CMakeFiles/crc_test.dir/Core/Src/syscalls.c.obj
LOAD CMakeFiles/crc_test.dir/startup_stm32f411xe.s.obj
LOAD FUTs/libstm32_crc_fut.a
LOAD c:/progra~2/gnuarm~1/102021~1.10/bin/../lib/gcc/arm-none-eabi/10.3.1/../../../../arm-none-eabi/lib/thumb/v7e-m+fp/hard\libstdc++.a
LOAD c:/progra~2/gnuarm~1/102021~1.10/bin/../lib/gcc/arm-none-eabi/10.3.1/../../../../arm-none-eabi/lib/thumb/v7e-m+fp/hard\libm.a
START GROUP
LOAD c:/progra~2/gnuarm~1/102021~1.10/bin/../lib/gcc/arm-none-eabi/10.3.1/thumb/v7e-m+fp/hard\libgcc.a
LOAD c:/progra~2/gnuarm~1/102021~1.10/bin/../lib/gcc/arm-none-eabi/10.3.1/../../../../arm-none-eabi/lib/thumb/v7e-m+fp/hard\libc.a
END GROUP
LOAD c:/progra~2/gnuarm~1/102021~1.10/bin/../lib/gcc/arm-none-eabi/10.3.1/thumb/v7e-m+fp/hard/crtend.o
LOAD c:/progra~2/gnuarm~1/102021~1.10/bin/../lib/gcc/arm-none-eabi/10.3.1/thumb/v7e-m+fp/hard/crtn.o
                0x20020000                _estack = (ORIGIN (RAM) + LENGTH (RAM))
                0x00000200                _Min_Heap_Size = 0x200
                0x00000400                _Min_Stack_Size = 0x400

.isr_vector     0x08000000      0x198
                0x08000000                . = ALIGN (0x4)
 *(.isr_vector)
 .isr_vector    0x08000000      0x198 CMakeFiles/crc_test.dir/startup_stm32f411xe.s.obj
                0x08000000                g_pfnVectors
                0x08000198                . = ALIGN (0x4)

.text           0x080001c0    0x1cd98
                0x080001c0                . = ALIGN (0x4)
 *(.text)
 .text          0x080001c0        0x0 c:/progra~2/gnuarm~1/102021~1.10/bin/../lib/gcc/arm-none-eabi/10.3.1/thumb/v7e-m+fp/hard/crti.o
 .text          0x080001c0       0x40 c:/progra~2/gnuarm~1/102021~1.10/bin/../lib/gcc/arm-none-eabi/10.3.1/thumb/v7e-m+fp/hard/crtbegin.o
 .text          0x08000200       0x7c c:/progra~2/gnuarm~1/102021~1.10/bin/../lib/gcc/arm-none-eabi/10.3.1/../../../../arm-none-eabi/lib/thumb/v7e-m+fp/hard/crt0.o
                0x08000200                _stack_init
                0x08000208                _start
                0x08000208                _mainCRTStartup
 .text          0x0800027c        0x0 CMakeFiles/crc_test.dir/main.cpp.obj
 .text          0x0800027c        0x0 CMakeFiles/crc_test.dir/E_/Projects/embench-plus-plus/src/proc/proc_min_max_avg.cpp.obj
 .text          0x0800027c        0x0 CMakeFiles/crc_test.dir/E_/Projects/embench-plus-plus/src/printers/rtt/printer_rtt.cpp.obj
 .text          0x0800027c        0x0 CMakeFiles/crc_test.dir/E_/Projects/embench-plus-plus/src/printers/rtt/segger_rtt/RTT/SEGGER_RTT.c.obj
 .text          0x0800027c        0x0 CMakeFiles/crc_test.dir/E_/Projects/embench-plus-plus/src/printers/rtt/segger_rtt/RTT/SEGGER_RTT_printf.c.obj
 .text          0x0800027c        0x0 CMakeFiles/crc_test.dir/Core/Src/main.c.obj
 .text          0x0800027c        0x0 CMakeFiles/crc_test.dir/Core/Src/gpio.c.obj
 .text          0x0800027c        0x0 CMakeFiles/crc_test.dir/Core/Src/crc.c.obj
 .text          0x0800027c        0x0 CMakeFiles/crc_test.dir/Core/Src/usart.c.obj
 .text          0x0800027c        0x0 CMakeFiles/crc_test.dir/Core/Src/stm32f4xx_it.c.obj
 .text          0x0800027c        0x0 CMakeFiles/crc_test.dir/Core/Src/stm32f4xx_hal_msp.c.obj
 .text          0x0800027c        0x0 CMakeFiles/crc_test.dir/Drivers/STM32F4xx_HAL_Driver/Src/stm32f4xx_hal_crc.c.obj
 .text          0x0800027c        0x0 CMakeFiles/crc_test.dir/Drivers/STM32F4xx_HAL_Driver/Src/stm32f4xx_hal_rcc.c.obj
 .text          0x0800027c        0x0 CMakeFiles/crc_test.dir/Drivers/STM32F4xx_HAL_Driver/Src/stm32f4xx_hal_rcc_ex.c.obj
 .text          0x0800027c        0x0 CMakeFiles/crc_test.dir/Drivers/STM32F4xx_HAL_Driver/Src/stm32f4xx_hal_flash.c.obj
 .text          0x0800027c        0x0 CMakeFiles/crc_test.dir/Drivers/STM32F4xx_HAL_Driver/Src/stm32f4xx_hal_flash_ex.c.obj
 .text          0x0800027c        0x0 CMakeFiles/crc_test.dir/Drivers/STM32F4xx_HAL_Driver/Src/stm32f4xx_hal_flash_ramfunc.c.obj
 .text          0x0800027c        0x0 CMakeFiles/crc_test.dir/Drivers/STM32F4xx_HAL_Driver/Src/stm32f4xx_hal_gpio.c.obj
 .text          0x0800027c        0x0 CMakeFiles/crc_test.dir/Drivers/STM32F4xx_HAL_Driver/Src/stm32f4xx_hal_dma_ex.c.obj
 .text          0x0800027c        0x0 CMakeFiles/crc_test.dir/Drivers/STM32F4xx_HAL_Driver/Src/stm32f4xx_hal_dma.c.obj
 .text          0x0800027c        0x0 CMakeFiles/crc_test.dir/Drivers/STM32F4xx_HAL_Driver/Src/stm32f4xx_hal_pwr.c.obj
 .text          0x0800027c        0x0 CMakeFiles/crc_test.dir/Drivers/STM32F4xx_HAL_Driver/Src/stm32f4xx_hal_pwr_ex.c.obj
 .text          0x0800027c        0x0 CMakeFiles/crc_test.dir/Drivers/STM32F4xx_HAL_Driver/Src/stm32f4xx_hal_cortex.c.obj
 .text          0x0800027c        0x0 CMakeFiles/crc_test.dir/Drivers/STM32F4xx_HAL_Driver/Src/stm32f4xx_hal.c.obj
 .text          0x0800027c        0x0 CMakeFiles/crc_test.dir/Drivers/STM32F4xx_HAL_Driver/Src/stm32f4xx_hal_exti.c.obj
 .text          0x0800027c        0x0 CMakeFiles/crc_test.dir/Drivers/STM32F4xx_HAL_Driver/Src/stm32f4xx_hal_tim.c.obj
 .text          0x0800027c        0x0 CMakeFiles/crc_test.dir/Drivers/STM32F4xx_HAL_Driver/Src/stm32f4xx_hal_tim_ex.c.obj
 .text          0x0800027c        0x0 CMakeFiles/crc_test.dir/Drivers/STM32F4xx_HAL_Driver/Src/stm32f4xx_hal_uart.c.obj
 .text          0x0800027c        0x0 CMakeFiles/crc_test.dir/Core/Src/system_stm32f4xx.c.obj
 .text          0x0800027c        0x0 CMakeFiles/crc_test.dir/Core/Src/sysmem.c.obj
 .text          0x0800027c        0x0 CMakeFiles/crc_test.dir/Core/Src/syscalls.c.obj
 .text          0x0800027c       0x14 CMakeFiles/crc_test.dir/startup_stm32f411xe.s.obj
 .text          0x08000290        0x0 FUTs/libstm32_crc_fut.a(crc_fut.c.obj)
 .text          0x08000290        0x0 c:/progra~2/gnuarm~1/102021~1.10/bin/../lib/gcc/arm-none-eabi/10.3.1/../../../../arm-none-eabi/lib/thumb/v7e-m+fp/hard\libstdc++.a(del_ops.o)
 .text          0x08000290        0x0 c:/progra~2/gnuarm~1/102021~1.10/bin/../lib/gcc/arm-none-eabi/10.3.1/../../../../arm-none-eabi/lib/thumb/v7e-m+fp/hard\libstdc++.a(guard.o)
 .text          0x08000290        0x0 c:/progra~2/gnuarm~1/102021~1.10/bin/../lib/gcc/arm-none-eabi/10.3.1/../../../../arm-none-eabi/lib/thumb/v7e-m+fp/hard\libstdc++.a(guard_error.o)
 .text          0x08000290        0x0 c:/progra~2/gnuarm~1/102021~1.10/bin/../lib/gcc/arm-none-eabi/10.3.1/../../../../arm-none-eabi/lib/thumb/v7e-m+fp/hard\libstdc++.a(new_op.o)
 .text          0x08000290        0x0 c:/progra~2/gnuarm~1/102021~1.10/bin/../lib/gcc/arm-none-eabi/10.3.1/../../../../arm-none-eabi/lib/thumb/v7e-m+fp/hard\libstdc++.a(si_class_type_info.o)
 .text          0x08000290        0x0 c:/progra~2/gnuarm~1/102021~1.10/bin/../lib/gcc/arm-none-eabi/10.3.1/../../../../arm-none-eabi/lib/thumb/v7e-m+fp/hard\libstdc++.a(tinfo.o)
 .text          0x08000290        0x0 c:/progra~2/gnuarm~1/102021~1.10/bin/../lib/gcc/arm-none-eabi/10.3.1/../../../../arm-none-eabi/lib/thumb/v7e-m+fp/hard\libstdc++.a(functexcept.o)
 .text          0x08000290        0x0 c:/progra~2/gnuarm~1/102021~1.10/bin/../lib/gcc/arm-none-eabi/10.3.1/../../../../arm-none-eabi/lib/thumb/v7e-m+fp/hard\libstdc++.a(snprintf_lite.o)
 .text          0x08000290        0x0 c:/progra~2/gnuarm~1/102021~1.10/bin/../lib/gcc/arm-none-eabi/10.3.1/../../../../arm-none-eabi/lib/thumb/v7e-m+fp/hard\libstdc++.a(bad_alloc.o)
 .text          0x08000290        0x0 c:/progra~2/gnuarm~1/102021~1.10/bin/../lib/gcc/arm-none-eabi/10.3.1/../../../../arm-none-eabi/lib/thumb/v7e-m+fp/hard\libstdc++.a(bad_cast.o)
 .text          0x08000290        0x0 c:/progra~2/gnuarm~1/102021~1.10/bin/../lib/gcc/arm-none-eabi/10.3.1/../../../../arm-none-eabi/lib/thumb/v7e-m+fp/hard\libstdc++.a(bad_typeid.o)
 .text          0x08000290        0x0 c:/progra~2/gnuarm~1/102021~1.10/bin/../lib/gcc/arm-none-eabi/10.3.1/../../../../arm-none-eabi/lib/thumb/v7e-m+fp/hard\libstdc++.a(class_type_info.o)
 .text          0x08000290        0x0 c:/progra~2/gnuarm~1/102021~1.10/bin/../lib/gcc/arm-none-eabi/10.3.1/../../../../arm-none-eabi/lib/thumb/v7e-m+fp/hard\libstdc++.a(del_op.o)
 .text          0x08000290        0x0 c:/progra~2/gnuarm~1/102021~1.10/bin/../lib/gcc/arm-none-eabi/10.3.1/../../../../arm-none-eabi/lib/thumb/v7e-m+fp/hard\libstdc++.a(eh_alloc.o)
 .text          0x08000290        0x0 c:/progra~2/gnuarm~1/102021~1.10/bin/../lib/gcc/arm-none-eabi/10.3.1/../../../../arm-none-eabi/lib/thumb/v7e-m+fp/hard\libstdc++.a(eh_arm.o)
 .text          0x08000290        0x0 c:/progra~2/gnuarm~1/102021~1.10/bin/../lib/gcc/arm-none-eabi/10.3.1/../../../../arm-none-eabi/lib/thumb/v7e-m+fp/hard\libstdc++.a(eh_exception.o)
 .text          0x08000290        0x0 c:/progra~2/gnuarm~1/102021~1.10/bin/../lib/gcc/arm-none-eabi/10.3.1/../../../../arm-none-eabi/lib/thumb/v7e-m+fp/hard\libstdc++.a(eh_globals.o)
 .text          0x08000290        0x0 c:/progra~2/gnuarm~1/102021~1.10/bin/../lib/gcc/arm-none-eabi/10.3.1/../../../../arm-none-eabi/lib/thumb/v7e-m+fp/hard\libstdc++.a(eh_personality.o)
 .text          0x08000290        0x0 c:/progra~2/gnuarm~1/102021~1.10/bin/../lib/gcc/arm-none-eabi/10.3.1/../../../../arm-none-eabi/lib/thumb/v7e-m+fp/hard\libstdc++.a(eh_terminate.o)
 .text          0x08000290        0x0 c:/progra~2/gnuarm~1/102021~1.10/bin/../lib/gcc/arm-none-eabi/10.3.1/../../../../arm-none-eabi/lib/thumb/v7e-m+fp/hard\libstdc++.a(eh_throw.o)
 .text          0x08000290        0x0 c:/progra~2/gnuarm~1/102021~1.10/bin/../lib/gcc/arm-none-eabi/10.3.1/../../../../arm-none-eabi/lib/thumb/v7e-m+fp/hard\libstdc++.a(eh_unex_handler.o)
 .text          0x08000290        0x0 c:/progra~2/gnuarm~1/102021~1.10/bin/../lib/gcc/arm-none-eabi/10.3.1/../../../../arm-none-eabi/lib/thumb/v7e-m+fp/hard\libstdc++.a(new_handler.o)
 .text          0x08000290        0x0 c:/progra~2/gnuarm~1/102021~1.10/bin/../lib/gcc/arm-none-eabi/10.3.1/../../../../arm-none-eabi/lib/thumb/v7e-m+fp/hard\libstdc++.a(pure.o)
 .text          0x08000290        0x0 c:/progra~2/gnuarm~1/102021~1.10/bin/../lib/gcc/arm-none-eabi/10.3.1/../../../../arm-none-eabi/lib/thumb/v7e-m+fp/hard\libstdc++.a(vterminate.o)
 .text          0x08000290        0x0 c:/progra~2/gnuarm~1/102021~1.10/bin/../lib/gcc/arm-none-eabi/10.3.1/../../../../arm-none-eabi/lib/thumb/v7e-m+fp/hard\libstdc++.a(stdexcept.o)
 .text          0x08000290        0x0 c:/progra~2/gnuarm~1/102021~1.10/bin/../lib/gcc/arm-none-eabi/10.3.1/../../../../arm-none-eabi/lib/thumb/v7e-m+fp/hard\libstdc++.a(cow-stdexcept.o)
 .text          0x08000290        0x0 c:/progra~2/gnuarm~1/102021~1.10/bin/../lib/gcc/arm-none-eabi/10.3.1/../../../../arm-none-eabi/lib/thumb/v7e-m+fp/hard\libstdc++.a(cow-string-inst.o)
 .text          0x08000290        0x0 c:/progra~2/gnuarm~1/102021~1.10/bin/../lib/gcc/arm-none-eabi/10.3.1/../../../../arm-none-eabi/lib/thumb/v7e-m+fp/hard\libstdc++.a(random.o)
 .text          0x08000290        0x0 c:/progra~2/gnuarm~1/102021~1.10/bin/../lib/gcc/arm-none-eabi/10.3.1/../../../../arm-none-eabi/lib/thumb/v7e-m+fp/hard\libstdc++.a(sso_string.o)
 .text          0x08000290        0x0 c:/progra~2/gnuarm~1/102021~1.10/bin/../lib/gcc/arm-none-eabi/10.3.1/../../../../arm-none-eabi/lib/thumb/v7e-m+fp/hard\libstdc++.a(string-inst.o)
 .text          0x08000290     0x5ee4 c:/progra~2/gnuarm~1/102021~1.10/bin/../lib/gcc/arm-none-eabi/10.3.1/../../../../arm-none-eabi/lib/thumb/v7e-m+fp/hard\libstdc++.a(cp-demangle.o)
                0x0800608c                __cxa_demangle
                0x08006150                __gcclibcxx_demangle_callback
 .text          0x08006174        0x0 c:/progra~2/gnuarm~1/102021~1.10/bin/../lib/gcc/arm-none-eabi/10.3.1/../../../../arm-none-eabi/lib/thumb/v7e-m+fp/hard\libstdc++.a(eh_call.o)
 .text          0x08006174        0x0 c:/progra~2/gnuarm~1/102021~1.10/bin/../lib/gcc/arm-none-eabi/10.3.1/../../../../arm-none-eabi/lib/thumb/v7e-m+fp/hard\libstdc++.a(eh_catch.o)
 .text          0x08006174        0x0 c:/progra~2/gnuarm~1/102021~1.10/bin/../lib/gcc/arm-none-eabi/10.3.1/../../../../arm-none-eabi/lib/thumb/v7e-m+fp/hard\libstdc++.a(eh_term_handler.o)
 .text          0x08006174        0x0 c:/progra~2/gnuarm~1/102021~1.10/bin/../lib/gcc/arm-none-eabi/10.3.1/../../../../arm-none-eabi/lib/thumb/v7e-m+fp/hard\libstdc++.a(eh_type.o)
 .text          0x08006174       0xa0 c:/progra~2/gnuarm~1/102021~1.10/bin/../lib/gcc/arm-none-eabi/10.3.1/thumb/v7e-m+fp/hard\libgcc.a(_aeabi_ldivmod.o)
                0x08006174                __aeabi_ldivmod
 .text          0x08006214       0x30 c:/progra~2/gnuarm~1/102021~1.10/bin/../lib/gcc/arm-none-eabi/10.3.1/thumb/v7e-m+fp/hard\libgcc.a(_aeabi_uldivmod.o)
                0x08006214                __aeabi_uldivmod
 .text          0x08006244      0x2d0 c:/progra~2/gnuarm~1/102021~1.10/bin/../lib/gcc/arm-none-eabi/10.3.1/thumb/v7e-m+fp/hard\libgcc.a(_udivmoddi4.o)
                0x08006244                __udivmoddi4
 .text          0x08006514      0x9d8 c:/progra~2/gnuarm~1/102021~1.10/bin/../lib/gcc/arm-none-eabi/10.3.1/thumb/v7e-m+fp/hard\libgcc.a(unwind-arm.o)
                0x080067bc                _Unwind_GetCFA
                0x080067c0                __gnu_Unwind_RaiseException
                0x08006828                __gnu_Unwind_ForcedUnwind
                0x08006838                __gnu_Unwind_Resume
                0x0800687c                __gnu_Unwind_Resume_or_Rethrow
                0x0800688c                _Unwind_Complete
                0x08006890                _Unwind_DeleteException
                0x0800689c                _Unwind_VRS_Get
                0x080068e8                _Unwind_VRS_Set
                0x08006930                __gnu_Unwind_Backtrace
                0x08006c5c                __aeabi_unwind_cpp_pr0
                0x08006c60                __aeabi_unwind_cpp_pr1
                0x08006c64                __aeabi_unwind_cpp_pr2
                0x08006c68                _Unwind_VRS_Pop
 .text          0x08006eec      0x1ac c:/progra~2/gnuarm~1/102021~1.10/bin/../lib/gcc/arm-none-eabi/10.3.1/thumb/v7e-m+fp/hard\libgcc.a(libunwind.o)
                0x08006eec                __restore_core_regs
                0x08006eec                restore_core_regs
                0x08006f04                __gnu_Unwind_Restore_VFP
                0x08006f0c                __gnu_Unwind_Save_VFP
                0x08006f14                __gnu_Unwind_Restore_VFP_D
                0x08006f1c                __gnu_Unwind_Save_VFP_D
                0x08006f24                __gnu_Unwind_Restore_VFP_D_16_to_31
                0x08006f2c                __gnu_Unwind_Save_VFP_D_16_to_31
                0x08006f34                __gnu_Unwind_Restore_WMMXD
                0x08006f78                __gnu_Unwind_Save_WMMXD
                0x08006fbc                __gnu_Unwind_Restore_WMMXC
                0x08006fd0                __gnu_Unwind_Save_WMMXC
                0x08006fe4                ___Unwind_RaiseException
                0x08006fe4                _Unwind_RaiseException
                0x08007008                _Unwind_Resume
                0x08007008                ___Unwind_Resume
                0x0800702c                _Unwind_Resume_or_Rethrow
                0x0800702c                ___Unwind_Resume_or_Rethrow
                0x08007050                _Unwind_ForcedUnwind
                0x08007050                ___Unwind_ForcedUnwind
                0x08007074                ___Unwind_Backtrace
                0x08007074                _Unwind_Backtrace
 .text          0x08007098      0x350 c:/progra~2/gnuarm~1/102021~1.10/bin/../lib/gcc/arm-none-eabi/10.3.1/thumb/v7e-m+fp/hard\libgcc.a(pr-support.o)
                0x080070f0                __gnu_unwind_execute
                0x0800739c                __gnu_unwind_frame
                0x080073c8                _Unwind_GetRegionStart
                0x080073d4                _Unwind_GetLanguageSpecificData
 .text          0x080073e8        0x4 c:/progra~2/gnuarm~1/102021~1.10/bin/../lib/gcc/arm-none-eabi/10.3.1/thumb/v7e-m+fp/hard\libgcc.a(_dvmd_tls.o)
                0x080073e8                __aeabi_idiv0
                0x080073e8                __aeabi_ldiv0
 .text          0x080073ec        0x0 c:/progra~2/gnuarm~1/102021~1.10/bin/../lib/gcc/arm-none-eabi/10.3.1/../../../../arm-none-eabi/lib/thumb/v7e-m+fp/hard\libc.a(lib_a-abort.o)
 .text          0x080073ec        0x0 c:/progra~2/gnuarm~1/102021~1.10/bin/../lib/gcc/arm-none-eabi/10.3.1/../../../../arm-none-eabi/lib/thumb/v7e-m+fp/hard\libc.a(lib_a-errno.o)
 .text          0x080073ec        0x0 c:/progra~2/gnuarm~1/102021~1.10/bin/../lib/gcc/arm-none-eabi/10.3.1/../../../../arm-none-eabi/lib/thumb/v7e-m+fp/hard\libc.a(lib_a-exit.o)
 .text          0x080073ec        0x0 c:/progra~2/gnuarm~1/102021~1.10/bin/../lib/gcc/arm-none-eabi/10.3.1/../../../../arm-none-eabi/lib/thumb/v7e-m+fp/hard\libc.a(lib_a-fputc.o)
 .text          0x080073ec        0x0 c:/progra~2/gnuarm~1/102021~1.10/bin/../lib/gcc/arm-none-eabi/10.3.1/../../../../arm-none-eabi/lib/thumb/v7e-m+fp/hard\libc.a(lib_a-fputs.o)
 .text          0x080073ec        0x0 c:/progra~2/gnuarm~1/102021~1.10/bin/../lib/gcc/arm-none-eabi/10.3.1/../../../../arm-none-eabi/lib/thumb/v7e-m+fp/hard\libc.a(lib_a-fvwrite.o)
 .text          0x080073ec        0x0 c:/progra~2/gnuarm~1/102021~1.10/bin/../lib/gcc/arm-none-eabi/10.3.1/../../../../arm-none-eabi/lib/thumb/v7e-m+fp/hard\libc.a(lib_a-fwrite.o)
 .text          0x080073ec        0x0 c:/progra~2/gnuarm~1/102021~1.10/bin/../lib/gcc/arm-none-eabi/10.3.1/../../../../arm-none-eabi/lib/thumb/v7e-m+fp/hard\libc.a(lib_a-impure.o)
 .text          0x080073ec        0x0 c:/progra~2/gnuarm~1/102021~1.10/bin/../lib/gcc/arm-none-eabi/10.3.1/../../../../arm-none-eabi/lib/thumb/v7e-m+fp/hard\libc.a(lib_a-init.o)
 .text          0x080073ec        0x0 c:/progra~2/gnuarm~1/102021~1.10/bin/../lib/gcc/arm-none-eabi/10.3.1/../../../../arm-none-eabi/lib/thumb/v7e-m+fp/hard\libc.a(lib_a-lock.o)
 .text          0x080073ec        0x0 c:/progra~2/gnuarm~1/102021~1.10/bin/../lib/gcc/arm-none-eabi/10.3.1/../../../../arm-none-eabi/lib/thumb/v7e-m+fp/hard\libc.a(lib_a-malloc.o)
 .text          0x080073ec        0x0 c:/progra~2/gnuarm~1/102021~1.10/bin/../lib/gcc/arm-none-eabi/10.3.1/../../../../arm-none-eabi/lib/thumb/v7e-m+fp/hard\libc.a(lib_a-mallocr.o)
 *fill*         0x080073ec        0x4 
 .text          0x080073f0       0xa0 c:/progra~2/gnuarm~1/102021~1.10/bin/../lib/gcc/arm-none-eabi/10.3.1/../../../../arm-none-eabi/lib/thumb/v7e-m+fp/hard\libc.a(lib_a-memchr.o)
                0x080073f0                memchr
 .text          0x08007490        0x0 c:/progra~2/gnuarm~1/102021~1.10/bin/../lib/gcc/arm-none-eabi/10.3.1/../../../../arm-none-eabi/lib/thumb/v7e-m+fp/hard\libc.a(lib_a-memcmp.o)
 .text          0x08007490      0x134 c:/progra~2/gnuarm~1/102021~1.10/bin/../lib/gcc/arm-none-eabi/10.3.1/../../../../arm-none-eabi/lib/thumb/v7e-m+fp/hard\libc.a(lib_a-memcpy.o)
                0x08007490                memcpy
 .text          0x080075c4        0x0 c:/progra~2/gnuarm~1/102021~1.10/bin/../lib/gcc/arm-none-eabi/10.3.1/../../../../arm-none-eabi/lib/thumb/v7e-m+fp/hard\libc.a(lib_a-memmove.o)
 .text          0x080075c4        0x0 c:/progra~2/gnuarm~1/102021~1.10/bin/../lib/gcc/arm-none-eabi/10.3.1/../../../../arm-none-eabi/lib/thumb/v7e-m+fp/hard\libc.a(lib_a-memset.o)
 .text          0x080075c4        0x0 c:/progra~2/gnuarm~1/102021~1.10/bin/../lib/gcc/arm-none-eabi/10.3.1/../../../../arm-none-eabi/lib/thumb/v7e-m+fp/hard\libc.a(lib_a-mlock.o)
 .text          0x080075c4        0x0 c:/progra~2/gnuarm~1/102021~1.10/bin/../lib/gcc/arm-none-eabi/10.3.1/../../../../arm-none-eabi/lib/thumb/v7e-m+fp/hard\libc.a(lib_a-putc.o)
 .text          0x080075c4        0x0 c:/progra~2/gnuarm~1/102021~1.10/bin/../lib/gcc/arm-none-eabi/10.3.1/../../../../arm-none-eabi/lib/thumb/v7e-m+fp/hard\libc.a(lib_a-realloc.o)
 .text          0x080075c4        0x0 c:/progra~2/gnuarm~1/102021~1.10/bin/../lib/gcc/arm-none-eabi/10.3.1/../../../../arm-none-eabi/lib/thumb/v7e-m+fp/hard\libc.a(lib_a-reallocr.o)
 .text          0x080075c4        0x0 c:/progra~2/gnuarm~1/102021~1.10/bin/../lib/gcc/arm-none-eabi/10.3.1/../../../../arm-none-eabi/lib/thumb/v7e-m+fp/hard\libc.a(lib_a-sbrkr.o)
 .text          0x080075c4        0x0 c:/progra~2/gnuarm~1/102021~1.10/bin/../lib/gcc/arm-none-eabi/10.3.1/../../../../arm-none-eabi/lib/thumb/v7e-m+fp/hard\libc.a(lib_a-signal.o)
 .text          0x080075c4        0x0 c:/progra~2/gnuarm~1/102021~1.10/bin/../lib/gcc/arm-none-eabi/10.3.1/../../../../arm-none-eabi/lib/thumb/v7e-m+fp/hard\libc.a(lib_a-signalr.o)
 .text          0x080075c4        0x0 c:/progra~2/gnuarm~1/102021~1.10/bin/../lib/gcc/arm-none-eabi/10.3.1/../../../../arm-none-eabi/lib/thumb/v7e-m+fp/hard\libc.a(lib_a-sprintf.o)
 *fill*         0x080075c4       0x1c 
 .text          0x080075e0      0x2dc c:/progra~2/gnuarm~1/102021~1.10/bin/../lib/gcc/arm-none-eabi/10.3.1/../../../../arm-none-eabi/lib/thumb/v7e-m+fp/hard\libc.a(lib_a-strcmp.o)
                0x080075e8                strcmp
 *fill*         0x080078bc        0x4 
 .text          0x080078c0       0xdc c:/progra~2/gnuarm~1/102021~1.10/bin/../lib/gcc/arm-none-eabi/10.3.1/../../../../arm-none-eabi/lib/thumb/v7e-m+fp/hard\libc.a(lib_a-strlen.o)
                0x080078c0                strlen
 .text          0x0800799c        0x0 c:/progra~2/gnuarm~1/102021~1.10/bin/../lib/gcc/arm-none-eabi/10.3.1/../../../../arm-none-eabi/lib/thumb/v7e-m+fp/hard\libc.a(lib_a-strncmp.o)
 .text          0x0800799c        0x0 c:/progra~2/gnuarm~1/102021~1.10/bin/../lib/gcc/arm-none-eabi/10.3.1/../../../../arm-none-eabi/lib/thumb/v7e-m+fp/hard\libc.a(lib_a-strtoul.o)
 .text          0x0800799c        0x0 c:/progra~2/gnuarm~1/102021~1.10/bin/../lib/gcc/arm-none-eabi/10.3.1/../../../../arm-none-eabi/lib/thumb/v7e-m+fp/hard\libc.a(lib_a-svfprintf.o)
 .text          0x0800799c        0x0 c:/progra~2/gnuarm~1/102021~1.10/bin/../lib/gcc/arm-none-eabi/10.3.1/../../../../arm-none-eabi/lib/thumb/v7e-m+fp/hard\libc.a(lib_a-sysclose.o)
 .text          0x0800799c        0x0 c:/progra~2/gnuarm~1/102021~1.10/bin/../lib/gcc/arm-none-eabi/10.3.1/../../../../arm-none-eabi/lib/thumb/v7e-m+fp/hard\libc.a(lib_a-syswrite.o)
 .text          0x0800799c        0x0 c:/progra~2/gnuarm~1/102021~1.10/bin/../lib/gcc/arm-none-eabi/10.3.1/../../../../arm-none-eabi/lib/thumb/v7e-m+fp/hard\libc.a(lib_a-wbuf.o)
 .text          0x0800799c        0x0 c:/progra~2/gnuarm~1/102021~1.10/bin/../lib/gcc/arm-none-eabi/10.3.1/../../../../arm-none-eabi/lib/thumb/v7e-m+fp/hard\libc.a(lib_a-writer.o)
 .text          0x0800799c        0x0 c:/progra~2/gnuarm~1/102021~1.10/bin/../lib/gcc/arm-none-eabi/10.3.1/../../../../arm-none-eabi/lib/thumb/v7e-m+fp/hard\libc.a(lib_a-wsetup.o)
 .text          0x0800799c        0x0 c:/progra~2/gnuarm~1/102021~1.10/bin/../lib/gcc/arm-none-eabi/10.3.1/../../../../arm-none-eabi/lib/thumb/v7e-m+fp/hard\libc.a(lib_a-__call_atexit.o)
 .text          0x0800799c        0x0 c:/progra~2/gnuarm~1/102021~1.10/bin/../lib/gcc/arm-none-eabi/10.3.1/../../../../arm-none-eabi/lib/thumb/v7e-m+fp/hard\libc.a(lib_a-atexit.o)
 .text          0x0800799c        0x0 c:/progra~2/gnuarm~1/102021~1.10/bin/../lib/gcc/arm-none-eabi/10.3.1/../../../../arm-none-eabi/lib/thumb/v7e-m+fp/hard\libc.a(lib_a-closer.o)
 .text          0x0800799c        0x0 c:/progra~2/gnuarm~1/102021~1.10/bin/../lib/gcc/arm-none-eabi/10.3.1/../../../../arm-none-eabi/lib/thumb/v7e-m+fp/hard\libc.a(lib_a-ctype_.o)
 .text          0x0800799c        0x0 c:/progra~2/gnuarm~1/102021~1.10/bin/../lib/gcc/arm-none-eabi/10.3.1/../../../../arm-none-eabi/lib/thumb/v7e-m+fp/hard\libc.a(lib_a-dtoa.o)
 .text          0x0800799c        0x0 c:/progra~2/gnuarm~1/102021~1.10/bin/../lib/gcc/arm-none-eabi/10.3.1/../../../../arm-none-eabi/lib/thumb/v7e-m+fp/hard\libc.a(lib_a-fflush.o)
 .text          0x0800799c        0x0 c:/progra~2/gnuarm~1/102021~1.10/bin/../lib/gcc/arm-none-eabi/10.3.1/../../../../arm-none-eabi/lib/thumb/v7e-m+fp/hard\libc.a(lib_a-findfp.o)
 .text          0x0800799c        0x0 c:/progra~2/gnuarm~1/102021~1.10/bin/../lib/gcc/arm-none-eabi/10.3.1/../../../../arm-none-eabi/lib/thumb/v7e-m+fp/hard\libc.a(lib_a-fini.o)
 .text          0x0800799c        0x0 c:/progra~2/gnuarm~1/102021~1.10/bin/../lib/gcc/arm-none-eabi/10.3.1/../../../../arm-none-eabi/lib/thumb/v7e-m+fp/hard\libc.a(lib_a-freer.o)
 .text          0x0800799c        0x0 c:/progra~2/gnuarm~1/102021~1.10/bin/../lib/gcc/arm-none-eabi/10.3.1/../../../../arm-none-eabi/lib/thumb/v7e-m+fp/hard\libc.a(lib_a-fwalk.o)
 .text          0x0800799c        0x0 c:/progra~2/gnuarm~1/102021~1.10/bin/../lib/gcc/arm-none-eabi/10.3.1/../../../../arm-none-eabi/lib/thumb/v7e-m+fp/hard\libc.a(lib_a-localeconv.o)
 .text          0x0800799c        0x0 c:/progra~2/gnuarm~1/102021~1.10/bin/../lib/gcc/arm-none-eabi/10.3.1/../../../../arm-none-eabi/lib/thumb/v7e-m+fp/hard\libc.a(lib_a-makebuf.o)
 .text          0x0800799c        0x0 c:/progra~2/gnuarm~1/102021~1.10/bin/../lib/gcc/arm-none-eabi/10.3.1/../../../../arm-none-eabi/lib/thumb/v7e-m+fp/hard\libc.a(lib_a-mprec.o)
 .text          0x0800799c        0x0 c:/progra~2/gnuarm~1/102021~1.10/bin/../lib/gcc/arm-none-eabi/10.3.1/../../../../arm-none-eabi/lib/thumb/v7e-m+fp/hard\libc.a(lib_a-reent.o)
 .text          0x0800799c        0x0 c:/progra~2/gnuarm~1/102021~1.10/bin/../lib/gcc/arm-none-eabi/10.3.1/../../../../arm-none-eabi/lib/thumb/v7e-m+fp/hard\libc.a(lib_a-s_frexp.o)
 .text          0x0800799c        0x0 c:/progra~2/gnuarm~1/102021~1.10/bin/../lib/gcc/arm-none-eabi/10.3.1/../../../../arm-none-eabi/lib/thumb/v7e-m+fp/hard\libc.a(lib_a-stdio.o)
 .text          0x0800799c        0x0 c:/progra~2/gnuarm~1/102021~1.10/bin/../lib/gcc/arm-none-eabi/10.3.1/../../../../arm-none-eabi/lib/thumb/v7e-m+fp/hard\libc.a(lib_a-strncpy.o)
 .text          0x0800799c        0x0 c:/progra~2/gnuarm~1/102021~1.10/bin/../lib/gcc/arm-none-eabi/10.3.1/../../../../arm-none-eabi/lib/thumb/v7e-m+fp/hard\libc.a(lib_a-svfiprintf.o)
 .text          0x0800799c        0x0 c:/progra~2/gnuarm~1/102021~1.10/bin/../lib/gcc/arm-none-eabi/10.3.1/../../../../arm-none-eabi/lib/thumb/v7e-m+fp/hard\libc.a(lib_a-__atexit.o)
 .text          0x0800799c        0x0 c:/progra~2/gnuarm~1/102021~1.10/bin/../lib/gcc/arm-none-eabi/10.3.1/../../../../arm-none-eabi/lib/thumb/v7e-m+fp/hard\libc.a(lib_a-assert.o)
 .text          0x0800799c        0x0 c:/progra~2/gnuarm~1/102021~1.10/bin/../lib/gcc/arm-none-eabi/10.3.1/../../../../arm-none-eabi/lib/thumb/v7e-m+fp/hard\libc.a(lib_a-callocr.o)
 .text          0x0800799c        0x0 c:/progra~2/gnuarm~1/102021~1.10/bin/../lib/gcc/arm-none-eabi/10.3.1/../../../../arm-none-eabi/lib/thumb/v7e-m+fp/hard\libc.a(lib_a-fclose.o)
 .text          0x0800799c        0x0 c:/progra~2/gnuarm~1/102021~1.10/bin/../lib/gcc/arm-none-eabi/10.3.1/../../../../arm-none-eabi/lib/thumb/v7e-m+fp/hard\libc.a(lib_a-fiprintf.o)
 .text          0x0800799c        0x0 c:/progra~2/gnuarm~1/102021~1.10/bin/../lib/gcc/arm-none-eabi/10.3.1/../../../../arm-none-eabi/lib/thumb/v7e-m+fp/hard\libc.a(lib_a-fstatr.o)
 .text          0x0800799c        0x0 c:/progra~2/gnuarm~1/102021~1.10/bin/../lib/gcc/arm-none-eabi/10.3.1/../../../../arm-none-eabi/lib/thumb/v7e-m+fp/hard\libc.a(lib_a-isattyr.o)
 .text          0x0800799c        0x0 c:/progra~2/gnuarm~1/102021~1.10/bin/../lib/gcc/arm-none-eabi/10.3.1/../../../../arm-none-eabi/lib/thumb/v7e-m+fp/hard\libc.a(lib_a-locale.o)
 .text          0x0800799c        0x0 c:/progra~2/gnuarm~1/102021~1.10/bin/../lib/gcc/arm-none-eabi/10.3.1/../../../../arm-none-eabi/lib/thumb/v7e-m+fp/hard\libc.a(lib_a-lseekr.o)
 .text          0x0800799c        0x0 c:/progra~2/gnuarm~1/102021~1.10/bin/../lib/gcc/arm-none-eabi/10.3.1/../../../../arm-none-eabi/lib/thumb/v7e-m+fp/hard\libc.a(lib_a-mbtowc_r.o)
 .text          0x0800799c        0x0 c:/progra~2/gnuarm~1/102021~1.10/bin/../lib/gcc/arm-none-eabi/10.3.1/../../../../arm-none-eabi/lib/thumb/v7e-m+fp/hard\libc.a(lib_a-readr.o)
 .text          0x0800799c        0x0 c:/progra~2/gnuarm~1/102021~1.10/bin/../lib/gcc/arm-none-eabi/10.3.1/../../../../arm-none-eabi/lib/thumb/v7e-m+fp/hard\libc.a(lib_a-vfiprintf.o)
 .text          0x0800799c        0x0 c:/progra~2/gnuarm~1/102021~1.10/bin/../lib/gcc/arm-none-eabi/10.3.1/../../../../arm-none-eabi/lib/thumb/v7e-m+fp/hard\libc.a(lib_a-wctomb_r.o)
 .text          0x0800799c        0x0 c:/progra~2/gnuarm~1/102021~1.10/bin/../lib/gcc/arm-none-eabi/10.3.1/../../../../arm-none-eabi/lib/thumb/v7e-m+fp/hard\libc.a(lib_a-fputwc.o)
 .text          0x0800799c        0x0 c:/progra~2/gnuarm~1/102021~1.10/bin/../lib/gcc/arm-none-eabi/10.3.1/../../../../arm-none-eabi/lib/thumb/v7e-m+fp/hard\libc.a(lib_a-wcrtomb.o)
 .text          0x0800799c      0x254 c:/progra~2/gnuarm~1/102021~1.10/bin/../lib/gcc/arm-none-eabi/10.3.1/thumb/v7e-m+fp/hard\libgcc.a(_arm_muldf3.o)
 .text          0x08007bf0      0x378 c:/progra~2/gnuarm~1/102021~1.10/bin/../lib/gcc/arm-none-eabi/10.3.1/thumb/v7e-m+fp/hard\libgcc.a(_arm_addsubdf3.o)
                0x08007bf0                __aeabi_drsub
                0x08007bf8                __aeabi_dsub
                0x08007bf8                __subdf3
                0x08007bfc                __aeabi_dadd
                0x08007bfc                __adddf3
                0x08007e74                __floatunsidf
                0x08007e74                __aeabi_ui2d
                0x08007e94                __floatsidf
                0x08007e94                __aeabi_i2d
                0x08007eb8                __aeabi_f2d
                0x08007eb8                __extendsfdf2
                0x08007efc                __floatundidf
                0x08007efc                __aeabi_ul2d
                0x08007f0c                __floatdidf
                0x08007f0c                __aeabi_l2d
 .text          0x08007f68      0x424 c:/progra~2/gnuarm~1/102021~1.10/bin/../lib/gcc/arm-none-eabi/10.3.1/thumb/v7e-m+fp/hard\libgcc.a(_arm_muldivdf3.o)
                0x08007f68                __aeabi_dmul
                0x08007f68                __muldf3
                0x080081bc                __divdf3
                0x080081bc                __aeabi_ddiv
 .text          0x0800838c      0x110 c:/progra~2/gnuarm~1/102021~1.10/bin/../lib/gcc/arm-none-eabi/10.3.1/thumb/v7e-m+fp/hard\libgcc.a(_arm_cmpdf2.o)
                0x0800838c                __gtdf2
                0x0800838c                __gedf2
                0x08008394                __ltdf2
                0x08008394                __ledf2
                0x0800839c                __nedf2
                0x0800839c                __eqdf2
                0x0800839c                __cmpdf2
                0x08008418                __aeabi_cdrcmple
                0x08008428                __aeabi_cdcmpeq
                0x08008428                __aeabi_cdcmple
                0x08008438                __aeabi_dcmpeq
                0x0800844c                __aeabi_dcmplt
                0x08008460                __aeabi_dcmple
                0x08008474                __aeabi_dcmpge
                0x08008488                __aeabi_dcmpgt
 .text          0x0800849c       0x2c c:/progra~2/gnuarm~1/102021~1.10/bin/../lib/gcc/arm-none-eabi/10.3.1/thumb/v7e-m+fp/hard\libgcc.a(_arm_unorddf2.o)
                0x0800849c                __unorddf2
                0x0800849c                __aeabi_dcmpun
 .text          0x080084c8       0x50 c:/progra~2/gnuarm~1/102021~1.10/bin/../lib/gcc/arm-none-eabi/10.3.1/thumb/v7e-m+fp/hard\libgcc.a(_arm_fixdfsi.o)
                0x080084c8                __aeabi_d2iz
                0x080084c8                __fixdfsi
 .text          0x08008518        0x0 c:/progra~2/gnuarm~1/102021~1.10/bin/../lib/gcc/arm-none-eabi/10.3.1/thumb/v7e-m+fp/hard/crtend.o
 .text          0x08008518        0x0 c:/progra~2/gnuarm~1/102021~1.10/bin/../lib/gcc/arm-none-eabi/10.3.1/thumb/v7e-m+fp/hard/crtn.o
 *(.text*)
 .text._Z6dummy0v
                0x08008518        0x4 CMakeFiles/crc_test.dir/main.cpp.obj
                0x08008518                dummy0()
 .text._Z6dummy1v
                0x0800851c        0x4 CMakeFiles/crc_test.dir/main.cpp.obj
                0x0800851c                dummy1()
 .text._Z6dummy2v
                0x08008520        0x8 CMakeFiles/crc_test.dir/main.cpp.obj
                0x08008520                dummy2()
 .text._Z6dummy3v
                0x08008528        0x8 CMakeFiles/crc_test.dir/main.cpp.obj
                0x08008528                dummy3()
 .text._Z8bsp_initv
                0x08008530       0x18 CMakeFiles/crc_test.dir/main.cpp.obj
                0x08008530                bsp_init()
 .text.startup.main
                0x08008548      0x2f0 CMakeFiles/crc_test.dir/main.cpp.obj
                0x08008548                main
 .text._ZNSt7__cxx119to_stringEm
                0x08008838      0x16c CMakeFiles/crc_test.dir/E_/Projects/embench-plus-plus/src/proc/proc_min_max_avg.cpp.obj
                0x08008838                std::__cxx11::to_string(unsigned long)
 .text._ZN5embpp4proc9MinMaxAvg7processESt4spanIKmLj4294967295EE
                0x080089a4       0xec CMakeFiles/crc_test.dir/E_/Projects/embench-plus-plus/src/proc/proc_min_max_avg.cpp.obj
                0x080089a4                embpp::proc::MinMaxAvg::process(std::span<unsigned long const, 4294967295u>)
 .text._ZNSt7__cxx1112basic_stringIcSt11char_traitsIcESaIcEE9_M_mutateEjjPKcj
                0x08008a90       0xe8 CMakeFiles/crc_test.dir/E_/Projects/embench-plus-plus/src/proc/proc_min_max_avg.cpp.obj
                0x08008a90                std::__cxx11::basic_string<char, std::char_traits<char>, std::allocator<char> >::_M_mutate(unsigned int, unsigned int, char const*, unsigned int)
 .text._ZNSt7__cxx1112basic_stringIcSt11char_traitsIcESaIcEE9_M_appendEPKcj
                0x08008b78       0x58 CMakeFiles/crc_test.dir/E_/Projects/embench-plus-plus/src/proc/proc_min_max_avg.cpp.obj
                0x08008b78                std::__cxx11::basic_string<char, std::char_traits<char>, std::allocator<char> >::_M_append(char const*, unsigned int)
 .text._ZNSt7__cxx1112basic_stringIcSt11char_traitsIcESaIcEE10_M_replaceEjjPKcj
                0x08008bd0      0x1a0 CMakeFiles/crc_test.dir/E_/Projects/embench-plus-plus/src/proc/proc_min_max_avg.cpp.obj
                0x08008bd0                std::__cxx11::basic_string<char, std::char_traits<char>, std::allocator<char> >::_M_replace(unsigned int, unsigned int, char const*, unsigned int)
 .text._ZN5embpp4proc9MinMaxAvgcvSt17basic_string_viewIcSt11char_traitsIcEEEv
                0x08008d70      0x330 CMakeFiles/crc_test.dir/E_/Projects/embench-plus-plus/src/proc/proc_min_max_avg.cpp.obj
                0x08008d70                embpp::proc::MinMaxAvg::operator std::basic_string_view<char, std::char_traits<char> >()
 .text._ZN5embpp5print3RTT5printESt17basic_string_viewIcSt11char_traitsIcEE
                0x080090a0       0x14 CMakeFiles/crc_test.dir/E_/Projects/embench-plus-plus/src/printers/rtt/printer_rtt.cpp.obj
                0x080090a0                embpp::print::RTT::print(std::basic_string_view<char, std::char_traits<char> >)
 .text._WriteNoCheck
                0x080090b4       0x54 CMakeFiles/crc_test.dir/E_/Projects/embench-plus-plus/src/printers/rtt/segger_rtt/RTT/SEGGER_RTT.c.obj
 .text._WriteBlocking
                0x08009108       0x60 CMakeFiles/crc_test.dir/E_/Projects/embench-plus-plus/src/printers/rtt/segger_rtt/RTT/SEGGER_RTT.c.obj
 .text._DoInit  0x08009168       0x70 CMakeFiles/crc_test.dir/E_/Projects/embench-plus-plus/src/printers/rtt/segger_rtt/RTT/SEGGER_RTT.c.obj
 .text.SEGGER_RTT_ReadUpBufferNoLock
                0x080091d8       0xc4 CMakeFiles/crc_test.dir/E_/Projects/embench-plus-plus/src/printers/rtt/segger_rtt/RTT/SEGGER_RTT.c.obj
                0x080091d8                SEGGER_RTT_ReadUpBufferNoLock
 .text.SEGGER_RTT_ReadNoLock
                0x0800929c       0xb4 CMakeFiles/crc_test.dir/E_/Projects/embench-plus-plus/src/printers/rtt/segger_rtt/RTT/SEGGER_RTT.c.obj
                0x0800929c                SEGGER_RTT_ReadNoLock
 .text.SEGGER_RTT_ReadUpBuffer
                0x08009350       0x1c CMakeFiles/crc_test.dir/E_/Projects/embench-plus-plus/src/printers/rtt/segger_rtt/RTT/SEGGER_RTT.c.obj
                0x08009350                SEGGER_RTT_ReadUpBuffer
 .text.SEGGER_RTT_Read
                0x0800936c       0x1c CMakeFiles/crc_test.dir/E_/Projects/embench-plus-plus/src/printers/rtt/segger_rtt/RTT/SEGGER_RTT.c.obj
                0x0800936c                SEGGER_RTT_Read
 .text.SEGGER_RTT_WriteWithOverwriteNoLock
                0x08009388       0xdc CMakeFiles/crc_test.dir/E_/Projects/embench-plus-plus/src/printers/rtt/segger_rtt/RTT/SEGGER_RTT.c.obj
                0x08009388                SEGGER_RTT_WriteWithOverwriteNoLock
 .text.SEGGER_RTT_WriteDownBufferNoLock
                0x08009464       0x70 CMakeFiles/crc_test.dir/E_/Projects/embench-plus-plus/src/printers/rtt/segger_rtt/RTT/SEGGER_RTT.c.obj
                0x08009464                SEGGER_RTT_WriteDownBufferNoLock
 .text.SEGGER_RTT_WriteNoLock
                0x080094d4       0x88 CMakeFiles/crc_test.dir/E_/Projects/embench-plus-plus/src/printers/rtt/segger_rtt/RTT/SEGGER_RTT.c.obj
                0x080094d4                SEGGER_RTT_WriteNoLock
 .text.SEGGER_RTT_WriteDownBuffer
                0x0800955c       0x38 CMakeFiles/crc_test.dir/E_/Projects/embench-plus-plus/src/printers/rtt/segger_rtt/RTT/SEGGER_RTT.c.obj
                0x0800955c                SEGGER_RTT_WriteDownBuffer
 .text.SEGGER_RTT_Write
                0x08009594       0x38 CMakeFiles/crc_test.dir/E_/Projects/embench-plus-plus/src/printers/rtt/segger_rtt/RTT/SEGGER_RTT.c.obj
                0x08009594                SEGGER_RTT_Write
 .text.SEGGER_RTT_WriteString
                0x080095cc       0x40 CMakeFiles/crc_test.dir/E_/Projects/embench-plus-plus/src/printers/rtt/segger_rtt/RTT/SEGGER_RTT.c.obj
                0x080095cc                SEGGER_RTT_WriteString
 .text.SEGGER_RTT_PutCharSkipNoLock
                0x0800960c       0x44 CMakeFiles/crc_test.dir/E_/Projects/embench-plus-plus/src/printers/rtt/segger_rtt/RTT/SEGGER_RTT.c.obj
                0x0800960c                SEGGER_RTT_PutCharSkipNoLock
 .text.SEGGER_RTT_PutCharSkip
                0x08009650       0x60 CMakeFiles/crc_test.dir/E_/Projects/embench-plus-plus/src/printers/rtt/segger_rtt/RTT/SEGGER_RTT.c.obj
                0x08009650                SEGGER_RTT_PutCharSkip
 .text.SEGGER_RTT_PutChar
                0x080096b0       0x80 CMakeFiles/crc_test.dir/E_/Projects/embench-plus-plus/src/printers/rtt/segger_rtt/RTT/SEGGER_RTT.c.obj
                0x080096b0                SEGGER_RTT_PutChar
 .text.SEGGER_RTT_GetKey
                0x08009730       0x30 CMakeFiles/crc_test.dir/E_/Projects/embench-plus-plus/src/printers/rtt/segger_rtt/RTT/SEGGER_RTT.c.obj
                0x08009730                SEGGER_RTT_GetKey
 .text.SEGGER_RTT_WaitKey
                0x08009760       0x2c CMakeFiles/crc_test.dir/E_/Projects/embench-plus-plus/src/printers/rtt/segger_rtt/RTT/SEGGER_RTT.c.obj
                0x08009760                SEGGER_RTT_WaitKey
 .text.SEGGER_RTT_HasKey
                0x0800978c       0x20 CMakeFiles/crc_test.dir/E_/Projects/embench-plus-plus/src/printers/rtt/segger_rtt/RTT/SEGGER_RTT.c.obj
                0x0800978c                SEGGER_RTT_HasKey
 .text.SEGGER_RTT_HasData
                0x080097ac       0x18 CMakeFiles/crc_test.dir/E_/Projects/embench-plus-plus/src/printers/rtt/segger_rtt/RTT/SEGGER_RTT.c.obj
                0x080097ac                SEGGER_RTT_HasData
 .text.SEGGER_RTT_HasDataUp
                0x080097c4       0x18 CMakeFiles/crc_test.dir/E_/Projects/embench-plus-plus/src/printers/rtt/segger_rtt/RTT/SEGGER_RTT.c.obj
                0x080097c4                SEGGER_RTT_HasDataUp
 .text.SEGGER_RTT_AllocDownBuffer
                0x080097dc       0x78 CMakeFiles/crc_test.dir/E_/Projects/embench-plus-plus/src/printers/rtt/segger_rtt/RTT/SEGGER_RTT.c.obj
                0x080097dc                SEGGER_RTT_AllocDownBuffer
 .text.SEGGER_RTT_AllocUpBuffer
                0x08009854       0x84 CMakeFiles/crc_test.dir/E_/Projects/embench-plus-plus/src/printers/rtt/segger_rtt/RTT/SEGGER_RTT.c.obj
                0x08009854                SEGGER_RTT_AllocUpBuffer
 .text.SEGGER_RTT_ConfigUpBuffer
                0x080098d8       0x70 CMakeFiles/crc_test.dir/E_/Projects/embench-plus-plus/src/printers/rtt/segger_rtt/RTT/SEGGER_RTT.c.obj
                0x080098d8                SEGGER_RTT_ConfigUpBuffer
 .text.SEGGER_RTT_ConfigDownBuffer
                0x08009948       0x68 CMakeFiles/crc_test.dir/E_/Projects/embench-plus-plus/src/printers/rtt/segger_rtt/RTT/SEGGER_RTT.c.obj
                0x08009948                SEGGER_RTT_ConfigDownBuffer
 .text.SEGGER_RTT_SetNameUpBuffer
                0x080099b0       0x40 CMakeFiles/crc_test.dir/E_/Projects/embench-plus-plus/src/printers/rtt/segger_rtt/RTT/SEGGER_RTT.c.obj
                0x080099b0                SEGGER_RTT_SetNameUpBuffer
 .text.SEGGER_RTT_SetNameDownBuffer
                0x080099f0       0x40 CMakeFiles/crc_test.dir/E_/Projects/embench-plus-plus/src/printers/rtt/segger_rtt/RTT/SEGGER_RTT.c.obj
                0x080099f0                SEGGER_RTT_SetNameDownBuffer
 .text.SEGGER_RTT_SetFlagsUpBuffer
                0x08009a30       0x40 CMakeFiles/crc_test.dir/E_/Projects/embench-plus-plus/src/printers/rtt/segger_rtt/RTT/SEGGER_RTT.c.obj
                0x08009a30                SEGGER_RTT_SetFlagsUpBuffer
 .text.SEGGER_RTT_SetFlagsDownBuffer
                0x08009a70       0x40 CMakeFiles/crc_test.dir/E_/Projects/embench-plus-plus/src/printers/rtt/segger_rtt/RTT/SEGGER_RTT.c.obj
                0x08009a70                SEGGER_RTT_SetFlagsDownBuffer
 .text.SEGGER_RTT_Init
                0x08009ab0        0x4 CMakeFiles/crc_test.dir/E_/Projects/embench-plus-plus/src/printers/rtt/segger_rtt/RTT/SEGGER_RTT.c.obj
                0x08009ab0                SEGGER_RTT_Init
 .text.SEGGER_RTT_SetTerminal
                0x08009ab4       0x94 CMakeFiles/crc_test.dir/E_/Projects/embench-plus-plus/src/printers/rtt/segger_rtt/RTT/SEGGER_RTT.c.obj
                0x08009ab4                SEGGER_RTT_SetTerminal
 .text.SEGGER_RTT_TerminalOut
                0x08009b48      0x144 CMakeFiles/crc_test.dir/E_/Projects/embench-plus-plus/src/printers/rtt/segger_rtt/RTT/SEGGER_RTT.c.obj
                0x08009b48                SEGGER_RTT_TerminalOut
 .text.SEGGER_RTT_GetAvailWriteSpace
                0x08009c8c       0x20 CMakeFiles/crc_test.dir/E_/Projects/embench-plus-plus/src/printers/rtt/segger_rtt/RTT/SEGGER_RTT.c.obj
                0x08009c8c                SEGGER_RTT_GetAvailWriteSpace
 .text.SEGGER_RTT_GetBytesInBuffer
                0x08009cac       0x20 CMakeFiles/crc_test.dir/E_/Projects/embench-plus-plus/src/printers/rtt/segger_rtt/RTT/SEGGER_RTT.c.obj
                0x08009cac                SEGGER_RTT_GetBytesInBuffer
 .text._StoreChar
                0x08009ccc       0x40 CMakeFiles/crc_test.dir/E_/Projects/embench-plus-plus/src/printers/rtt/segger_rtt/RTT/SEGGER_RTT_printf.c.obj
 .text._PrintUnsigned
                0x08009d0c       0xe4 CMakeFiles/crc_test.dir/E_/Projects/embench-plus-plus/src/printers/rtt/segger_rtt/RTT/SEGGER_RTT_printf.c.obj
 .text.SEGGER_RTT_vprintf
                0x08009df0      0x300 CMakeFiles/crc_test.dir/E_/Projects/embench-plus-plus/src/printers/rtt/segger_rtt/RTT/SEGGER_RTT_printf.c.obj
                0x08009df0                SEGGER_RTT_vprintf
 .text.SEGGER_RTT_printf
                0x0800a0f0       0x20 CMakeFiles/crc_test.dir/E_/Projects/embench-plus-plus/src/printers/rtt/segger_rtt/RTT/SEGGER_RTT_printf.c.obj
                0x0800a0f0                SEGGER_RTT_printf
 .text.SystemClock_Config
                0x0800a110       0x9c CMakeFiles/crc_test.dir/Core/Src/main.c.obj
                0x0800a110                SystemClock_Config
 .text.Error_Handler
                0x0800a1ac        0x4 CMakeFiles/crc_test.dir/Core/Src/main.c.obj
                0x0800a1ac                Error_Handler
 .text.MX_GPIO_Init
                0x0800a1b0       0xa8 CMakeFiles/crc_test.dir/Core/Src/gpio.c.obj
                0x0800a1b0                MX_GPIO_Init
 .text.MX_CRC_Init
                0x0800a258       0x20 CMakeFiles/crc_test.dir/Core/Src/crc.c.obj
                0x0800a258                MX_CRC_Init
 .text.HAL_CRC_MspInit
                0x0800a278       0x34 CMakeFiles/crc_test.dir/Core/Src/crc.c.obj
                0x0800a278                HAL_CRC_MspInit
 .text.HAL_CRC_MspDeInit
                0x0800a2ac       0x20 CMakeFiles/crc_test.dir/Core/Src/crc.c.obj
                0x0800a2ac                HAL_CRC_MspDeInit
 .text.MX_USART2_UART_Init
                0x0800a2cc       0x38 CMakeFiles/crc_test.dir/Core/Src/usart.c.obj
                0x0800a2cc                MX_USART2_UART_Init
 .text.HAL_UART_MspInit
                0x0800a304       0x70 CMakeFiles/crc_test.dir/Core/Src/usart.c.obj
                0x0800a304                HAL_UART_MspInit
 .text.HAL_UART_MspDeInit
                0x0800a374       0x28 CMakeFiles/crc_test.dir/Core/Src/usart.c.obj
                0x0800a374                HAL_UART_MspDeInit
 .text.NMI_Handler
                0x0800a39c        0x4 CMakeFiles/crc_test.dir/Core/Src/stm32f4xx_it.c.obj
                0x0800a39c                NMI_Handler
 .text.HardFault_Handler
                0x0800a3a0        0x4 CMakeFiles/crc_test.dir/Core/Src/stm32f4xx_it.c.obj
                0x0800a3a0                HardFault_Handler
 .text.MemManage_Handler
                0x0800a3a4        0x4 CMakeFiles/crc_test.dir/Core/Src/stm32f4xx_it.c.obj
                0x0800a3a4                MemManage_Handler
 .text.BusFault_Handler
                0x0800a3a8        0x4 CMakeFiles/crc_test.dir/Core/Src/stm32f4xx_it.c.obj
                0x0800a3a8                BusFault_Handler
 .text.UsageFault_Handler
                0x0800a3ac        0x4 CMakeFiles/crc_test.dir/Core/Src/stm32f4xx_it.c.obj
                0x0800a3ac                UsageFault_Handler
 .text.SVC_Handler
                0x0800a3b0        0x4 CMakeFiles/crc_test.dir/Core/Src/stm32f4xx_it.c.obj
                0x0800a3b0                SVC_Handler
 .text.DebugMon_Handler
                0x0800a3b4        0x4 CMakeFiles/crc_test.dir/Core/Src/stm32f4xx_it.c.obj
                0x0800a3b4                DebugMon_Handler
 .text.PendSV_Handler
                0x0800a3b8        0x4 CMakeFiles/crc_test.dir/Core/Src/stm32f4xx_it.c.obj
                0x0800a3b8                PendSV_Handler
 .text.SysTick_Handler
                0x0800a3bc        0x4 CMakeFiles/crc_test.dir/Core/Src/stm32f4xx_it.c.obj
                0x0800a3bc                SysTick_Handler
 .text.HAL_MspInit
                0x0800a3c0       0x3c CMakeFiles/crc_test.dir/Core/Src/stm32f4xx_hal_msp.c.obj
                0x0800a3c0                HAL_MspInit
 .text.HAL_CRC_MspInit
                0x0800a3fc        0x4 CMakeFiles/crc_test.dir/Drivers/STM32F4xx_HAL_Driver/Src/stm32f4xx_hal_crc.c.obj
 .text.HAL_CRC_Init
                0x0800a400       0x28 CMakeFiles/crc_test.dir/Drivers/STM32F4xx_HAL_Driver/Src/stm32f4xx_hal_crc.c.obj
                0x0800a400                HAL_CRC_Init
 .text.HAL_CRC_MspDeInit
                0x0800a428        0x4 CMakeFiles/crc_test.dir/Drivers/STM32F4xx_HAL_Driver/Src/stm32f4xx_hal_crc.c.obj
 .text.HAL_CRC_DeInit
                0x0800a42c       0x34 CMakeFiles/crc_test.dir/Drivers/STM32F4xx_HAL_Driver/Src/stm32f4xx_hal_crc.c.obj
                0x0800a42c                HAL_CRC_DeInit
 .text.HAL_CRC_Accumulate
                0x0800a460       0x30 CMakeFiles/crc_test.dir/Drivers/STM32F4xx_HAL_Driver/Src/stm32f4xx_hal_crc.c.obj
                0x0800a460                HAL_CRC_Accumulate
 .text.HAL_CRC_Calculate
                0x0800a490       0x34 CMakeFiles/crc_test.dir/Drivers/STM32F4xx_HAL_Driver/Src/stm32f4xx_hal_crc.c.obj
                0x0800a490                HAL_CRC_Calculate
 .text.HAL_CRC_GetState
                0x0800a4c4        0x4 CMakeFiles/crc_test.dir/Drivers/STM32F4xx_HAL_Driver/Src/stm32f4xx_hal_crc.c.obj
                0x0800a4c4                HAL_CRC_GetState
 .text.HAL_RCC_DeInit
                0x0800a4c8        0x4 CMakeFiles/crc_test.dir/Drivers/STM32F4xx_HAL_Driver/Src/stm32f4xx_hal_rcc.c.obj
 .text.HAL_RCC_OscConfig
                0x0800a4cc      0x3c8 CMakeFiles/crc_test.dir/Drivers/STM32F4xx_HAL_Driver/Src/stm32f4xx_hal_rcc.c.obj
                0x0800a4cc                HAL_RCC_OscConfig
 .text.HAL_RCC_MCOConfig
                0x0800a894       0xa0 CMakeFiles/crc_test.dir/Drivers/STM32F4xx_HAL_Driver/Src/stm32f4xx_hal_rcc.c.obj
                0x0800a894                HAL_RCC_MCOConfig
 .text.HAL_RCC_EnableCSS
                0x0800a934        0xc CMakeFiles/crc_test.dir/Drivers/STM32F4xx_HAL_Driver/Src/stm32f4xx_hal_rcc.c.obj
                0x0800a934                HAL_RCC_EnableCSS
 .text.HAL_RCC_DisableCSS
                0x0800a940        0xc CMakeFiles/crc_test.dir/Drivers/STM32F4xx_HAL_Driver/Src/stm32f4xx_hal_rcc.c.obj
                0x0800a940                HAL_RCC_DisableCSS
 .text.HAL_RCC_GetSysClockFreq
                0x0800a94c       0x68 CMakeFiles/crc_test.dir/Drivers/STM32F4xx_HAL_Driver/Src/stm32f4xx_hal_rcc.c.obj
                0x0800a94c                HAL_RCC_GetSysClockFreq
 .text.HAL_RCC_ClockConfig
                0x0800a9b4      0x13c CMakeFiles/crc_test.dir/Drivers/STM32F4xx_HAL_Driver/Src/stm32f4xx_hal_rcc.c.obj
                0x0800a9b4                HAL_RCC_ClockConfig
 .text.HAL_RCC_GetHCLKFreq
                0x0800aaf0        0xc CMakeFiles/crc_test.dir/Drivers/STM32F4xx_HAL_Driver/Src/stm32f4xx_hal_rcc.c.obj
                0x0800aaf0                HAL_RCC_GetHCLKFreq
 .text.HAL_RCC_GetPCLK1Freq
                0x0800aafc       0x20 CMakeFiles/crc_test.dir/Drivers/STM32F4xx_HAL_Driver/Src/stm32f4xx_hal_rcc.c.obj
                0x0800aafc                HAL_RCC_GetPCLK1Freq
 .text.HAL_RCC_GetPCLK2Freq
                0x0800ab1c       0x20 CMakeFiles/crc_test.dir/Drivers/STM32F4xx_HAL_Driver/Src/stm32f4xx_hal_rcc.c.obj
                0x0800ab1c                HAL_RCC_GetPCLK2Freq
 .text.HAL_RCC_GetOscConfig
                0x0800ab3c       0x98 CMakeFiles/crc_test.dir/Drivers/STM32F4xx_HAL_Driver/Src/stm32f4xx_hal_rcc.c.obj
                0x0800ab3c                HAL_RCC_GetOscConfig
 .text.HAL_RCC_GetClockConfig
                0x0800abd4       0x44 CMakeFiles/crc_test.dir/Drivers/STM32F4xx_HAL_Driver/Src/stm32f4xx_hal_rcc.c.obj
                0x0800abd4                HAL_RCC_GetClockConfig
 .text.HAL_RCC_CSSCallback
                0x0800ac18        0x4 CMakeFiles/crc_test.dir/Drivers/STM32F4xx_HAL_Driver/Src/stm32f4xx_hal_rcc.c.obj
                0x0800ac18                HAL_RCC_CSSCallback
 .text.HAL_RCC_NMI_IRQHandler
                0x0800ac1c       0x1c CMakeFiles/crc_test.dir/Drivers/STM32F4xx_HAL_Driver/Src/stm32f4xx_hal_rcc.c.obj
                0x0800ac1c                HAL_RCC_NMI_IRQHandler
 .text.HAL_RCCEx_PeriphCLKConfig
                0x0800ac38      0x158 CMakeFiles/crc_test.dir/Drivers/STM32F4xx_HAL_Driver/Src/stm32f4xx_hal_rcc_ex.c.obj
                0x0800ac38                HAL_RCCEx_PeriphCLKConfig
 .text.HAL_RCCEx_GetPeriphCLKConfig
                0x0800ad90       0x44 CMakeFiles/crc_test.dir/Drivers/STM32F4xx_HAL_Driver/Src/stm32f4xx_hal_rcc_ex.c.obj
                0x0800ad90                HAL_RCCEx_GetPeriphCLKConfig
 .text.HAL_RCCEx_GetPeriphCLKFreq
                0x0800add4       0x58 CMakeFiles/crc_test.dir/Drivers/STM32F4xx_HAL_Driver/Src/stm32f4xx_hal_rcc_ex.c.obj
                0x0800add4                HAL_RCCEx_GetPeriphCLKFreq
 .text.HAL_RCCEx_SelectLSEMode
                0x0800ae2c       0x18 CMakeFiles/crc_test.dir/Drivers/STM32F4xx_HAL_Driver/Src/stm32f4xx_hal_rcc_ex.c.obj
                0x0800ae2c                HAL_RCCEx_SelectLSEMode
 .text.HAL_RCCEx_EnablePLLI2S
                0x0800ae44       0x68 CMakeFiles/crc_test.dir/Drivers/STM32F4xx_HAL_Driver/Src/stm32f4xx_hal_rcc_ex.c.obj
                0x0800ae44                HAL_RCCEx_EnablePLLI2S
 .text.HAL_RCCEx_DisablePLLI2S
                0x0800aeac       0x34 CMakeFiles/crc_test.dir/Drivers/STM32F4xx_HAL_Driver/Src/stm32f4xx_hal_rcc_ex.c.obj
                0x0800aeac                HAL_RCCEx_DisablePLLI2S
 .text.HAL_RCC_DeInit
                0x0800aee0      0x124 CMakeFiles/crc_test.dir/Drivers/STM32F4xx_HAL_Driver/Src/stm32f4xx_hal_rcc_ex.c.obj
                0x0800aee0                HAL_RCC_DeInit
 .text.FLASH_SetErrorCode
                0x0800b004       0x90 CMakeFiles/crc_test.dir/Drivers/STM32F4xx_HAL_Driver/Src/stm32f4xx_hal_flash.c.obj
 .text.HAL_FLASH_Program_IT
                0x0800b094       0xb8 CMakeFiles/crc_test.dir/Drivers/STM32F4xx_HAL_Driver/Src/stm32f4xx_hal_flash.c.obj
                0x0800b094                HAL_FLASH_Program_IT
 .text.HAL_FLASH_EndOfOperationCallback
                0x0800b14c        0x4 CMakeFiles/crc_test.dir/Drivers/STM32F4xx_HAL_Driver/Src/stm32f4xx_hal_flash.c.obj
                0x0800b14c                HAL_FLASH_EndOfOperationCallback
 .text.HAL_FLASH_OperationErrorCallback
                0x0800b150        0x4 CMakeFiles/crc_test.dir/Drivers/STM32F4xx_HAL_Driver/Src/stm32f4xx_hal_flash.c.obj
                0x0800b150                HAL_FLASH_OperationErrorCallback
 .text.HAL_FLASH_IRQHandler
                0x0800b154       0xc8 CMakeFiles/crc_test.dir/Drivers/STM32F4xx_HAL_Driver/Src/stm32f4xx_hal_flash.c.obj
                0x0800b154                HAL_FLASH_IRQHandler
 .text.HAL_FLASH_Unlock
                0x0800b21c       0x28 CMakeFiles/crc_test.dir/Drivers/STM32F4xx_HAL_Driver/Src/stm32f4xx_hal_flash.c.obj
                0x0800b21c                HAL_FLASH_Unlock
 .text.HAL_FLASH_Lock
                0x0800b244       0x14 CMakeFiles/crc_test.dir/Drivers/STM32F4xx_HAL_Driver/Src/stm32f4xx_hal_flash.c.obj
                0x0800b244                HAL_FLASH_Lock
 .text.HAL_FLASH_OB_Unlock
                0x0800b258       0x24 CMakeFiles/crc_test.dir/Drivers/STM32F4xx_HAL_Driver/Src/stm32f4xx_hal_flash.c.obj
                0x0800b258                HAL_FLASH_OB_Unlock
 .text.HAL_FLASH_OB_Lock
                0x0800b27c       0x14 CMakeFiles/crc_test.dir/Drivers/STM32F4xx_HAL_Driver/Src/stm32f4xx_hal_flash.c.obj
                0x0800b27c                HAL_FLASH_OB_Lock
 .text.HAL_FLASH_OB_Launch
                0x0800b290       0x58 CMakeFiles/crc_test.dir/Drivers/STM32F4xx_HAL_Driver/Src/stm32f4xx_hal_flash.c.obj
                0x0800b290                HAL_FLASH_OB_Launch
 .text.HAL_FLASH_GetError
                0x0800b2e8        0xc CMakeFiles/crc_test.dir/Drivers/STM32F4xx_HAL_Driver/Src/stm32f4xx_hal_flash.c.obj
                0x0800b2e8                HAL_FLASH_GetError
 .text.FLASH_WaitForLastOperation
                0x0800b2f4       0x54 CMakeFiles/crc_test.dir/Drivers/STM32F4xx_HAL_Driver/Src/stm32f4xx_hal_flash.c.obj
                0x0800b2f4                FLASH_WaitForLastOperation
 .text.HAL_FLASH_Program
                0x0800b348       0xd0 CMakeFiles/crc_test.dir/Drivers/STM32F4xx_HAL_Driver/Src/stm32f4xx_hal_flash.c.obj
                0x0800b348                HAL_FLASH_Program
 .text.HAL_FLASHEx_OBProgram
                0x0800b418       0xc0 CMakeFiles/crc_test.dir/Drivers/STM32F4xx_HAL_Driver/Src/stm32f4xx_hal_flash_ex.c.obj
                0x0800b418                HAL_FLASHEx_OBProgram
 .text.HAL_FLASHEx_OBGetConfig
                0x0800b4d8       0x38 CMakeFiles/crc_test.dir/Drivers/STM32F4xx_HAL_Driver/Src/stm32f4xx_hal_flash_ex.c.obj
                0x0800b4d8                HAL_FLASHEx_OBGetConfig
 .text.HAL_FLASHEx_AdvOBProgram
                0x0800b510       0x48 CMakeFiles/crc_test.dir/Drivers/STM32F4xx_HAL_Driver/Src/stm32f4xx_hal_flash_ex.c.obj
                0x0800b510                HAL_FLASHEx_AdvOBProgram
 .text.HAL_FLASHEx_AdvOBGetConfig
                0x0800b558        0xc CMakeFiles/crc_test.dir/Drivers/STM32F4xx_HAL_Driver/Src/stm32f4xx_hal_flash_ex.c.obj
                0x0800b558                HAL_FLASHEx_AdvOBGetConfig
 .text.HAL_FLASHEx_OB_SelectPCROP
                0x0800b564       0x14 CMakeFiles/crc_test.dir/Drivers/STM32F4xx_HAL_Driver/Src/stm32f4xx_hal_flash_ex.c.obj
                0x0800b564                HAL_FLASHEx_OB_SelectPCROP
 .text.HAL_FLASHEx_OB_DeSelectPCROP
                0x0800b578       0x14 CMakeFiles/crc_test.dir/Drivers/STM32F4xx_HAL_Driver/Src/stm32f4xx_hal_flash_ex.c.obj
                0x0800b578                HAL_FLASHEx_OB_DeSelectPCROP
 .text.FLASH_Erase_Sector
                0x0800b58c       0x4c CMakeFiles/crc_test.dir/Drivers/STM32F4xx_HAL_Driver/Src/stm32f4xx_hal_flash_ex.c.obj
                0x0800b58c                FLASH_Erase_Sector
 .text.HAL_FLASHEx_Erase_IT
                0x0800b5d8       0x78 CMakeFiles/crc_test.dir/Drivers/STM32F4xx_HAL_Driver/Src/stm32f4xx_hal_flash_ex.c.obj
                0x0800b5d8                HAL_FLASHEx_Erase_IT
 .text.FLASH_FlushCaches
                0x0800b650       0x58 CMakeFiles/crc_test.dir/Drivers/STM32F4xx_HAL_Driver/Src/stm32f4xx_hal_flash_ex.c.obj
                0x0800b650                FLASH_FlushCaches
 .text.HAL_FLASHEx_Erase
                0x0800b6a8       0xc4 CMakeFiles/crc_test.dir/Drivers/STM32F4xx_HAL_Driver/Src/stm32f4xx_hal_flash_ex.c.obj
                0x0800b6a8                HAL_FLASHEx_Erase
 .text.HAL_GPIO_Init
                0x0800b76c      0x1e4 CMakeFiles/crc_test.dir/Drivers/STM32F4xx_HAL_Driver/Src/stm32f4xx_hal_gpio.c.obj
                0x0800b76c                HAL_GPIO_Init
 .text.HAL_GPIO_DeInit
                0x0800b950      0x118 CMakeFiles/crc_test.dir/Drivers/STM32F4xx_HAL_Driver/Src/stm32f4xx_hal_gpio.c.obj
                0x0800b950                HAL_GPIO_DeInit
 .text.HAL_GPIO_ReadPin
                0x0800ba68        0xc CMakeFiles/crc_test.dir/Drivers/STM32F4xx_HAL_Driver/Src/stm32f4xx_hal_gpio.c.obj
                0x0800ba68                HAL_GPIO_ReadPin
 .text.HAL_GPIO_WritePin
                0x0800ba74        0x8 CMakeFiles/crc_test.dir/Drivers/STM32F4xx_HAL_Driver/Src/stm32f4xx_hal_gpio.c.obj
                0x0800ba74                HAL_GPIO_WritePin
 .text.HAL_GPIO_TogglePin
                0x0800ba7c       0x14 CMakeFiles/crc_test.dir/Drivers/STM32F4xx_HAL_Driver/Src/stm32f4xx_hal_gpio.c.obj
                0x0800ba7c                HAL_GPIO_TogglePin
 .text.HAL_GPIO_LockPin
                0x0800ba90       0x2c CMakeFiles/crc_test.dir/Drivers/STM32F4xx_HAL_Driver/Src/stm32f4xx_hal_gpio.c.obj
                0x0800ba90                HAL_GPIO_LockPin
 .text.HAL_GPIO_EXTI_Callback
                0x0800babc        0x4 CMakeFiles/crc_test.dir/Drivers/STM32F4xx_HAL_Driver/Src/stm32f4xx_hal_gpio.c.obj
                0x0800babc                HAL_GPIO_EXTI_Callback
 .text.HAL_GPIO_EXTI_IRQHandler
                0x0800bac0       0x18 CMakeFiles/crc_test.dir/Drivers/STM32F4xx_HAL_Driver/Src/stm32f4xx_hal_gpio.c.obj
                0x0800bac0                HAL_GPIO_EXTI_IRQHandler
 .text.HAL_DMAEx_MultiBufferStart
                0x0800bad8       0x64 CMakeFiles/crc_test.dir/Drivers/STM32F4xx_HAL_Driver/Src/stm32f4xx_hal_dma_ex.c.obj
                0x0800bad8                HAL_DMAEx_MultiBufferStart
 .text.HAL_DMAEx_MultiBufferStart_IT
                0x0800bb3c      0x47c CMakeFiles/crc_test.dir/Drivers/STM32F4xx_HAL_Driver/Src/stm32f4xx_hal_dma_ex.c.obj
                0x0800bb3c                HAL_DMAEx_MultiBufferStart_IT
 .text.HAL_DMAEx_ChangeMemory
                0x0800bfb8       0x10 CMakeFiles/crc_test.dir/Drivers/STM32F4xx_HAL_Driver/Src/stm32f4xx_hal_dma_ex.c.obj
                0x0800bfb8                HAL_DMAEx_ChangeMemory
 .text.HAL_DMA_Init
                0x0800bfc8      0x130 CMakeFiles/crc_test.dir/Drivers/STM32F4xx_HAL_Driver/Src/stm32f4xx_hal_dma.c.obj
                0x0800bfc8                HAL_DMA_Init
 .text.HAL_DMA_DeInit
                0x0800c0f8       0x80 CMakeFiles/crc_test.dir/Drivers/STM32F4xx_HAL_Driver/Src/stm32f4xx_hal_dma.c.obj
                0x0800c0f8                HAL_DMA_DeInit
 .text.HAL_DMA_Start
                0x0800c178       0x5c CMakeFiles/crc_test.dir/Drivers/STM32F4xx_HAL_Driver/Src/stm32f4xx_hal_dma.c.obj
                0x0800c178                HAL_DMA_Start
 .text.HAL_DMA_Start_IT
                0x0800c1d4       0x80 CMakeFiles/crc_test.dir/Drivers/STM32F4xx_HAL_Driver/Src/stm32f4xx_hal_dma.c.obj
                0x0800c1d4                HAL_DMA_Start_IT
 .text.HAL_DMA_Abort
                0x0800c254       0x90 CMakeFiles/crc_test.dir/Drivers/STM32F4xx_HAL_Driver/Src/stm32f4xx_hal_dma.c.obj
                0x0800c254                HAL_DMA_Abort
 .text.HAL_DMA_Abort_IT
                0x0800c2e4       0x24 CMakeFiles/crc_test.dir/Drivers/STM32F4xx_HAL_Driver/Src/stm32f4xx_hal_dma.c.obj
                0x0800c2e4                HAL_DMA_Abort_IT
 .text.HAL_DMA_PollForTransfer
                0x0800c308      0x13c CMakeFiles/crc_test.dir/Drivers/STM32F4xx_HAL_Driver/Src/stm32f4xx_hal_dma.c.obj
                0x0800c308                HAL_DMA_PollForTransfer
 .text.HAL_DMA_IRQHandler
                0x0800c444      0x1e0 CMakeFiles/crc_test.dir/Drivers/STM32F4xx_HAL_Driver/Src/stm32f4xx_hal_dma.c.obj
                0x0800c444                HAL_DMA_IRQHandler
 .text.HAL_DMA_RegisterCallback
                0x0800c624       0x5c CMakeFiles/crc_test.dir/Drivers/STM32F4xx_HAL_Driver/Src/stm32f4xx_hal_dma.c.obj
                0x0800c624                HAL_DMA_RegisterCallback
 .text.HAL_DMA_UnRegisterCallback
                0x0800c680       0x74 CMakeFiles/crc_test.dir/Drivers/STM32F4xx_HAL_Driver/Src/stm32f4xx_hal_dma.c.obj
                0x0800c680                HAL_DMA_UnRegisterCallback
 .text.HAL_DMA_GetState
                0x0800c6f4        0x8 CMakeFiles/crc_test.dir/Drivers/STM32F4xx_HAL_Driver/Src/stm32f4xx_hal_dma.c.obj
                0x0800c6f4                HAL_DMA_GetState
 .text.HAL_DMA_GetError
                0x0800c6fc        0x4 CMakeFiles/crc_test.dir/Drivers/STM32F4xx_HAL_Driver/Src/stm32f4xx_hal_dma.c.obj
                0x0800c6fc                HAL_DMA_GetError
 .text.HAL_PWR_DeInit
                0x0800c700       0x18 CMakeFiles/crc_test.dir/Drivers/STM32F4xx_HAL_Driver/Src/stm32f4xx_hal_pwr.c.obj
                0x0800c700                HAL_PWR_DeInit
 .text.HAL_PWR_EnableBkUpAccess
                0x0800c718       0x1c CMakeFiles/crc_test.dir/Drivers/STM32F4xx_HAL_Driver/Src/stm32f4xx_hal_pwr.c.obj
                0x0800c718                HAL_PWR_EnableBkUpAccess
 .text.HAL_PWR_DisableBkUpAccess
                0x0800c734       0x1c CMakeFiles/crc_test.dir/Drivers/STM32F4xx_HAL_Driver/Src/stm32f4xx_hal_pwr.c.obj
                0x0800c734                HAL_PWR_DisableBkUpAccess
 .text.HAL_PWR_ConfigPVD
                0x0800c750       0x78 CMakeFiles/crc_test.dir/Drivers/STM32F4xx_HAL_Driver/Src/stm32f4xx_hal_pwr.c.obj
                0x0800c750                HAL_PWR_ConfigPVD
 .text.HAL_PWR_EnablePVD
                0x0800c7c8        0xc CMakeFiles/crc_test.dir/Drivers/STM32F4xx_HAL_Driver/Src/stm32f4xx_hal_pwr.c.obj
                0x0800c7c8                HAL_PWR_EnablePVD
 .text.HAL_PWR_DisablePVD
                0x0800c7d4        0xc CMakeFiles/crc_test.dir/Drivers/STM32F4xx_HAL_Driver/Src/stm32f4xx_hal_pwr.c.obj
                0x0800c7d4                HAL_PWR_DisablePVD
 .text.HAL_PWR_EnableWakeUpPin
                0x0800c7e0       0x10 CMakeFiles/crc_test.dir/Drivers/STM32F4xx_HAL_Driver/Src/stm32f4xx_hal_pwr.c.obj
                0x0800c7e0                HAL_PWR_EnableWakeUpPin
 .text.HAL_PWR_DisableWakeUpPin
                0x0800c7f0       0x10 CMakeFiles/crc_test.dir/Drivers/STM32F4xx_HAL_Driver/Src/stm32f4xx_hal_pwr.c.obj
                0x0800c7f0                HAL_PWR_DisableWakeUpPin
 .text.HAL_PWR_EnterSLEEPMode
                0x0800c800       0x24 CMakeFiles/crc_test.dir/Drivers/STM32F4xx_HAL_Driver/Src/stm32f4xx_hal_pwr.c.obj
                0x0800c800                HAL_PWR_EnterSLEEPMode
 .text.HAL_PWR_EnterSTOPMode
                0x0800c824       0x44 CMakeFiles/crc_test.dir/Drivers/STM32F4xx_HAL_Driver/Src/stm32f4xx_hal_pwr.c.obj
                0x0800c824                HAL_PWR_EnterSTOPMode
 .text.HAL_PWR_EnterSTANDBYMode
                0x0800c868       0x20 CMakeFiles/crc_test.dir/Drivers/STM32F4xx_HAL_Driver/Src/stm32f4xx_hal_pwr.c.obj
                0x0800c868                HAL_PWR_EnterSTANDBYMode
 .text.HAL_PWR_PVDCallback
                0x0800c888        0x4 CMakeFiles/crc_test.dir/Drivers/STM32F4xx_HAL_Driver/Src/stm32f4xx_hal_pwr.c.obj
                0x0800c888                HAL_PWR_PVDCallback
 .text.HAL_PWR_PVD_IRQHandler
                0x0800c88c       0x1c CMakeFiles/crc_test.dir/Drivers/STM32F4xx_HAL_Driver/Src/stm32f4xx_hal_pwr.c.obj
                0x0800c88c                HAL_PWR_PVD_IRQHandler
 .text.HAL_PWR_EnableSleepOnExit
                0x0800c8a8       0x10 CMakeFiles/crc_test.dir/Drivers/STM32F4xx_HAL_Driver/Src/stm32f4xx_hal_pwr.c.obj
                0x0800c8a8                HAL_PWR_EnableSleepOnExit
 .text.HAL_PWR_DisableSleepOnExit
                0x0800c8b8       0x10 CMakeFiles/crc_test.dir/Drivers/STM32F4xx_HAL_Driver/Src/stm32f4xx_hal_pwr.c.obj
                0x0800c8b8                HAL_PWR_DisableSleepOnExit
 .text.HAL_PWR_EnableSEVOnPend
                0x0800c8c8       0x10 CMakeFiles/crc_test.dir/Drivers/STM32F4xx_HAL_Driver/Src/stm32f4xx_hal_pwr.c.obj
                0x0800c8c8                HAL_PWR_EnableSEVOnPend
 .text.HAL_PWR_DisableSEVOnPend
                0x0800c8d8       0x10 CMakeFiles/crc_test.dir/Drivers/STM32F4xx_HAL_Driver/Src/stm32f4xx_hal_pwr.c.obj
                0x0800c8d8                HAL_PWR_DisableSEVOnPend
 .text.HAL_PWREx_EnableBkUpReg
                0x0800c8e8       0x38 CMakeFiles/crc_test.dir/Drivers/STM32F4xx_HAL_Driver/Src/stm32f4xx_hal_pwr_ex.c.obj
                0x0800c8e8                HAL_PWREx_EnableBkUpReg
 .text.HAL_PWREx_DisableBkUpReg
                0x0800c920       0x38 CMakeFiles/crc_test.dir/Drivers/STM32F4xx_HAL_Driver/Src/stm32f4xx_hal_pwr_ex.c.obj
                0x0800c920                HAL_PWREx_DisableBkUpReg
 .text.HAL_PWREx_EnableFlashPowerDown
                0x0800c958        0xc CMakeFiles/crc_test.dir/Drivers/STM32F4xx_HAL_Driver/Src/stm32f4xx_hal_pwr_ex.c.obj
                0x0800c958                HAL_PWREx_EnableFlashPowerDown
 .text.HAL_PWREx_DisableFlashPowerDown
                0x0800c964        0xc CMakeFiles/crc_test.dir/Drivers/STM32F4xx_HAL_Driver/Src/stm32f4xx_hal_pwr_ex.c.obj
                0x0800c964                HAL_PWREx_DisableFlashPowerDown
 .text.HAL_PWREx_GetVoltageRange
                0x0800c970       0x10 CMakeFiles/crc_test.dir/Drivers/STM32F4xx_HAL_Driver/Src/stm32f4xx_hal_pwr_ex.c.obj
                0x0800c970                HAL_PWREx_GetVoltageRange
 .text.HAL_PWREx_ControlVoltageScaling
                0x0800c980       0xb8 CMakeFiles/crc_test.dir/Drivers/STM32F4xx_HAL_Driver/Src/stm32f4xx_hal_pwr_ex.c.obj
                0x0800c980                HAL_PWREx_ControlVoltageScaling
 .text.HAL_PWREx_EnableMainRegulatorLowVoltage
                0x0800ca38        0xc CMakeFiles/crc_test.dir/Drivers/STM32F4xx_HAL_Driver/Src/stm32f4xx_hal_pwr_ex.c.obj
                0x0800ca38                HAL_PWREx_EnableMainRegulatorLowVoltage
 .text.HAL_PWREx_DisableMainRegulatorLowVoltage
                0x0800ca44        0xc CMakeFiles/crc_test.dir/Drivers/STM32F4xx_HAL_Driver/Src/stm32f4xx_hal_pwr_ex.c.obj
                0x0800ca44                HAL_PWREx_DisableMainRegulatorLowVoltage
 .text.HAL_PWREx_EnableLowRegulatorLowVoltage
                0x0800ca50        0xc CMakeFiles/crc_test.dir/Drivers/STM32F4xx_HAL_Driver/Src/stm32f4xx_hal_pwr_ex.c.obj
                0x0800ca50                HAL_PWREx_EnableLowRegulatorLowVoltage
 .text.HAL_PWREx_DisableLowRegulatorLowVoltage
                0x0800ca5c        0xc CMakeFiles/crc_test.dir/Drivers/STM32F4xx_HAL_Driver/Src/stm32f4xx_hal_pwr_ex.c.obj
                0x0800ca5c                HAL_PWREx_DisableLowRegulatorLowVoltage
 .text.HAL_NVIC_SetPriorityGrouping
                0x0800ca68       0x24 CMakeFiles/crc_test.dir/Drivers/STM32F4xx_HAL_Driver/Src/stm32f4xx_hal_cortex.c.obj
                0x0800ca68                HAL_NVIC_SetPriorityGrouping
 .text.HAL_NVIC_SetPriority
                0x0800ca8c       0x7c CMakeFiles/crc_test.dir/Drivers/STM32F4xx_HAL_Driver/Src/stm32f4xx_hal_cortex.c.obj
                0x0800ca8c                HAL_NVIC_SetPriority
 .text.HAL_NVIC_EnableIRQ
                0x0800cb08       0x1c CMakeFiles/crc_test.dir/Drivers/STM32F4xx_HAL_Driver/Src/stm32f4xx_hal_cortex.c.obj
                0x0800cb08                HAL_NVIC_EnableIRQ
 .text.HAL_NVIC_DisableIRQ
                0x0800cb24       0x28 CMakeFiles/crc_test.dir/Drivers/STM32F4xx_HAL_Driver/Src/stm32f4xx_hal_cortex.c.obj
                0x0800cb24                HAL_NVIC_DisableIRQ
 .text.HAL_NVIC_SystemReset
                0x0800cb4c       0x24 CMakeFiles/crc_test.dir/Drivers/STM32F4xx_HAL_Driver/Src/stm32f4xx_hal_cortex.c.obj
                0x0800cb4c                HAL_NVIC_SystemReset
 .text.HAL_SYSTICK_Config
                0x0800cb70       0x34 CMakeFiles/crc_test.dir/Drivers/STM32F4xx_HAL_Driver/Src/stm32f4xx_hal_cortex.c.obj
                0x0800cb70                HAL_SYSTICK_Config
 .text.HAL_MPU_Disable
                0x0800cba4       0x1c CMakeFiles/crc_test.dir/Drivers/STM32F4xx_HAL_Driver/Src/stm32f4xx_hal_cortex.c.obj
                0x0800cba4                HAL_MPU_Disable
 .text.HAL_MPU_Enable
                0x0800cbc0       0x20 CMakeFiles/crc_test.dir/Drivers/STM32F4xx_HAL_Driver/Src/stm32f4xx_hal_cortex.c.obj
                0x0800cbc0                HAL_MPU_Enable
 .text.HAL_MPU_EnableRegion
                0x0800cbe0       0x18 CMakeFiles/crc_test.dir/Drivers/STM32F4xx_HAL_Driver/Src/stm32f4xx_hal_cortex.c.obj
                0x0800cbe0                HAL_MPU_EnableRegion
 .text.HAL_MPU_DisableRegion
                0x0800cbf8       0x18 CMakeFiles/crc_test.dir/Drivers/STM32F4xx_HAL_Driver/Src/stm32f4xx_hal_cortex.c.obj
                0x0800cbf8                HAL_MPU_DisableRegion
 .text.HAL_MPU_ConfigRegion
                0x0800cc10       0x60 CMakeFiles/crc_test.dir/Drivers/STM32F4xx_HAL_Driver/Src/stm32f4xx_hal_cortex.c.obj
                0x0800cc10                HAL_MPU_ConfigRegion
 .text.HAL_CORTEX_ClearEvent
                0x0800cc70        0x8 CMakeFiles/crc_test.dir/Drivers/STM32F4xx_HAL_Driver/Src/stm32f4xx_hal_cortex.c.obj
                0x0800cc70                HAL_CORTEX_ClearEvent
 .text.HAL_NVIC_GetPriorityGrouping
                0x0800cc78       0x10 CMakeFiles/crc_test.dir/Drivers/STM32F4xx_HAL_Driver/Src/stm32f4xx_hal_cortex.c.obj
                0x0800cc78                HAL_NVIC_GetPriorityGrouping
 .text.HAL_NVIC_GetPriority
                0x0800cc88       0x68 CMakeFiles/crc_test.dir/Drivers/STM32F4xx_HAL_Driver/Src/stm32f4xx_hal_cortex.c.obj
                0x0800cc88                HAL_NVIC_GetPriority
 .text.HAL_NVIC_SetPendingIRQ
                0x0800ccf0       0x20 CMakeFiles/crc_test.dir/Drivers/STM32F4xx_HAL_Driver/Src/stm32f4xx_hal_cortex.c.obj
                0x0800ccf0                HAL_NVIC_SetPendingIRQ
 .text.HAL_NVIC_GetPendingIRQ
                0x0800cd10       0x24 CMakeFiles/crc_test.dir/Drivers/STM32F4xx_HAL_Driver/Src/stm32f4xx_hal_cortex.c.obj
                0x0800cd10                HAL_NVIC_GetPendingIRQ
 .text.HAL_NVIC_ClearPendingIRQ
                0x0800cd34       0x20 CMakeFiles/crc_test.dir/Drivers/STM32F4xx_HAL_Driver/Src/stm32f4xx_hal_cortex.c.obj
                0x0800cd34                HAL_NVIC_ClearPendingIRQ
 .text.HAL_NVIC_GetActive
                0x0800cd54       0x24 CMakeFiles/crc_test.dir/Drivers/STM32F4xx_HAL_Driver/Src/stm32f4xx_hal_cortex.c.obj
                0x0800cd54                HAL_NVIC_GetActive
 .text.HAL_SYSTICK_CLKSourceConfig
                0x0800cd78       0x18 CMakeFiles/crc_test.dir/Drivers/STM32F4xx_HAL_Driver/Src/stm32f4xx_hal_cortex.c.obj
                0x0800cd78                HAL_SYSTICK_CLKSourceConfig
 .text.HAL_SYSTICK_Callback
                0x0800cd90        0x4 CMakeFiles/crc_test.dir/Drivers/STM32F4xx_HAL_Driver/Src/stm32f4xx_hal_cortex.c.obj
                0x0800cd90                HAL_SYSTICK_Callback
 .text.HAL_SYSTICK_IRQHandler
                0x0800cd94        0x8 CMakeFiles/crc_test.dir/Drivers/STM32F4xx_HAL_Driver/Src/stm32f4xx_hal_cortex.c.obj
                0x0800cd94                HAL_SYSTICK_IRQHandler
 .text.HAL_MspInit
                0x0800cd9c        0x4 CMakeFiles/crc_test.dir/Drivers/STM32F4xx_HAL_Driver/Src/stm32f4xx_hal.c.obj
 .text.HAL_MspDeInit
                0x0800cda0        0x4 CMakeFiles/crc_test.dir/Drivers/STM32F4xx_HAL_Driver/Src/stm32f4xx_hal.c.obj
                0x0800cda0                HAL_MspDeInit
 .text.HAL_DeInit
                0x0800cda4       0x40 CMakeFiles/crc_test.dir/Drivers/STM32F4xx_HAL_Driver/Src/stm32f4xx_hal.c.obj
                0x0800cda4                HAL_DeInit
 .text.HAL_InitTick
                0x0800cde4       0x48 CMakeFiles/crc_test.dir/Drivers/STM32F4xx_HAL_Driver/Src/stm32f4xx_hal.c.obj
                0x0800cde4                HAL_InitTick
 .text.HAL_Init
                0x0800ce2c       0x34 CMakeFiles/crc_test.dir/Drivers/STM32F4xx_HAL_Driver/Src/stm32f4xx_hal.c.obj
                0x0800ce2c                HAL_Init
 .text.HAL_IncTick
                0x0800ce60       0x18 CMakeFiles/crc_test.dir/Drivers/STM32F4xx_HAL_Driver/Src/stm32f4xx_hal.c.obj
                0x0800ce60                HAL_IncTick
 .text.HAL_GetTick
                0x0800ce78        0xc CMakeFiles/crc_test.dir/Drivers/STM32F4xx_HAL_Driver/Src/stm32f4xx_hal.c.obj
                0x0800ce78                HAL_GetTick
 .text.HAL_GetTickPrio
                0x0800ce84        0xc CMakeFiles/crc_test.dir/Drivers/STM32F4xx_HAL_Driver/Src/stm32f4xx_hal.c.obj
                0x0800ce84                HAL_GetTickPrio
 .text.HAL_SetTickFreq
                0x0800ce90       0x28 CMakeFiles/crc_test.dir/Drivers/STM32F4xx_HAL_Driver/Src/stm32f4xx_hal.c.obj
                0x0800ce90                HAL_SetTickFreq
 .text.HAL_GetTickFreq
                0x0800ceb8        0xc CMakeFiles/crc_test.dir/Drivers/STM32F4xx_HAL_Driver/Src/stm32f4xx_hal.c.obj
                0x0800ceb8                HAL_GetTickFreq
 .text.HAL_Delay
                0x0800cec4       0x24 CMakeFiles/crc_test.dir/Drivers/STM32F4xx_HAL_Driver/Src/stm32f4xx_hal.c.obj
                0x0800cec4                HAL_Delay
 .text.HAL_SuspendTick
                0x0800cee8       0x10 CMakeFiles/crc_test.dir/Drivers/STM32F4xx_HAL_Driver/Src/stm32f4xx_hal.c.obj
                0x0800cee8                HAL_SuspendTick
 .text.HAL_ResumeTick
                0x0800cef8       0x10 CMakeFiles/crc_test.dir/Drivers/STM32F4xx_HAL_Driver/Src/stm32f4xx_hal.c.obj
                0x0800cef8                HAL_ResumeTick
 .text.HAL_GetHalVersion
                0x0800cf08        0x8 CMakeFiles/crc_test.dir/Drivers/STM32F4xx_HAL_Driver/Src/stm32f4xx_hal.c.obj
                0x0800cf08                HAL_GetHalVersion
 .text.HAL_GetREVID
                0x0800cf10        0xc CMakeFiles/crc_test.dir/Drivers/STM32F4xx_HAL_Driver/Src/stm32f4xx_hal.c.obj
                0x0800cf10                HAL_GetREVID
 .text.HAL_GetDEVID
                0x0800cf1c       0x10 CMakeFiles/crc_test.dir/Drivers/STM32F4xx_HAL_Driver/Src/stm32f4xx_hal.c.obj
                0x0800cf1c                HAL_GetDEVID
 .text.HAL_DBGMCU_EnableDBGSleepMode
                0x0800cf2c       0x10 CMakeFiles/crc_test.dir/Drivers/STM32F4xx_HAL_Driver/Src/stm32f4xx_hal.c.obj
                0x0800cf2c                HAL_DBGMCU_EnableDBGSleepMode
 .text.HAL_DBGMCU_DisableDBGSleepMode
                0x0800cf3c       0x10 CMakeFiles/crc_test.dir/Drivers/STM32F4xx_HAL_Driver/Src/stm32f4xx_hal.c.obj
                0x0800cf3c                HAL_DBGMCU_DisableDBGSleepMode
 .text.HAL_DBGMCU_EnableDBGStopMode
                0x0800cf4c       0x10 CMakeFiles/crc_test.dir/Drivers/STM32F4xx_HAL_Driver/Src/stm32f4xx_hal.c.obj
                0x0800cf4c                HAL_DBGMCU_EnableDBGStopMode
 .text.HAL_DBGMCU_DisableDBGStopMode
                0x0800cf5c       0x10 CMakeFiles/crc_test.dir/Drivers/STM32F4xx_HAL_Driver/Src/stm32f4xx_hal.c.obj
                0x0800cf5c                HAL_DBGMCU_DisableDBGStopMode
 .text.HAL_DBGMCU_EnableDBGStandbyMode
                0x0800cf6c       0x10 CMakeFiles/crc_test.dir/Drivers/STM32F4xx_HAL_Driver/Src/stm32f4xx_hal.c.obj
                0x0800cf6c                HAL_DBGMCU_EnableDBGStandbyMode
 .text.HAL_DBGMCU_DisableDBGStandbyMode
                0x0800cf7c       0x10 CMakeFiles/crc_test.dir/Drivers/STM32F4xx_HAL_Driver/Src/stm32f4xx_hal.c.obj
                0x0800cf7c                HAL_DBGMCU_DisableDBGStandbyMode
 .text.HAL_EnableCompensationCell
                0x0800cf8c       0x10 CMakeFiles/crc_test.dir/Drivers/STM32F4xx_HAL_Driver/Src/stm32f4xx_hal.c.obj
                0x0800cf8c                HAL_EnableCompensationCell
 .text.HAL_DisableCompensationCell
                0x0800cf9c       0x10 CMakeFiles/crc_test.dir/Drivers/STM32F4xx_HAL_Driver/Src/stm32f4xx_hal.c.obj
                0x0800cf9c                HAL_DisableCompensationCell
 .text.HAL_GetUIDw0
                0x0800cfac        0xc CMakeFiles/crc_test.dir/Drivers/STM32F4xx_HAL_Driver/Src/stm32f4xx_hal.c.obj
                0x0800cfac                HAL_GetUIDw0
 .text.HAL_GetUIDw1
                0x0800cfb8        0xc CMakeFiles/crc_test.dir/Drivers/STM32F4xx_HAL_Driver/Src/stm32f4xx_hal.c.obj
                0x0800cfb8                HAL_GetUIDw1
 .text.HAL_GetUIDw2
                0x0800cfc4        0xc CMakeFiles/crc_test.dir/Drivers/STM32F4xx_HAL_Driver/Src/stm32f4xx_hal.c.obj
                0x0800cfc4                HAL_GetUIDw2
 .text.HAL_EXTI_SetConfigLine
                0x0800cfd0       0xb8 CMakeFiles/crc_test.dir/Drivers/STM32F4xx_HAL_Driver/Src/stm32f4xx_hal_exti.c.obj
                0x0800cfd0                HAL_EXTI_SetConfigLine
 .text.HAL_EXTI_GetConfigLine
                0x0800d088       0x98 CMakeFiles/crc_test.dir/Drivers/STM32F4xx_HAL_Driver/Src/stm32f4xx_hal_exti.c.obj
                0x0800d088                HAL_EXTI_GetConfigLine
 .text.HAL_EXTI_ClearConfigLine
                0x0800d120       0x74 CMakeFiles/crc_test.dir/Drivers/STM32F4xx_HAL_Driver/Src/stm32f4xx_hal_exti.c.obj
                0x0800d120                HAL_EXTI_ClearConfigLine
 .text.HAL_EXTI_RegisterCallback
                0x0800d194        0xc CMakeFiles/crc_test.dir/Drivers/STM32F4xx_HAL_Driver/Src/stm32f4xx_hal_exti.c.obj
                0x0800d194                HAL_EXTI_RegisterCallback
 .text.HAL_EXTI_GetHandle
                0x0800d1a0        0xc CMakeFiles/crc_test.dir/Drivers/STM32F4xx_HAL_Driver/Src/stm32f4xx_hal_exti.c.obj
                0x0800d1a0                HAL_EXTI_GetHandle
 .text.HAL_EXTI_IRQHandler
                0x0800d1ac       0x2c CMakeFiles/crc_test.dir/Drivers/STM32F4xx_HAL_Driver/Src/stm32f4xx_hal_exti.c.obj
                0x0800d1ac                HAL_EXTI_IRQHandler
 .text.HAL_EXTI_GetPending
                0x0800d1d8       0x1c CMakeFiles/crc_test.dir/Drivers/STM32F4xx_HAL_Driver/Src/stm32f4xx_hal_exti.c.obj
                0x0800d1d8                HAL_EXTI_GetPending
 .text.HAL_EXTI_ClearPending
                0x0800d1f4       0x14 CMakeFiles/crc_test.dir/Drivers/STM32F4xx_HAL_Driver/Src/stm32f4xx_hal_exti.c.obj
                0x0800d1f4                HAL_EXTI_ClearPending
 .text.HAL_EXTI_GenerateSWI
                0x0800d208       0x14 CMakeFiles/crc_test.dir/Drivers/STM32F4xx_HAL_Driver/Src/stm32f4xx_hal_exti.c.obj
                0x0800d208                HAL_EXTI_GenerateSWI
 .text.UART_EndRxTransfer
                0x0800d21c       0x60 CMakeFiles/crc_test.dir/Drivers/STM32F4xx_HAL_Driver/Src/stm32f4xx_hal_uart.c.obj
 .text.UART_SetConfig
                0x0800d27c       0xe0 CMakeFiles/crc_test.dir/Drivers/STM32F4xx_HAL_Driver/Src/stm32f4xx_hal_uart.c.obj
 .text.HAL_UART_MspInit
                0x0800d35c        0x4 CMakeFiles/crc_test.dir/Drivers/STM32F4xx_HAL_Driver/Src/stm32f4xx_hal_uart.c.obj
 .text.HAL_UART_Init
                0x0800d360       0x64 CMakeFiles/crc_test.dir/Drivers/STM32F4xx_HAL_Driver/Src/stm32f4xx_hal_uart.c.obj
                0x0800d360                HAL_UART_Init
 .text.HAL_HalfDuplex_Init
                0x0800d3c4       0x70 CMakeFiles/crc_test.dir/Drivers/STM32F4xx_HAL_Driver/Src/stm32f4xx_hal_uart.c.obj
                0x0800d3c4                HAL_HalfDuplex_Init
 .text.HAL_LIN_Init
                0x0800d434       0x7c CMakeFiles/crc_test.dir/Drivers/STM32F4xx_HAL_Driver/Src/stm32f4xx_hal_uart.c.obj
                0x0800d434                HAL_LIN_Init
 .text.HAL_MultiProcessor_Init
                0x0800d4b0       0x88 CMakeFiles/crc_test.dir/Drivers/STM32F4xx_HAL_Driver/Src/stm32f4xx_hal_uart.c.obj
                0x0800d4b0                HAL_MultiProcessor_Init
 .text.HAL_UART_MspDeInit
                0x0800d538        0x4 CMakeFiles/crc_test.dir/Drivers/STM32F4xx_HAL_Driver/Src/stm32f4xx_hal_uart.c.obj
 .text.HAL_UART_DeInit
                0x0800d53c       0x38 CMakeFiles/crc_test.dir/Drivers/STM32F4xx_HAL_Driver/Src/stm32f4xx_hal_uart.c.obj
                0x0800d53c                HAL_UART_DeInit
 .text.HAL_UART_Transmit
                0x0800d574       0xd8 CMakeFiles/crc_test.dir/Drivers/STM32F4xx_HAL_Driver/Src/stm32f4xx_hal_uart.c.obj
                0x0800d574                HAL_UART_Transmit
 .text.HAL_UART_Receive
                0x0800d64c      0x104 CMakeFiles/crc_test.dir/Drivers/STM32F4xx_HAL_Driver/Src/stm32f4xx_hal_uart.c.obj
                0x0800d64c                HAL_UART_Receive
 .text.HAL_UART_Transmit_IT
                0x0800d750       0x38 CMakeFiles/crc_test.dir/Drivers/STM32F4xx_HAL_Driver/Src/stm32f4xx_hal_uart.c.obj
                0x0800d750                HAL_UART_Transmit_IT
 .text.HAL_UART_Receive_IT
                0x0800d788       0x4c CMakeFiles/crc_test.dir/Drivers/STM32F4xx_HAL_Driver/Src/stm32f4xx_hal_uart.c.obj
                0x0800d788                HAL_UART_Receive_IT
 .text.HAL_UART_Transmit_DMA
                0x0800d7d4       0x74 CMakeFiles/crc_test.dir/Drivers/STM32F4xx_HAL_Driver/Src/stm32f4xx_hal_uart.c.obj
                0x0800d7d4                HAL_UART_Transmit_DMA
 .text.HAL_UART_DMAPause
                0x0800d848       0x88 CMakeFiles/crc_test.dir/Drivers/STM32F4xx_HAL_Driver/Src/stm32f4xx_hal_uart.c.obj
                0x0800d848                HAL_UART_DMAPause
 .text.HAL_UART_DMAResume
                0x0800d8d0       0x9c CMakeFiles/crc_test.dir/Drivers/STM32F4xx_HAL_Driver/Src/stm32f4xx_hal_uart.c.obj
                0x0800d8d0                HAL_UART_DMAResume
 .text.HAL_UART_DMAStop
                0x0800d96c       0x9c CMakeFiles/crc_test.dir/Drivers/STM32F4xx_HAL_Driver/Src/stm32f4xx_hal_uart.c.obj
                0x0800d96c                HAL_UART_DMAStop
 .text.HAL_UARTEx_ReceiveToIdle
                0x0800da08      0x118 CMakeFiles/crc_test.dir/Drivers/STM32F4xx_HAL_Driver/Src/stm32f4xx_hal_uart.c.obj
                0x0800da08                HAL_UARTEx_ReceiveToIdle
 .text.HAL_UARTEx_ReceiveToIdle_IT
                0x0800db20       0x88 CMakeFiles/crc_test.dir/Drivers/STM32F4xx_HAL_Driver/Src/stm32f4xx_hal_uart.c.obj
                0x0800db20                HAL_UARTEx_ReceiveToIdle_IT
 .text.HAL_UARTEx_GetRxEventType
                0x0800dba8        0x4 CMakeFiles/crc_test.dir/Drivers/STM32F4xx_HAL_Driver/Src/stm32f4xx_hal_uart.c.obj
                0x0800dba8                HAL_UARTEx_GetRxEventType
 .text.HAL_UART_Abort
                0x0800dbac       0xe8 CMakeFiles/crc_test.dir/Drivers/STM32F4xx_HAL_Driver/Src/stm32f4xx_hal_uart.c.obj
                0x0800dbac                HAL_UART_Abort
 .text.HAL_UART_AbortTransmit
                0x0800dc94       0x6c CMakeFiles/crc_test.dir/Drivers/STM32F4xx_HAL_Driver/Src/stm32f4xx_hal_uart.c.obj
                0x0800dc94                HAL_UART_AbortTransmit
 .text.HAL_UART_AbortReceive
                0x0800dd00       0xa8 CMakeFiles/crc_test.dir/Drivers/STM32F4xx_HAL_Driver/Src/stm32f4xx_hal_uart.c.obj
                0x0800dd00                HAL_UART_AbortReceive
 .text.HAL_UART_TxCpltCallback
                0x0800dda8        0x4 CMakeFiles/crc_test.dir/Drivers/STM32F4xx_HAL_Driver/Src/stm32f4xx_hal_uart.c.obj
                0x0800dda8                HAL_UART_TxCpltCallback
 .text.UART_DMATransmitCplt
                0x0800ddac       0x4c CMakeFiles/crc_test.dir/Drivers/STM32F4xx_HAL_Driver/Src/stm32f4xx_hal_uart.c.obj
 .text.HAL_UART_TxHalfCpltCallback
                0x0800ddf8        0x4 CMakeFiles/crc_test.dir/Drivers/STM32F4xx_HAL_Driver/Src/stm32f4xx_hal_uart.c.obj
                0x0800ddf8                HAL_UART_TxHalfCpltCallback
 .text.UART_DMATxHalfCplt
                0x0800ddfc        0xc CMakeFiles/crc_test.dir/Drivers/STM32F4xx_HAL_Driver/Src/stm32f4xx_hal_uart.c.obj
 .text.HAL_UART_RxCpltCallback
                0x0800de08        0x4 CMakeFiles/crc_test.dir/Drivers/STM32F4xx_HAL_Driver/Src/stm32f4xx_hal_uart.c.obj
                0x0800de08                HAL_UART_RxCpltCallback
 .text.HAL_UART_RxHalfCpltCallback
                0x0800de0c        0x4 CMakeFiles/crc_test.dir/Drivers/STM32F4xx_HAL_Driver/Src/stm32f4xx_hal_uart.c.obj
                0x0800de0c                HAL_UART_RxHalfCpltCallback
 .text.HAL_UART_ErrorCallback
                0x0800de10        0x4 CMakeFiles/crc_test.dir/Drivers/STM32F4xx_HAL_Driver/Src/stm32f4xx_hal_uart.c.obj
                0x0800de10                HAL_UART_ErrorCallback
 .text.UART_DMAError
                0x0800de14       0x68 CMakeFiles/crc_test.dir/Drivers/STM32F4xx_HAL_Driver/Src/stm32f4xx_hal_uart.c.obj
 .text.UART_DMAAbortOnError
                0x0800de7c       0x10 CMakeFiles/crc_test.dir/Drivers/STM32F4xx_HAL_Driver/Src/stm32f4xx_hal_uart.c.obj
 .text.HAL_UART_AbortCpltCallback
                0x0800de8c        0x4 CMakeFiles/crc_test.dir/Drivers/STM32F4xx_HAL_Driver/Src/stm32f4xx_hal_uart.c.obj
                0x0800de8c                HAL_UART_AbortCpltCallback
 .text.HAL_UART_Abort_IT
                0x0800de90      0x118 CMakeFiles/crc_test.dir/Drivers/STM32F4xx_HAL_Driver/Src/stm32f4xx_hal_uart.c.obj
                0x0800de90                HAL_UART_Abort_IT
 .text.UART_DMARxAbortCallback
                0x0800dfa8       0x30 CMakeFiles/crc_test.dir/Drivers/STM32F4xx_HAL_Driver/Src/stm32f4xx_hal_uart.c.obj
 .text.UART_DMATxAbortCallback
                0x0800dfd8       0x30 CMakeFiles/crc_test.dir/Drivers/STM32F4xx_HAL_Driver/Src/stm32f4xx_hal_uart.c.obj
 .text.HAL_UART_AbortTransmitCpltCallback
                0x0800e008        0x4 CMakeFiles/crc_test.dir/Drivers/STM32F4xx_HAL_Driver/Src/stm32f4xx_hal_uart.c.obj
                0x0800e008                HAL_UART_AbortTransmitCpltCallback
 .text.HAL_UART_AbortTransmit_IT
                0x0800e00c       0x80 CMakeFiles/crc_test.dir/Drivers/STM32F4xx_HAL_Driver/Src/stm32f4xx_hal_uart.c.obj
                0x0800e00c                HAL_UART_AbortTransmit_IT
 .text.UART_DMATxOnlyAbortCallback
                0x0800e08c       0x14 CMakeFiles/crc_test.dir/Drivers/STM32F4xx_HAL_Driver/Src/stm32f4xx_hal_uart.c.obj
 .text.HAL_UART_AbortReceiveCpltCallback
                0x0800e0a0        0x4 CMakeFiles/crc_test.dir/Drivers/STM32F4xx_HAL_Driver/Src/stm32f4xx_hal_uart.c.obj
                0x0800e0a0                HAL_UART_AbortReceiveCpltCallback
 .text.HAL_UART_AbortReceive_IT
                0x0800e0a4       0xbc CMakeFiles/crc_test.dir/Drivers/STM32F4xx_HAL_Driver/Src/stm32f4xx_hal_uart.c.obj
                0x0800e0a4                HAL_UART_AbortReceive_IT
 .text.UART_DMARxOnlyAbortCallback
                0x0800e160       0x18 CMakeFiles/crc_test.dir/Drivers/STM32F4xx_HAL_Driver/Src/stm32f4xx_hal_uart.c.obj
 .text.HAL_UARTEx_RxEventCallback
                0x0800e178        0x4 CMakeFiles/crc_test.dir/Drivers/STM32F4xx_HAL_Driver/Src/stm32f4xx_hal_uart.c.obj
                0x0800e178                HAL_UARTEx_RxEventCallback
 .text.UART_DMARxHalfCplt
                0x0800e17c       0x20 CMakeFiles/crc_test.dir/Drivers/STM32F4xx_HAL_Driver/Src/stm32f4xx_hal_uart.c.obj
 .text.UART_DMAReceiveCplt
                0x0800e19c       0x98 CMakeFiles/crc_test.dir/Drivers/STM32F4xx_HAL_Driver/Src/stm32f4xx_hal_uart.c.obj
 .text.UART_Receive_IT.part.0.isra.0
                0x0800e234       0xcc CMakeFiles/crc_test.dir/Drivers/STM32F4xx_HAL_Driver/Src/stm32f4xx_hal_uart.c.obj
 .text.HAL_UART_IRQHandler
                0x0800e300      0x2d0 CMakeFiles/crc_test.dir/Drivers/STM32F4xx_HAL_Driver/Src/stm32f4xx_hal_uart.c.obj
                0x0800e300                HAL_UART_IRQHandler
 .text.HAL_LIN_SendBreak
                0x0800e5d0       0x40 CMakeFiles/crc_test.dir/Drivers/STM32F4xx_HAL_Driver/Src/stm32f4xx_hal_uart.c.obj
                0x0800e5d0                HAL_LIN_SendBreak
 .text.HAL_MultiProcessor_EnterMuteMode
                0x0800e610       0x44 CMakeFiles/crc_test.dir/Drivers/STM32F4xx_HAL_Driver/Src/stm32f4xx_hal_uart.c.obj
                0x0800e610                HAL_MultiProcessor_EnterMuteMode
 .text.HAL_MultiProcessor_ExitMuteMode
                0x0800e654       0x44 CMakeFiles/crc_test.dir/Drivers/STM32F4xx_HAL_Driver/Src/stm32f4xx_hal_uart.c.obj
                0x0800e654                HAL_MultiProcessor_ExitMuteMode
 .text.HAL_HalfDuplex_EnableTransmitter
                0x0800e698       0x34 CMakeFiles/crc_test.dir/Drivers/STM32F4xx_HAL_Driver/Src/stm32f4xx_hal_uart.c.obj
                0x0800e698                HAL_HalfDuplex_EnableTransmitter
 .text.HAL_HalfDuplex_EnableReceiver
                0x0800e6cc       0x34 CMakeFiles/crc_test.dir/Drivers/STM32F4xx_HAL_Driver/Src/stm32f4xx_hal_uart.c.obj
                0x0800e6cc                HAL_HalfDuplex_EnableReceiver
 .text.HAL_UART_GetState
                0x0800e700        0xc CMakeFiles/crc_test.dir/Drivers/STM32F4xx_HAL_Driver/Src/stm32f4xx_hal_uart.c.obj
                0x0800e700                HAL_UART_GetState
 .text.HAL_UART_GetError
                0x0800e70c        0x4 CMakeFiles/crc_test.dir/Drivers/STM32F4xx_HAL_Driver/Src/stm32f4xx_hal_uart.c.obj
                0x0800e70c                HAL_UART_GetError
 .text.UART_Start_Receive_IT
                0x0800e710       0x3c CMakeFiles/crc_test.dir/Drivers/STM32F4xx_HAL_Driver/Src/stm32f4xx_hal_uart.c.obj
                0x0800e710                UART_Start_Receive_IT
 .text.UART_Start_Receive_DMA
                0x0800e74c       0x9c CMakeFiles/crc_test.dir/Drivers/STM32F4xx_HAL_Driver/Src/stm32f4xx_hal_uart.c.obj
                0x0800e74c                UART_Start_Receive_DMA
 .text.HAL_UART_Receive_DMA
                0x0800e7e8       0x24 CMakeFiles/crc_test.dir/Drivers/STM32F4xx_HAL_Driver/Src/stm32f4xx_hal_uart.c.obj
                0x0800e7e8                HAL_UART_Receive_DMA
 .text.HAL_UARTEx_ReceiveToIdle_DMA
                0x0800e80c       0x60 CMakeFiles/crc_test.dir/Drivers/STM32F4xx_HAL_Driver/Src/stm32f4xx_hal_uart.c.obj
                0x0800e80c                HAL_UARTEx_ReceiveToIdle_DMA
 .text.SystemInit
                0x0800e86c       0x14 CMakeFiles/crc_test.dir/Core/Src/system_stm32f4xx.c.obj
                0x0800e86c                SystemInit
 .text.SystemCoreClockUpdate
                0x0800e880       0x70 CMakeFiles/crc_test.dir/Core/Src/system_stm32f4xx.c.obj